 ErdMond_sfun

 Timestamp is 50a61bc9 (Fri Nov 16 11:56:09 2012)

 Preferred load address is 0000000180000000

 Start         Length     Name                   Class
 0001:00000000 00043a44H .text                   CODE
 0001:00043a50 00000092H .text$x                 CODE
 0002:00000000 000004b8H .idata$5                DATA
 0002:000004b8 00000008H .CRT$XCA                DATA
 0002:000004c0 00000008H .CRT$XCZ                DATA
 0002:000004c8 00000008H .CRT$XIA                DATA
 0002:000004d0 00000008H .CRT$XIAA               DATA
 0002:000004d8 00000008H .CRT$XIZ                DATA
 0002:000004e0 00004bdcH .rdata                  DATA
 0002:000050c0 00000008H .rtc$IAA                DATA
 0002:000050c8 00000008H .rtc$IZZ                DATA
 0002:000050d0 00000008H .rtc$TAA                DATA
 0002:000050d8 00000008H .rtc$TZZ                DATA
 0002:000050e0 000041d4H .xdata                  DATA
 0002:000092b4 000000a0H .idata$2                DATA
 0002:00009354 00000014H .idata$3                DATA
 0002:00009368 000004b8H .idata$4                DATA
 0002:00009820 00000afeH .idata$6                DATA
 0002:0000a320 00000052H .edata                  DATA
 0003:00000000 000076f8H .data                   DATA
 0003:00007700 000026d8H .bss                    DATA
 0004:00000000 000034a4H .pdata                  DATA

  Address         Publics by Value              Rva+Base               Lib:Object

 0000:00000000       ___safe_se_handler_count   0000000000000000     <absolute>
 0000:00000000       ___safe_se_handler_table   0000000000000000     <absolute>
 0000:00000000       __ImageBase                0000000180000000     <linker-defined>
 0001:00000000       sf_c1_ErdMond_get_eml_resolved_functions_info 0000000180001000 f   c1_ErdMond.obj
 0001:000018d0       sf_c1_ErdMond_get_check_sum 00000001800028d0 f   c1_ErdMond.obj
 0001:00001950       sf_c1_ErdMond_get_autoinheritance_info 0000000180002950 f   c1_ErdMond.obj
 0001:00002000       sf_internal_get_sim_state_c1_ErdMond 0000000180003000 f   c1_ErdMond.obj
 0001:00002390       sf_internal_set_sim_state_c1_ErdMond 0000000180003390 f   c1_ErdMond.obj
 0001:000027f0       c1_ErdMond_method_dispatcher 00000001800037f0 f   c1_ErdMond.obj
 0001:00005590       sf_c2_ErdMond_get_eml_resolved_functions_info 0000000180006590 f   c2_ErdMond.obj
 0001:000063a0       sf_c2_ErdMond_get_check_sum 00000001800073a0 f   c2_ErdMond.obj
 0001:00006420       sf_c2_ErdMond_get_autoinheritance_info 0000000180007420 f   c2_ErdMond.obj
 0001:00006990       sf_internal_get_sim_state_c2_ErdMond 0000000180007990 f   c2_ErdMond.obj
 0001:00006d00       sf_internal_set_sim_state_c2_ErdMond 0000000180007d00 f   c2_ErdMond.obj
 0001:00007160       c2_ErdMond_method_dispatcher 0000000180008160 f   c2_ErdMond.obj
 0001:00009640       sf_c3_ErdMond_get_eml_resolved_functions_info 000000018000a640 f   c3_ErdMond.obj
 0001:0000a990       sf_c3_ErdMond_get_check_sum 000000018000b990 f   c3_ErdMond.obj
 0001:0000aa10       sf_c3_ErdMond_get_autoinheritance_info 000000018000ba10 f   c3_ErdMond.obj
 0001:0000ae30       sf_internal_get_sim_state_c3_ErdMond 000000018000be30 f   c3_ErdMond.obj
 0001:0000b1a0       sf_internal_set_sim_state_c3_ErdMond 000000018000c1a0 f   c3_ErdMond.obj
 0001:0000b600       c3_ErdMond_method_dispatcher 000000018000c600 f   c3_ErdMond.obj
 0001:0000df10       sf_c4_ErdMond_get_eml_resolved_functions_info 000000018000ef10 f   c4_ErdMond.obj
 0001:0000ed40       sf_c4_ErdMond_get_check_sum 000000018000fd40 f   c4_ErdMond.obj
 0001:0000edc0       sf_c4_ErdMond_get_autoinheritance_info 000000018000fdc0 f   c4_ErdMond.obj
 0001:0000f1e0       sf_internal_get_sim_state_c4_ErdMond 00000001800101e0 f   c4_ErdMond.obj
 0001:0000f530       sf_internal_set_sim_state_c4_ErdMond 0000000180010530 f   c4_ErdMond.obj
 0001:0000f920       c4_ErdMond_method_dispatcher 0000000180010920 f   c4_ErdMond.obj
 0001:000116a0       sf_process_check_sum_call  00000001800126a0 f   ErdMond_sfun_registry.obj
 0001:000116f0       sf_process_autoinheritance_call 00000001800126f0 f   ErdMond_sfun_registry.obj
 0001:00011890       sf_process_get_eml_resolved_functions_info_call 0000000180012890 f   ErdMond_sfun_registry.obj
 0001:00011a10       sf_mex_unlock_call         0000000180012a10 f   ErdMond_sfun_registry.obj
 0001:00011ac0       sf_machine_global_initializer_called 0000000180012ac0 f   ErdMond_sfun_registry.obj
 0001:00011af0       sf_machine_global_method_dispatcher 0000000180012af0 f   ErdMond_sfun_registry.obj
 0001:00011b50       sf_machine_global_terminator 0000000180012b50 f   ErdMond_sfun_registry.obj
 0001:00011b90       sf_register_machine_exported_symbols 0000000180012b90 f   ErdMond_sfun_registry.obj
 0001:00011bb0       callCustomFcn              0000000180012bb0 f   ErdMond_sfun_registry.obj
 0001:00011bc0       sf_machine_global_initializer 0000000180012bc0 f   ErdMond_sfun_registry.obj
 0001:00011c30       _ssSetStateAbsTol          0000000180012c30 f   ErdMond_sfun_registry.obj
 0001:00011d10       _ssGetAbsTol               0000000180012d10 f   ErdMond_sfun_registry.obj
 0001:00011d80       _ssSetInputPortMatrixDimensions 0000000180012d80 f   ErdMond_sfun_registry.obj
 0001:00011e90       _ssSetOutputPortMatrixDimensions 0000000180012e90 f   ErdMond_sfun_registry.obj
 0001:00011fa0       _ssSetInputPortVectorDimension 0000000180012fa0 f   ErdMond_sfun_registry.obj
 0001:00012070       _ssSetOutputPortVectorDimension 0000000180013070 f   ErdMond_sfun_registry.obj
 0001:00012140       ssIsRunTimeParamTunable    0000000180013140 f   ErdMond_sfun_registry.obj
 0001:000121b0       ssGetSFuncBlockHandle      00000001800131b0 f   ErdMond_sfun_registry.obj
 0001:00012220       _ssGetCurrentInputPortWidth 0000000180013220 f   ErdMond_sfun_registry.obj
 0001:00012340       _ssGetCurrentOutputPortWidth 0000000180013340 f   ErdMond_sfun_registry.obj
 0001:00012460       _ssGetCallSystemNumFcnCallDestinations 0000000180013460 f   ErdMond_sfun_registry.obj
 0001:000124d0       ssWarning                  00000001800134d0 f   ErdMond_sfun_registry.obj
 0001:000125e0       ssGetIsZeroCrossControlDisabled 00000001800135e0 f   ErdMond_sfun_registry.obj
 0001:00012650       ssSetIsInputPortUsedForContZcSignal 0000000180013650 f   ErdMond_sfun_registry.obj
 0001:000126c0       ssSetZcSignalIsZcElementDisc 00000001800136c0 f   ErdMond_sfun_registry.obj
 0001:00012770       ssSetZcSignalName          0000000180013770 f   ErdMond_sfun_registry.obj
 0001:000127e0       ssSetZcSignalWidth         00000001800137e0 f   ErdMond_sfun_registry.obj
 0001:00012850       ssSetZcSignalZcEventType   0000000180013850 f   ErdMond_sfun_registry.obj
 0001:000128c0       ssSetZcSignalType          00000001800138c0 f   ErdMond_sfun_registry.obj
 0001:00012930       ssSetZcSignalZcTol         0000000180013930 f   ErdMond_sfun_registry.obj
 0001:000129a0       ssSetZcSignalNeedsEventNotification 00000001800139a0 f   ErdMond_sfun_registry.obj
 0001:00012a10       ssCreateAndAddZcSignalInfo 0000000180013a10 f   ErdMond_sfun_registry.obj
 0001:00012a80       ssCloneAndAddZcSignalInfo  0000000180013a80 f   ErdMond_sfun_registry.obj
 0001:00012af0       ssGetNumZcSignals          0000000180013af0 f   ErdMond_sfun_registry.obj
 0001:00012b60       ssGetZcSignalVector        0000000180013b60 f   ErdMond_sfun_registry.obj
 0001:00012bd0       ssGetZcSignalZcEvents      0000000180013bd0 f   ErdMond_sfun_registry.obj
 0001:00012c40       ssGetZcSignalName          0000000180013c40 f   ErdMond_sfun_registry.obj
 0001:00012cb0       ssGetZcSignalWidth         0000000180013cb0 f   ErdMond_sfun_registry.obj
 0001:00012d20       ssGetZcSignalZcEventType   0000000180013d20 f   ErdMond_sfun_registry.obj
 0001:00012d90       ssGetZcSignalType          0000000180013d90 f   ErdMond_sfun_registry.obj
 0001:00012e00       ssGetZcSignalZcTol         0000000180013e00 f   ErdMond_sfun_registry.obj
 0001:00012e80       ssGetZcSignalNeedsEventNotification 0000000180013e80 f   ErdMond_sfun_registry.obj
 0001:00012ef0       ssGetZcSignalIsZcElementDisc 0000000180013ef0 f   ErdMond_sfun_registry.obj
 0001:00012f90       ssGetIsInputPortElementContinuous 0000000180013f90 f   ErdMond_sfun_registry.obj
 0001:00013030       _ssGetInputPortSignalPtrsFcn 0000000180014030 f   ErdMond_sfun_registry.obj
 0001:000132f0       _ssGetInputPortSignalFcn   00000001800142f0 f   ErdMond_sfun_registry.obj
 0001:00013510       _ssSetInputPortDirectFeedThroughFcn 0000000180014510 f   ErdMond_sfun_registry.obj
 0001:00013670       _ssSetInputPortReusableFcn 0000000180014670 f   ErdMond_sfun_registry.obj
 0001:00013760       _ssSetOutputPortReusableFcn 0000000180014760 f   ErdMond_sfun_registry.obj
 0001:00013840       ssGetDTypeIdFromMxArray    0000000180014840 f   ErdMond_sfun_registry.obj
 0001:00013960       ssWriteRTWStr              0000000180014960 f   ErdMond_sfun_registry.obj
 0001:000139c0       ssWriteRTWMxVectParam      00000001800149c0 f   ErdMond_sfun_registry.obj
 0001:00013a20       ssWriteRTWMx2dMatParam     0000000180014a20 f   ErdMond_sfun_registry.obj
 0001:00013aa0       ssWriteRTWNameValuePair    0000000180014aa0 f   ErdMond_sfun_registry.obj
 0001:00013f90       ssWriteRTWParameters       0000000180014f90 f   ErdMond_sfun_registry.obj
 0001:00014590       ssWriteRTWParamSettings    0000000180015590 f   ErdMond_sfun_registry.obj
 0001:00014c60       ssWriteRTWWorkVect         0000000180015c60 f   ErdMond_sfun_registry.obj
 0001:00015160       mexFunction                0000000180016160 f   ErdMond_sfun_registry.obj
 0001:00016da0       ProcessMexSfunctionEveryCall 0000000180017da0 f   ErdMond_sfun_registry.obj
 0001:00016f10       ErdMond_initializer        0000000180017f10 f   ErdMond_sfun.obj
 0001:00016f20       ErdMond_terminator         0000000180017f20 f   ErdMond_sfun.obj
 0001:00016f30       sf_ErdMond_method_dispatcher 0000000180017f30 f   ErdMond_sfun.obj
 0001:00016fe0       sf_ErdMond_process_check_sum_call 0000000180017fe0 f   ErdMond_sfun.obj
 0001:00017430       sf_ErdMond_autoinheritance_info 0000000180018430 f   ErdMond_sfun.obj
 0001:00017690       sf_ErdMond_get_eml_resolved_functions_info 0000000180018690 f   ErdMond_sfun.obj
 0001:00017880       ErdMond_debug_initialize   0000000180018880 f   ErdMond_sfun.obj
 0001:000178f0       ErdMond_register_exported_symbols 00000001800188f0 f   ErdMond_sfun.obj
 0001:00017900       load_ErdMond_optimization_info 0000000180018900 f   ErdMond_sfun.obj
 0001:00017950       unload_ErdMond_optimization_info 0000000180018950 f   ErdMond_sfun.obj
 0001:00017a20       sf_mex_mx_is_numeric       0000000180018a20 f   sfc_mex:sfc_mex.obj
 0001:00017a60       strcmp_ignore_ws           0000000180018a60 f   sfc_mex:sfc_mex.obj
 0001:00017ba0       sf_mex_duplicatearraysafe  0000000180018ba0 f   sfc_mex:sfc_mex.obj
 0001:00017d00       sf_set_error_debugger_context_message_fcn 0000000180018d00 f   sfc_mex:sfc_mex.obj
 0001:00017d10       sf_set_debugger_matlab_error_fcn 0000000180018d10 f   sfc_mex:sfc_mex.obj
 0001:00017d40       sf_set_error_prefix_string 0000000180018d40 f   sfc_mex:sfc_mex.obj
 0001:00017d70       sf_get_error_prefix_string 0000000180018d70 f   sfc_mex:sfc_mex.obj
 0001:00017d80       sf_mex_enter_parallel_region 0000000180018d80 f   sfc_mex:sfc_mex.obj
 0001:00017d90       sf_mex_exit_parallel_region 0000000180018d90 f   sfc_mex:sfc_mex.obj
 0001:00017da0       sf_get_current_jmp_buf_ptr 0000000180018da0 f   sfc_mex:sfc_mex.obj
 0001:00017db0       sf_set_current_jmp_buf_ptr 0000000180018db0 f   sfc_mex:sfc_mex.obj
 0001:00017dc0       sf_mex_set_halt_simulation 0000000180018dc0 f   sfc_mex:sfc_mex.obj
 0001:00017dd0       sf_mex_get_halt_simulation 0000000180018dd0 f   sfc_mex:sfc_mex.obj
 0001:00017de0       sf_mex_clear_error_message 0000000180018de0 f   sfc_mex:sfc_mex.obj
 0001:00017e00       sf_mex_get_error_message_for_read 0000000180018e00 f   sfc_mex:sfc_mex.obj
 0001:00017e10       sf_mex_get_error_message_buffer_length 0000000180018e10 f   sfc_mex:sfc_mex.obj
 0001:00017ef0       sf_mex_warning_message     0000000180018ef0 f   sfc_mex:sfc_mex.obj
 0001:00017f60       sf_mex_v_errbuf_createf    0000000180018f60 f   sfc_mex:sfc_mex.obj
 0001:00017f70       sf_mex_errbuf_createf      0000000180018f70 f   sfc_mex:sfc_mex.obj
 0001:00017fa0       sf_mex_v_errbuf_catf       0000000180018fa0 f   sfc_mex:sfc_mex.obj
 0001:00017fe0       sf_mex_errbuf_catf         0000000180018fe0 f   sfc_mex:sfc_mex.obj
 0001:00018030       sf_mex_errbuf_copy         0000000180019030 f   sfc_mex:sfc_mex.obj
 0001:00018040       sf_mex_errbuf_clear        0000000180019040 f   sfc_mex:sfc_mex.obj
 0001:00018050       sf_mex_errbuf_isempty      0000000180019050 f   sfc_mex:sfc_mex.obj
 0001:00018160       sf_mex_set_error_status    0000000180019160 f   sfc_mex:sfc_mex.obj
 0001:000181b0       sf_mex_error_direct_call   00000001800191b0 f   sfc_mex:sfc_mex.obj
 0001:000181d0       sf_mex_error_message_no_long_jump 00000001800191d0 f   sfc_mex:sfc_mex.obj
 0001:000181f0       sf_mex_long_jump_on_error  00000001800191f0 f   sfc_mex:sfc_mex.obj
 0001:00018220       sf_mex_call_matlab         0000000180019220 f   sfc_mex:sfc_mex.obj
 0001:00018340       sf_mex_check_builtin       0000000180019340 f   sfc_mex:sfc_mex.obj
 0001:00018380       sf_mex_check_builtin_vs    0000000180019380 f   sfc_mex:sfc_mex.obj
 0001:000183e0       sf_mex_check_enum          00000001800193e0 f   sfc_mex:sfc_mex.obj
 0001:00018410       sf_mex_create_enum         0000000180019410 f   sfc_mex:sfc_mex.obj
 0001:00018430       sf_mex_get_enum_element    0000000180019430 f   sfc_mex:sfc_mex.obj
 0001:00018440       sf_mex_createcellarray     0000000180019440 f   sfc_mex:sfc_mex.obj
 0001:00018450       sf_mex_setcell             0000000180019450 f   sfc_mex:sfc_mex.obj
 0001:00018460       sf_mex_getcell             0000000180019460 f   sfc_mex:sfc_mex.obj
 0001:00018470       sf_mex_dup                 0000000180019470 f   sfc_mex:sfc_mex.obj
 0001:00018490       sf_mex_assign              0000000180019490 f   sfc_mex:sfc_mex.obj
 0001:00018510       sf_mex_destroy             0000000180019510 f   sfc_mex:sfc_mex.obj
 0001:00018540       mx_array_has_fi_type       0000000180019540 f   sfc_mex:sfc_mex.obj
 0001:00018570       sf_mex_convert_from_fi     0000000180019570 f   sfc_mex:sfc_mex.obj
 0001:00018620       sf_mex_convert_to_double   0000000180019620 f   sfc_mex:sfc_mex.obj
 0001:00018740       sf_mex_import_fi_vs        0000000180019740 f   sfc_mex:sfc_mex.obj
 0001:00018900       sf_matrix_matrix_index_ok  0000000180019900 f   sfc_mex:sfc_mex.obj
 0001:00018990       sf_vector_vector_index_ok  0000000180019990 f   sfc_mex:sfc_mex.obj
 0001:000189c0       ssGetCurrentInputPortDimensions_wrapper 00000001800199c0 f   sfc_mex:sfc_mex.obj
 0001:000189e0       ssGetCurrentOutputPortDimensions_wrapper 00000001800199e0 f   sfc_mex:sfc_mex.obj
 0001:00018a00       sf_mex_emlrt_context_is_debug_mode 0000000180019a00 f   sfc_mex:sfc_mex.obj
 0001:00018a10       sf_mex_emlrt_context_set_debug_mode 0000000180019a10 f   sfc_mex:sfc_mex.obj
 0001:00018a20       sf_mex_emlrtNameCapturePostProcessR2012a 0000000180019a20 f   sfc_mex:sfc_mex.obj
 0001:00018a90       sf_clear_error_manager_info 0000000180019a90 f   sfc_mex:sfc_mex.obj
 0001:00018af0       sf_mex_stop_simulation_abruptly_wo_error 0000000180019af0 f   sfc_mex:sfc_mex.obj
 0001:00018b30       sf_mex_error_message       0000000180019b30 f   sfc_mex:sfc_mex.obj
 0001:00018b90       sf_react_to_error_in_matlab_call 0000000180019b90 f   sfc_mex:sfc_mex.obj
 0001:00018bc0       sf_mex_addfield            0000000180019bc0 f   sfc_mex:sfc_mex.obj
 0001:00018c60       sf_mex_getfield            0000000180019c60 f   sfc_mex:sfc_mex.obj
 0001:00018f60       sf_mex_check_class         0000000180019f60 f   sfc_mex:sfc_mex.obj
 0001:00019000       sf_mex_is_real             000000018001a000 f   sfc_mex:sfc_mex.obj
 0001:00019470       sf_mex_decode_encoded_mx_struct_array 000000018001a470 f   sfc_mex:sfc_mex.obj
 0001:00019750       sf_mex_lw_bounds_check     000000018001a750 f   sfc_mex:sfc_mex.obj
 0001:00019780       sf_mex_lw_size_eq_check_1d 000000018001a780 f   sfc_mex:sfc_mex.obj
 0001:000197a0       sf_mex_lw_size_eq_check_nd 000000018001a7a0 f   sfc_mex:sfc_mex.obj
 0001:00019980       sf_mex_lw_dim_size_eq_check 000000018001a980 f   sfc_mex:sfc_mex.obj
 0001:000199b0       sf_mex_lw_dim_size_geq_check 000000018001a9b0 f   sfc_mex:sfc_mex.obj
 0001:000199e0       sf_mex_lw_sub_assign_size_check_nd 000000018001a9e0 f   sfc_mex:sfc_mex.obj
 0001:00019c10       sf_mex_lw_runtime_error_msgid 000000018001ac10 f   sfc_mex:sfc_mex.obj
 0001:00019d00       sf_mex_lw_matrix_matrix_index_check 000000018001ad00 f   sfc_mex:sfc_mex.obj
 0001:00019d20       sf_mex_lw_vector_vector_index_check 000000018001ad20 f   sfc_mex:sfc_mex.obj
 0001:00019d60       sf_mex_lw_for_loop_vector_check 000000018001ad60 f   sfc_mex:sfc_mex.obj
 0001:00019de0       sf_mex_lw_non_negative_check 000000018001ade0 f   sfc_mex:sfc_mex.obj
 0001:00019e20       sf_mex_overflow_error      000000018001ae20 f   sfc_mex:sfc_mex.obj
 0001:00019e30       sf_mex_dividebyzero_error  000000018001ae30 f   sfc_mex:sfc_mex.obj
 0001:00019e40       sf_mex_unsafe_enum_error   000000018001ae40 f   sfc_mex:sfc_mex.obj
 0001:00019e50       sf_emlrtErrHandler         000000018001ae50 f   sfc_mex:sfc_mex.obj
 0001:00019f30       sf_mex_size_one_check      000000018001af30 f   sfc_mex:sfc_mex.obj
 0001:00019f50       sf_mex_printf              000000018001af50 f   sfc_mex:sfc_mex.obj
 0001:0001a120       sf_mex_check_size          000000018001b120 f   sfc_mex:sfc_mex.obj
 0001:0001a3f0       sf_mex_check_struct        000000018001b3f0 f   sfc_mex:sfc_mex.obj
 0001:0001a650       sf_mex_check_struct_vs     000000018001b650 f   sfc_mex:sfc_mex.obj
 0001:0001a6e0       sf_mex_check_fi            000000018001b6e0 f   sfc_mex:sfc_mex.obj
 0001:0001a7e0       sf_mex_check_fi_vs         000000018001b7e0 f   sfc_mex:sfc_mex.obj
 0001:0001a880       sf_echo_expression         000000018001b880 f   sfc_mex:sfc_mex.obj
 0001:0001a8e0       sf_assertion_failed        000000018001b8e0 f   sfc_mex:sfc_mex.obj
 0001:0001abc0       sf_mex_evalin              000000018001bbc0 f   sfc_mex:sfc_mex.obj
 0001:0001ae30       sf_mex_export              000000018001be30 f   sfc_mex:sfc_mex.obj
 0001:0001aef0       sf_mex_get_ml_var_no_error 000000018001bef0 f   sfc_mex:sfc_mex.obj
 0001:0001b090       sf_mex_get_ml_var          000000018001c090 f   sfc_mex:sfc_mex.obj
 0001:0001b530       ml_set_element_value_in_array 000000018001c530 f   sfc_mex:sfc_mex.obj
 0001:0001cc00       sf_mex_call_impl           000000018001dc00 f   sfc_mex:sfc_mex.obj
 0001:0001d130       sf_mex_call_debug          000000018001e130 f   sfc_mex:sfc_mex.obj
 0001:0001d160       sf_mex_call                000000018001e160 f   sfc_mex:sfc_mex.obj
 0001:0001d7b0       sf_mex_createstruct        000000018001e7b0 f   sfc_mex:sfc_mex.obj
 0001:0001d8a0       sf_mex_createstructarray   000000018001e8a0 f   sfc_mex:sfc_mex.obj
 0001:0001d920       sf_mex_get_mx_datatype_from_sf_datatype 000000018001e920 f   sfc_mex:sfc_mex.obj
 0001:0001dc30       sf_mex_ml_var_sub          000000018001ec30 f   sfc_mex:sfc_mex.obj
 0001:0001de00       sf_mex_ml_var_subsasgn     000000018001ee00 f   sfc_mex:sfc_mex.obj
 0001:0001e1f0       sf_mex_sub                 000000018001f1f0 f   sfc_mex:sfc_mex.obj
 0001:0001e3f0       sf_mex_subsasgn            000000018001f3f0 f   sfc_mex:sfc_mex.obj
 0001:0001e8d0       sf_mex_create              000000018001f8d0 f   sfc_mex:sfc_mex.obj
 0001:0001f320       sf_mex_import_named        0000000180020320 f   sfc_mex:sfc_mex.obj
 0001:0001f380       sf_mex_import              0000000180020380 f   sfc_mex:sfc_mex.obj
 0001:0001f3d0       sf_mex_import_vs           00000001800203d0 f   sfc_mex:sfc_mex.obj
 0001:0001f4e0       sf_mex_lower_fixpt_mx_array 00000001800204e0 f   sfc_mex:sfc_mex.obj
 0001:0001f7d0       sf_send_message_wrapper    00000001800207d0 f   sfc_mex:sfc_sf.obj
 0001:0001f800       sf_receive_message_wrapper 0000000180020800 f   sfc_mex:sfc_sf.obj
 0001:0001f840       sf_check_out_message_wrapper 0000000180020840 f   sfc_mex:sfc_sf.obj
 0001:0001f880       sf_check_in_message_wrapper 0000000180020880 f   sfc_mex:sfc_sf.obj
 0001:0001f8c0       sf_no_message_wrapper      00000001800208c0 f   sfc_mex:sfc_sf.obj
 0001:0001fc50       sim_mode_is_rtw_gen        0000000180020c50 f   sfc_mex:sfc_sf.obj
 0001:0001fc80       sim_mode_is_external       0000000180020c80 f   sfc_mex:sfc_sf.obj
 0001:0001fc90       sim_mode_is_modelref_sim   0000000180020c90 f   sfc_mex:sfc_sf.obj
 0001:0001fcb0       mdlInitializeSizes         0000000180020cb0 f   sfc_mex:sfc_sf.obj
 0001:0001fcd0       mdlInitializeSampleTimes   0000000180020cd0 f   sfc_mex:sfc_sf.obj
 0001:0001fd10       mdlZeroCrossings           0000000180020d10 f   sfc_mex:sfc_sf.obj
 0001:0001fdf0       mdlDerivatives             0000000180020df0 f   sfc_mex:sfc_sf.obj
 0001:0001fea0       mdl_initialize_conditions_processing 0000000180020ea0 f   sfc_mex:sfc_sf.obj
 0001:0001fed0       mdlInitializeConditions    0000000180020ed0 f   sfc_mex:sfc_sf.obj
 0001:0001ff90       mdlGetSimState             0000000180020f90 f   sfc_mex:sfc_sf.obj
 0001:0001ffa0       mdlSetSimState             0000000180020fa0 f   sfc_mex:sfc_sf.obj
 0001:0001ffb0       mdl_ext_mode_exec_processing 0000000180020fb0 f   sfc_mex:sfc_sf.obj
 0001:0001ffd0       mdlExtModeExec             0000000180020fd0 f   sfc_mex:sfc_sf.obj
 0001:00020160       mdlTerminate               0000000180021160 f   sfc_mex:sfc_sf.obj
 0001:000201d0       mdlRTW                     00000001800211d0 f   sfc_mex:sfc_sf.obj
 0001:00020200       mdlSetWorkWidths           0000000180021200 f   sfc_mex:sfc_sf.obj
 0001:00020210       mdlProcessParameters       0000000180021210 f   sfc_mex:sfc_sf.obj
 0001:00020220       mdl_start_processing       0000000180021220 f   sfc_mex:sfc_sf.obj
 0001:00020260       mdlStart                   0000000180021260 f   sfc_mex:sfc_sf.obj
 0001:00020350       mdlEnable                  0000000180021350 f   sfc_mex:sfc_sf.obj
 0001:00020420       mdlDisable                 0000000180021420 f   sfc_mex:sfc_sf.obj
 0001:000204d0       sf_get_chart_instance_ptr  00000001800214d0 f   sfc_mex:sfc_sf.obj
 0001:000204f0       sf_load_rtw_optimization_info 00000001800214f0 f   sfc_mex:sfc_sf.obj
 0001:000205c0       sf_rtw_info_uint_prop      00000001800215c0 f   sfc_mex:sfc_sf.obj
 0001:00020700       sf_is_chart_inlinable      0000000180021700 f   sfc_mex:sfc_sf.obj
 0001:00020720       sf_mark_output_events_with_multiple_callers 0000000180021720 f   sfc_mex:sfc_sf.obj
 0001:000208b0       sf_mark_chart_reusable_outputs 00000001800218b0 f   sfc_mex:sfc_sf.obj
 0001:00020b10       sf_mark_chart_expressionable_inputs 0000000180021b10 f   sfc_mex:sfc_sf.obj
 0001:00020d70       sf_get_subchart_simstruct  0000000180021d70 f   sfc_mex:sfc_sf.obj
 0001:00020dc0       sf_get_fixpt_data_type_id  0000000180021dc0 f   sfc_mex:sfc_sf.obj
 0001:00020e00       sf_get_enum_data_type_id   0000000180021e00 f   sfc_mex:sfc_sf.obj
 0001:00020e40       sf_get_param_data_type_id  0000000180021e40 f   sfc_mex:sfc_sf.obj
 0001:00020e70       sf_mex_listen_for_ctrl_c_force 0000000180021e70 f   sfc_mex:sfc_sf.obj
 0001:00020f80       sf_mex_draw_now            0000000180021f80 f   sfc_mex:sfc_sf.obj
 0001:00020fc0       sf_mex_set_debugger_sim_status_listener_fcn 0000000180021fc0 f   sfc_mex:sfc_sf.obj
 0001:00020fd0       sf_mex_listen_for_ctrl_c   0000000180021fd0 f   sfc_mex:sfc_sf.obj
 0001:00021060       sf_mex_get_sfun_param      0000000180022060 f   sfc_mex:sfc_sf.obj
 0001:000210b0       sf_get_runtime_param_data  00000001800220b0 f   sfc_mex:sfc_sf.obj
 0001:000210f0       sf_call_output_fcn_call    00000001800220f0 f   sfc_mex:sfc_sf.obj
 0001:00021230       sf_call_output_fcn_enable  0000000180022230 f   sfc_mex:sfc_sf.obj
 0001:000212c0       sf_call_output_fcn_disable 00000001800222c0 f   sfc_mex:sfc_sf.obj
 0001:00021350       sf_clear_rtw_identifier    0000000180022350 f   sfc_mex:sfc_sf.obj
 0001:00021b40       sf_set_encoded_dwork_info  0000000180022b40 f   sfc_mex:sfc_sf.obj
 0001:00021b90       sf_get_dwork_info_from_mat_file 0000000180022b90 f   sfc_mex:sfc_sf.obj
 0001:00021d50       sf_set_rtw_dwork_info      0000000180022d50 f   sfc_mex:sfc_sf.obj
 0001:00021ec0       mdlOutputs                 0000000180022ec0 f   sfc_mex:sfc_sf.obj
 0001:00022060       sf_debug_disp              0000000180023060 f   sfc_debug:sfcdebug.obj
 0001:000222c0       sf_debug_data_runtime_size_mismatch_error_check 00000001800232c0 f   sfc_debug:sfcdebug.obj
 0001:00022360       sf_debug_try_loading_machine 0000000180023360 f   sfc_debug:sfcdebug.obj
 0001:00022460       sf_debug_reset_current_state_configuration 0000000180023460 f   sfc_debug:sfcdebug.obj
 0001:000224f0       sf_debug_store_current_state_configuration 00000001800234f0 f   sfc_debug:sfcdebug.obj
 0001:00022580       sf_debug_restore_previous_state_configuration 0000000180023580 f   sfc_debug:sfcdebug.obj
 0001:00022610       sf_debug_restore_previous_state_configuration2 0000000180023610 f   sfc_debug:sfcdebug.obj
 0001:000226a0       sf_debug_get_event_scope   00000001800236a0 f   sfc_debug:sfcdebug.obj
 0001:00022810       use_debugger_step_animation 0000000180023810 f   sfc_debug:sfcdebug.obj
 0001:00022830       sf_debug_get_script_id     0000000180023830 f   sfc_debug:sfcdebug.obj
 0001:000228c0       sf_debug_set_script_translation 00000001800238c0 f   sfc_debug:sfcdebug.obj
 0001:00022a40       sf_debug_extract_message_post_receive_info 0000000180023a40 f   sfc_debug:sfcdebug.obj
 0001:00022b40       sf_debug_get_current_machine_id 0000000180023b40 f   sfc_debug:sfcdebug.obj
 0001:00022b60       sf_debug_get_current_optional_integer 0000000180023b60 f   sfc_debug:sfcdebug.obj
 0001:00022b70       sf_debug_get_current_machine_number 0000000180023b70 f   sfc_debug:sfcdebug.obj
 0001:00022b90       sf_debug_get_current_machine_name 0000000180023b90 f   sfc_debug:sfcdebug.obj
 0001:00022bb0       sf_debug_get_current_chart_id 0000000180023bb0 f   sfc_debug:sfcdebug.obj
 0001:00022c00       sf_debug_get_current_chart_number 0000000180023c00 f   sfc_debug:sfcdebug.obj
 0001:00022c10       sf_debug_get_current_instance_number 0000000180023c10 f   sfc_debug:sfcdebug.obj
 0001:00022c20       sf_debug_get_current_is_minor_time_step 0000000180023c20 f   sfc_debug:sfcdebug.obj
 0001:00022ca0       sf_debug_get_current_object_type 0000000180023ca0 f   sfc_debug:sfcdebug.obj
 0001:00022cb0       sf_debug_get_current_instance_handle 0000000180023cb0 f   sfc_debug:sfcdebug.obj
 0001:00022d10       sf_debug_get_current_event_type 0000000180023d10 f   sfc_debug:sfcdebug.obj
 0001:00022d20       sf_debug_get_current_object_id 0000000180023d20 f   sfc_debug:sfcdebug.obj
 0001:00022d60       sf_debug_get_current_active_event_type 0000000180023d60 f   sfc_debug:sfcdebug.obj
 0001:00022d70       sf_debug_get_current_active_event_id 0000000180023d70 f   sfc_debug:sfcdebug.obj
 0001:00022db0       sf_debug_get_current_tag_type 0000000180023db0 f   sfc_debug:sfcdebug.obj
 0001:00022dc0       sf_debug_get_current_simulation_time 0000000180023dc0 f   sfc_debug:sfcdebug.obj
 0001:00022dd0       sf_debug_get_current_coverage_percentage 0000000180023dd0 f   sfc_debug:sfcdebug.obj
 0001:00022de0       sf_debug_current_statement_context 0000000180023de0 f   sfc_debug:sfcdebug.obj
 0001:00022e70       sf_debug_get_current_statement_info 0000000180023e70 f   sfc_debug:sfcdebug.obj
 0001:00022ff0       sf_debug_terminate_instance 0000000180023ff0 f   sfc_debug:sfcdebug.obj
 0001:00023330       sf_debug_assertion_failed  0000000180024330 f   sfc_debug:sfcdebug.obj
 0001:000234e0       sf_debug_set_number_of_data_with_change_event_for_machine 00000001800244e0 f   sfc_debug:sfcdebug.obj
 0001:00023520       sf_debug_set_machine_event_thresholds 0000000180024520 f   sfc_debug:sfcdebug.obj
 0001:00023540       sf_debug_set_machine_event_scope 0000000180024540 f   sfc_debug:sfcdebug.obj
 0001:00023580       sf_debug_set_machine_data_thresholds 0000000180024580 f   sfc_debug:sfcdebug.obj
 0001:000235c0       sf_debug_set_machine_data_scope 00000001800245c0 f   sfc_debug:sfcdebug.obj
 0001:00023650       sf_debug_set_machine_data_name 0000000180024650 f   sfc_debug:sfcdebug.obj
 0001:000236f0       sf_debug_set_machine_data_size 00000001800246f0 f   sfc_debug:sfcdebug.obj
 0001:00023830       sf_debug_set_machine_data_type 0000000180024830 f   sfc_debug:sfcdebug.obj
 0001:000239a0       sf_debug_get_chart_data_number 00000001800249a0 f   sfc_debug:sfcdebug.obj
 0001:000239c0       sf_debug_get_chart_event_number 00000001800249c0 f   sfc_debug:sfcdebug.obj
 0001:000239e0       sf_debug_set_chart_state_info 00000001800249e0 f   sfc_debug:sfcdebug.obj
 0001:00023a60       sf_debug_set_chart_decomposition 0000000180024a60 f   sfc_debug:sfcdebug.obj
 0001:00023ad0       sf_debug_set_chart_substate_count 0000000180024ad0 f   sfc_debug:sfcdebug.obj
 0001:00023bb0       sf_debug_set_chart_substate_index 0000000180024bb0 f   sfc_debug:sfcdebug.obj
 0001:00023c20       sf_debug_set_chart_state_substate_count 0000000180024c20 f   sfc_debug:sfcdebug.obj
 0001:00023d30       sf_debug_set_chart_state_substate_index 0000000180024d30 f   sfc_debug:sfcdebug.obj
 0001:00023db0       sf_debug_set_number_of_data_with_change_event_for_chart 0000000180024db0 f   sfc_debug:sfcdebug.obj
 0001:00023e30       sf_debug_set_number_of_states_with_entry_event_for_chart 0000000180024e30 f   sfc_debug:sfcdebug.obj
 0001:00023ea0       sf_debug_set_number_of_states_with_exit_event_for_chart 0000000180024ea0 f   sfc_debug:sfcdebug.obj
 0001:00023f10       sf_debug_set_chart_disable_implicit_casting 0000000180024f10 f   sfc_debug:sfcdebug.obj
 0001:00023f80       sf_debug_set_chart_event_thresholds 0000000180024f80 f   sfc_debug:sfcdebug.obj
 0001:00023ff0       sf_debug_set_chart_data_compiled_props 0000000180024ff0 f   sfc_debug:sfcdebug.obj
 0001:00024340       sf_debug_set_chart_data_props 0000000180025340 f   sfc_debug:sfcdebug.obj
 0001:00024660       sf_debug_check_fi_license  0000000180025660 f   sfc_debug:sfcdebug.obj
 0001:00024850       sf_debug_symbol_scope_push 0000000180025850 f   sfc_debug:sfcdebug.obj
 0001:00024890       sf_debug_symbol_scope_push_eml 0000000180025890 f   sfc_debug:sfcdebug.obj
 0001:000248e0       sf_debug_symbol_scope_pop  00000001800258e0 f   sfc_debug:sfcdebug.obj
 0001:00024920       sf_debug_symbol_scope_add_importable 0000000180025920 f   sfc_debug:sfcdebug.obj
 0001:000249a0       sf_debug_symbol_scope_add  00000001800259a0 f   sfc_debug:sfcdebug.obj
 0001:00024a20       sf_debug_symbol_scope_add_dyn_importable 0000000180025a20 f   sfc_debug:sfcdebug.obj
 0001:00024ae0       sf_debug_symbol_scope_add_dyn 0000000180025ae0 f   sfc_debug:sfcdebug.obj
 0001:00024b10       sf_debug_symbol_scope_add_eml_importable 0000000180025b10 f   sfc_debug:sfcdebug.obj
 0001:00024b50       sf_debug_symbol_scope_add_eml 0000000180025b50 f   sfc_debug:sfcdebug.obj
 0001:00024b90       sf_debug_symbol_scope_add_eml_dyn_importable 0000000180025b90 f   sfc_debug:sfcdebug.obj
 0001:00024c00       sf_debug_symbol_scope_add_eml_dyn 0000000180025c00 f   sfc_debug:sfcdebug.obj
 0001:00024c60       sf_debug_symbol_switch     0000000180025c60 f   sfc_debug:sfcdebug.obj
 0001:00024c80       sf_debug_symbol_scope_add_verbose 0000000180025c80 f   sfc_debug:sfcdebug.obj
 0001:00024d50       sf_debug_set_machine_data_value_ptr 0000000180025d50 f   sfc_debug:sfcdebug.obj
 0001:00024d90       sf_debug_set_instance_data_value_ptr 0000000180025d90 f   sfc_debug:sfcdebug.obj
 0001:00024e50       sf_debug_unset_instance_data_value_ptr 0000000180025e50 f   sfc_debug:sfcdebug.obj
 0001:00024f00       sf_debug_set_chart_event_scope 0000000180025f00 f   sfc_debug:sfcdebug.obj
 0001:00024f80       sf_debug_set_chart_transition_coverage_maps 0000000180025f80 f   sfc_debug:sfcdebug.obj
 0001:00025090       sf_debug_set_chart_state_coverage_maps 0000000180026090 f   sfc_debug:sfcdebug.obj
 0001:00025170       sf_debug_set_instance_transition_coverage_weights 0000000180026170 f   sfc_debug:sfcdebug.obj
 0001:00025210       sf_debug_set_instance_state_coverage_weights 0000000180026210 f   sfc_debug:sfcdebug.obj
 0001:00025460       sf_debug_unload_machine    0000000180026460 f   sfc_debug:sfcdebug.obj
 0001:000254b0       sf_debug_load_machine      00000001800264b0 f   sfc_debug:sfcdebug.obj
 0001:000255b0       sf_debug_set_active_instance_in_data_dictionary 00000001800265b0 f   sfc_debug:sfcdebug.obj
 0001:00025790       sf_debug_set_active_instance 0000000180026790 f   sfc_debug:sfcdebug.obj
 0001:000258d0       sf_debug_chart_visiblity_change 00000001800268d0 f   sfc_debug:sfcdebug.obj
 0001:000259b0       sf_debug_select_chart      00000001800269b0 f   sfc_debug:sfcdebug.obj
 0001:00025a80       sf_debug_set_instance_cv_ids 0000000180026a80 f   sfc_debug:sfcdebug.obj
 0001:00025d90       sf_debug_select_charts     0000000180026d90 f   sfc_debug:sfcdebug.obj
 0001:00025ed0       sf_debug_initialized       0000000180026ed0 f   sfc_debug:sfcdebug.obj
 0001:00025ee0       sf_debug_is_uninterruptible 0000000180026ee0 f   sfc_debug:sfcdebug.obj
 0001:00025f10       sf_debug_initialize_debugger_gui 0000000180026f10 f   sfc_debug:sfcdebug.obj
 0001:00026300       sf_debug_resume            0000000180027300 f   sfc_debug:sfcdebug.obj
 0001:00026320       sf_debug_go                0000000180027320 f   sfc_debug:sfcdebug.obj
 0001:00026330       sf_debug_break             0000000180027330 f   sfc_debug:sfcdebug.obj
 0001:00026340       sf_debug_step_over         0000000180027340 f   sfc_debug:sfcdebug.obj
 0001:00026350       sf_debug_step_out          0000000180027350 f   sfc_debug:sfcdebug.obj
 0001:00026360       sf_debug_set_disable_all_breakpoints 0000000180027360 f   sfc_debug:sfcdebug.obj
 0001:00026370       sf_debug_disable_all_breakpoints_and_go 0000000180027370 f   sfc_debug:sfcdebug.obj
 0001:00026380       sf_debug_break_on_chart_entry 0000000180027380 f   sfc_debug:sfcdebug.obj
 0001:00026390       sf_debug_break_on_event_broadcast 0000000180027390 f   sfc_debug:sfcdebug.obj
 0001:000263a0       sf_debug_break_on_state_entry 00000001800273a0 f   sfc_debug:sfcdebug.obj
 0001:000263b0       sf_debug_break_between_times 00000001800273b0 f   sfc_debug:sfcdebug.obj
 0001:000263d0       sf_debug_browse_data       00000001800273d0 f   sfc_debug:sfcdebug.obj
 0001:000263f0       sf_debug_watch_data        00000001800273f0 f   sfc_debug:sfcdebug.obj
 0001:00026410       sf_debug_assign_data       0000000180027410 f   sfc_debug:sfcdebug.obj
 0001:00026430       sf_debug_whos              0000000180027430 f   sfc_debug:sfcdebug.obj
 0001:00026450       sf_debug_get_consistency_info 0000000180027450 f   sfc_debug:sfcdebug.obj
 0001:00026460       sf_debug_browse_trace      0000000180027460 f   sfc_debug:sfcdebug.obj
 0001:00026470       sf_debug_set_breakpoints   0000000180027470 f   sfc_debug:sfcdebug.obj
 0001:000265d0       sf_debug_set_eml_breakpoints 00000001800275d0 f   sfc_debug:sfcdebug.obj
 0001:00026730       sf_debug_set_script_breakpoints 0000000180027730 f   sfc_debug:sfcdebug.obj
 0001:000267b0       sf_debug_add_script_breakpoints 00000001800277b0 f   sfc_debug:sfcdebug.obj
 0001:00026820       sf_debug_clear_script_breakpoints 0000000180027820 f   sfc_debug:sfcdebug.obj
 0001:00026890       sf_debug_query_script_breakpoints 0000000180027890 f   sfc_debug:sfcdebug.obj
 0001:00026950       sf_debug_get_eml_script_id 0000000180027950 f   sfc_debug:sfcdebug.obj
 0001:000269a0       sf_debug_set_watch         00000001800279a0 f   sfc_debug:sfcdebug.obj
 0001:00026bd0       sf_debug_get_instance_handle 0000000180027bd0 f   sfc_debug:sfcdebug.obj
 0001:00026c60       sf_debug_get_active_states 0000000180027c60 f   sfc_debug:sfcdebug.obj
 0001:00026c70       sf_debug_get_animation     0000000180027c70 f   sfc_debug:sfcdebug.obj
 0001:00026c80       sf_debug_set_animation     0000000180027c80 f   sfc_debug:sfcdebug.obj
 0001:00026c90       sf_debug_animate           0000000180027c90 f   sfc_debug:sfcdebug.obj
 0001:00026cc0       sf_debug_cycle_detection_check 0000000180027cc0 f   sfc_debug:sfcdebug.obj
 0001:00026cd0       sf_debug_data_range_check  0000000180027cd0 f   sfc_debug:sfcdebug.obj
 0001:00026ce0       sf_debug_transition_conflict_check 0000000180027ce0 f   sfc_debug:sfcdebug.obj
 0001:00026cf0       sf_debug_state_consistency_check 0000000180027cf0 f   sfc_debug:sfcdebug.obj
 0001:00026d00       sf_debug_data_range_check_enabled 0000000180027d00 f   sfc_debug:sfcdebug.obj
 0001:00026d20       sf_debug_transition_conflict_check_enabled 0000000180027d20 f   sfc_debug:sfcdebug.obj
 0001:00026d40       sf_debug_transition_conflict_check_begin 0000000180027d40 f   sfc_debug:sfcdebug.obj
 0001:00026d60       sf_debug_transition_conflict_check_end 0000000180027d60 f   sfc_debug:sfcdebug.obj
 0001:00026d80       sf_debug_stop_debugging    0000000180027d80 f   sfc_debug:sfcdebug.obj
 0001:00026db0       sf_debug_is_cycle_detected 0000000180027db0 f   sfc_debug:sfcdebug.obj
 0001:00026dc0       sf_debug_is_array_bounds_detected 0000000180027dc0 f   sfc_debug:sfcdebug.obj
 0001:00026dd0       sf_debug_get_state_vectors_data_size 0000000180027dd0 f   sfc_debug:sfcdebug.obj
 0001:00026e10       sf_debug_get_state_vectors_data 0000000180027e10 f   sfc_debug:sfcdebug.obj
 0001:00026f10       sf_debug_set_state_vectors_data 0000000180027f10 f   sfc_debug:sfcdebug.obj
 0001:000271d0       sf_debug_get_script_index  00000001800281d0 f   sfc_debug:sfcdebug.obj
 0001:00027360       sf_debug_add_script        0000000180028360 f   sfc_debug:sfcdebug.obj
 0001:000274f0       cv_eval_point              00000001800284f0 f   sfc_debug:sfcdebug.obj
 0001:00027660       cv_eval_testobjective      0000000180028660 f   sfc_debug:sfcdebug.obj
 0001:00027780       sf_debug_cv_init_state     0000000180028780 f   sfc_debug:sfcdebug.obj
 0001:000278a0       sf_debug_cv_init_chart     00000001800288a0 f   sfc_debug:sfcdebug.obj
 0001:00027980       sf_debug_cv_init_trans     0000000180028980 f   sfc_debug:sfcdebug.obj
 0001:00027a80       sf_debug_cv_init_testobjectives 0000000180028a80 f   sfc_debug:sfcdebug.obj
 0001:00027c60       cv_eml_init_script         0000000180028c60 f   sfc_debug:sfcdebug.obj
 0001:00027d60       cv_eml_init_fcn            0000000180028d60 f   sfc_debug:sfcdebug.obj
 0001:00027e10       cv_eml_init_testobjective  0000000180028e10 f   sfc_debug:sfcdebug.obj
 0001:00027ee0       cv_eml_init_if             0000000180028ee0 f   sfc_debug:sfcdebug.obj
 0001:00027fb0       cv_eml_init_for            0000000180028fb0 f   sfc_debug:sfcdebug.obj
 0001:00028070       cv_eml_init_while          0000000180029070 f   sfc_debug:sfcdebug.obj
 0001:00028130       cv_eml_init_mcdc           0000000180029130 f   sfc_debug:sfcdebug.obj
 0001:00028240       cv_eml_init_switch         0000000180029240 f   sfc_debug:sfcdebug.obj
 0001:00028330       cv_eml_eval                0000000180029330 f   sfc_debug:sfcdebug.obj
 0001:00028410       sf_debug_bm_is_a_eml_breakpoint 0000000180029410 f   sfc_debug:sfcdebug.obj
 0001:00028560       sf_debug_temporal_threshold 0000000180029560 f   sfc_debug:sfcdebug.obj
 0001:000288c0       sf_debug_transition_conflict_error 00000001800298c0 f   sfc_debug:sfcdebug.obj
 0001:00028c40       sf_debug_state_inconsistency_error 0000000180029c40 f   sfc_debug:sfcdebug.obj
 0001:00028d60       sf_debug_check_for_state_inconsistency 0000000180029d60 f   sfc_debug:sfcdebug.obj
 0001:00028d90       sf_debug_cycle_detecton_error 0000000180029d90 f   sfc_debug:sfcdebug.obj
 0001:00029580       sf_debug_size_eq_check_1d  000000018002a580 f   sfc_debug:sfcdebug.obj
 0001:000295a0       sf_debug_size_eq_check_nd  000000018002a5a0 f   sfc_debug:sfcdebug.obj
 0001:00029780       sf_debug_dim_size_eq_check 000000018002a780 f   sfc_debug:sfcdebug.obj
 0001:000297b0       sf_debug_dim_size_geq_check 000000018002a7b0 f   sfc_debug:sfcdebug.obj
 0001:000297e0       sf_debug_sub_assign_size_check_nd 000000018002a7e0 f   sfc_debug:sfcdebug.obj
 0001:00029a20       sf_debug_matrix_matrix_index_check 000000018002aa20 f   sfc_debug:sfcdebug.obj
 0001:00029a50       sf_debug_vector_vector_index_check 000000018002aa50 f   sfc_debug:sfcdebug.obj
 0001:00029a80       sf_debug_for_loop_vector_check 000000018002aa80 f   sfc_debug:sfcdebug.obj
 0001:00029b00       sf_debug_runtime_error_msgid 000000018002ab00 f   sfc_debug:sfcdebug.obj
 0001:00029b90       sf_debug_data_array_bounds_error_check 000000018002ab90 f   sfc_debug:sfcdebug.obj
 0001:00029ca0       sf_debug_eml_data_array_bounds_error_check 000000018002aca0 f   sfc_debug:sfcdebug.obj
 0001:0002a180       sf_debug_integer_check     000000018002b180 f   sfc_debug:sfcdebug.obj
 0001:0002a260       sf_debug_not_nan_check     000000018002b260 f   sfc_debug:sfcdebug.obj
 0001:0002a320       sf_debug_non_negative_check 000000018002b320 f   sfc_debug:sfcdebug.obj
 0001:0002a3e0       sf_debug_overflow_detection 000000018002b3e0 f   sfc_debug:sfcdebug.obj
 0001:0002aad0       sf_debug_cast_to_real32_T  000000018002bad0 f   sfc_debug:sfcdebug.obj
 0001:0002ab90       sf_debug_cast_to_int8_T    000000018002bb90 f   sfc_debug:sfcdebug.obj
 0001:0002ac50       sf_debug_cast_to_uint8_T   000000018002bc50 f   sfc_debug:sfcdebug.obj
 0001:0002ad10       sf_debug_cast_to_int16_T   000000018002bd10 f   sfc_debug:sfcdebug.obj
 0001:0002add0       sf_debug_cast_to_uint16_T  000000018002bdd0 f   sfc_debug:sfcdebug.obj
 0001:0002ae90       sf_debug_cast_to_int32_T   000000018002be90 f   sfc_debug:sfcdebug.obj
 0001:0002af50       sf_debug_cast_to_uint32_T  000000018002bf50 f   sfc_debug:sfcdebug.obj
 0001:0002b010       sf_debug_data_range_error  000000018002c010 f   sfc_debug:sfcdebug.obj
 0001:0002b360       sf_debug_read_before_write_check 000000018002c360 f   sfc_debug:sfcdebug.obj
 0001:0002b750       sf_debug_data_range_error_wrapper_min_max 000000018002c750 f   sfc_debug:sfcdebug.obj
 0001:0002b840       sf_debug_data_range_error_wrapper_min 000000018002c840 f   sfc_debug:sfcdebug.obj
 0001:0002b920       sf_debug_data_range_error_wrapper_max 000000018002c920 f   sfc_debug:sfcdebug.obj
 0001:0002ba00       sf_debug_data_range_wrapper 000000018002ca00 f   sfc_debug:sfcdebug.obj
 0001:0002bab0       sf_debug_set_current_status_info 000000018002cab0 f   sfc_debug:sfcdebug.obj
 0001:0002be60       sf_debug_register_message_post_receive_info 000000018002ce60 f   sfc_debug:sfcdebug.obj
 0001:0002c0d0       sf_debug_call              000000018002d0d0 f   sfc_debug:sfcdebug.obj
 0001:0002cf90       sf_debug_initialize_machine 000000018002df90 f   sfc_debug:sfcdebug.obj
 0001:0002d2a0       sf_debug_initialize_chart  000000018002e2a0 f   sfc_debug:sfcdebug.obj
 0001:0002d780       sf_debug_ensure_script     000000018002e780 f   sfc_debug:sfcdebug.obj
 0001:0002d840       cv_script_init_script      000000018002e840 f   sfc_debug:sfcdebug.obj
 0001:0002d920       cv_script_init_fcn         000000018002e920 f   sfc_debug:sfcdebug.obj
 0001:0002d9d0       cv_script_init_testobjective 000000018002e9d0 f   sfc_debug:sfcdebug.obj
 0001:0002da80       cv_script_init_if          000000018002ea80 f   sfc_debug:sfcdebug.obj
 0001:0002db30       cv_script_init_for         000000018002eb30 f   sfc_debug:sfcdebug.obj
 0001:0002dbe0       cv_script_init_while       000000018002ebe0 f   sfc_debug:sfcdebug.obj
 0001:0002dc90       cv_script_init_mcdc        000000018002ec90 f   sfc_debug:sfcdebug.obj
 0001:0002dd90       cv_script_init_switch      000000018002ed90 f   sfc_debug:sfcdebug.obj
 0001:0002de70       cv_script_eval             000000018002ee70 f   sfc_debug:sfcdebug.obj
 0001:0002df50       eml_debug_line_call        000000018002ef50 f   sfc_debug:sfcdebug.obj
 0001:0002e100       sf_debug_terminate         000000018002f100 f   sfc_debug:sfcdebug.obj
 0001:0002e270       sf_debug_set_script_cv_ids 000000018002f270 f   sfc_debug:sfcdebug.obj
 0001:0002e3a0       sf_debug_api               000000018002f3a0 f   sfc_debug:sfc_api.obj
 0001:0002fb80       sf_debug_sm_terminate      0000000180030b80 f   sfc_debug:sfdb_animation.obj
 0001:0002fd40       sf_debug_reset_path_objects 0000000180030d40 f   sfc_debug:sfdb_animation.obj
 0001:0002fdc0       sf_debug_sm_reset_object_selection_status 0000000180030dc0 f   sfc_debug:sfdb_animation.obj
 0001:0002fe60       sf_debug_sm_reset_state_buffer 0000000180030e60 f   sfc_debug:sfdb_animation.obj
 0001:0002ff30       sf_debug_sm_store_state_buffer 0000000180030f30 f   sfc_debug:sfdb_animation.obj
 0001:0002ffb0       sf_debug_sm_restore_state_buffer1 0000000180030fb0 f   sfc_debug:sfdb_animation.obj
 0001:00030020       sf_debug_sm_restore_state_buffer2 0000000180031020 f   sfc_debug:sfdb_animation.obj
 0001:00030090       sf_debug_sm_chart_active   0000000180031090 f   sfc_debug:sfdb_animation.obj
 0001:000300e0       sf_debug_sm_select_active_objects 00000001800310e0 f   sfc_debug:sfdb_animation.obj
 0001:00030590       sf_debug_sm_is_chart_active 0000000180031590 f   sfc_debug:sfdb_animation.obj
 0001:000305d0       sf_debug_sm_is_state_active 00000001800315d0 f   sfc_debug:sfdb_animation.obj
 0001:00030810       sf_debug_sm_get_active_states 0000000180031810 f   sfc_debug:sfdb_animation.obj
 0001:00030dd0       sf_debug_sm_initialize_instance 0000000180031dd0 f   sfc_debug:sfdb_animation.obj
 0001:00031020       sf_debug_sm_change_object_selection_status 0000000180032020 f   sfc_debug:sfdb_animation.obj
 0001:00031310       cv_create_interface        0000000180032310 f   sfc_debug:cv_sfinterface.obj
 0001:00031670       cv_init_trans              0000000180032670 f   sfc_debug:cv_sfinterface.obj
 0001:000316c0       cv_init_testobjective      00000001800326c0 f   sfc_debug:cv_sfinterface.obj
 0001:00031700       cv_init_state              0000000180032700 f   sfc_debug:cv_sfinterface.obj
 0001:00031770       cv_init_chart              0000000180032770 f   sfc_debug:cv_sfinterface.obj
 0001:000317c0       cv_dec_update_call         00000001800327c0 f   sfc_debug:cv_sfinterface.obj
 0001:00031800       cv_cond_update_call        0000000180032800 f   sfc_debug:cv_sfinterface.obj
 0001:00031840       cv_testobjective_update_call 0000000180032840 f   sfc_debug:cv_sfinterface.obj
 0001:00031880       cv_sigrange_update         0000000180032880 f   sfc_debug:cv_sfinterface.obj
 0001:000318c0       cvsf_eml_eval              00000001800328c0 f   sfc_debug:cv_sfinterface.obj
 0001:000319a0       cvsf_eml_init_script       00000001800329a0 f   sfc_debug:cv_sfinterface.obj
 0001:00031a20       cvsf_eml_init_fcn          0000000180032a20 f   sfc_debug:cv_sfinterface.obj
 0001:00031a80       cvsf_eml_init_testobjective 0000000180032a80 f   sfc_debug:cv_sfinterface.obj
 0001:00031ae0       cvsf_eml_init_if           0000000180032ae0 f   sfc_debug:cv_sfinterface.obj
 0001:00031b40       cvsf_eml_init_for          0000000180032b40 f   sfc_debug:cv_sfinterface.obj
 0001:00031b90       cvsf_eml_init_while        0000000180032b90 f   sfc_debug:cv_sfinterface.obj
 0001:00031be0       cvsf_eml_init_mcdc         0000000180032be0 f   sfc_debug:cv_sfinterface.obj
 0001:00031c70       cvsf_eml_init_switch       0000000180032c70 f   sfc_debug:cv_sfinterface.obj
 0001:00031ce0       cvsf_script_eval           0000000180032ce0 f   sfc_debug:cv_sfinterface.obj
 0001:00031dc0       cvsf_script_init_script    0000000180032dc0 f   sfc_debug:cv_sfinterface.obj
 0001:00031e40       cvsf_script_init_fcn       0000000180032e40 f   sfc_debug:cv_sfinterface.obj
 0001:00031ea0       cvsf_script_init_testobjective 0000000180032ea0 f   sfc_debug:cv_sfinterface.obj
 0001:00031f00       cvsf_script_init_if        0000000180032f00 f   sfc_debug:cv_sfinterface.obj
 0001:00031f60       cvsf_script_init_for       0000000180032f60 f   sfc_debug:cv_sfinterface.obj
 0001:00031fb0       cvsf_script_init_while     0000000180032fb0 f   sfc_debug:cv_sfinterface.obj
 0001:00032000       cvsf_script_init_mcdc      0000000180033000 f   sfc_debug:cv_sfinterface.obj
 0001:00032090       cvsf_script_init_switch    0000000180033090 f   sfc_debug:cv_sfinterface.obj
 0001:00032100       cv_destroy_interface       0000000180033100 f   sfc_debug:cv_sfinterface.obj
 0001:00032120       cv_create_instance_objects 0000000180033120 f   sfc_debug:cv_sfinterface.obj
 0001:000325d0       cv_is_enabled              00000001800335d0 f   sfc_debug:cv_sfinterface.obj
 0001:000325e0       sf_debug_cv_initialize_script 00000001800335e0 f   sfc_debug:cv_sfinterface.obj
 0001:00032790       sf_debug_cv_initialize_instance 0000000180033790 f   sfc_debug:cv_sfinterface.obj
 0001:00032b30       sf_debug_cv_terminate_chart 0000000180033b30 f   sfc_debug:cv_sfinterface.obj
 0001:00032c70       cv_call_trans_test         0000000180033c70 f   sfc_debug:cv_sfinterface.obj
 0001:00032c80       cv_call_sub_cond_test      0000000180033c80 f   sfc_debug:cv_sfinterface.obj
 0001:00032cc0       sf_debug_st_initialize_machine 0000000180033cc0 f   sfc_debug:sfdb_data_browse.obj
 0001:00032d80       sf_debug_st_initialize_instance 0000000180033d80 f   sfc_debug:sfdb_data_browse.obj
 0001:00032fb0       sf_debug_st_terminate      0000000180033fb0 f   sfc_debug:sfdb_data_browse.obj
 0001:00033350       sf_debug_st_set_data_value_ptr_in_machine 0000000180034350 f   sfc_debug:sfdb_data_browse.obj
 0001:000333e0       sf_debug_st_set_data_value_ptr_in_instance 00000001800343e0 f   sfc_debug:sfdb_data_browse.obj
 0001:000334c0       sf_debug_st_unset_data_value_ptr_in_machine 00000001800344c0 f   sfc_debug:sfdb_data_browse.obj
 0001:00033530       sf_debug_st_unset_data_value_ptr_in_instance 0000000180034530 f   sfc_debug:sfdb_data_browse.obj
 0001:00033840       sf_debug_mx_value          0000000180034840 f   sfc_debug:sfdb_data_browse.obj
 0001:000338a0       sf_debug_mx_packed_vector  00000001800348a0 f   sfc_debug:sfdb_data_browse.obj
 0001:00033980       sf_debug_mx_uint_vector    0000000180034980 f   sfc_debug:sfdb_data_browse.obj
 0001:00033a40       sf_debug_st_get_double_value_from_void_ptr_vector 0000000180034a40 f   sfc_debug:sfdb_data_browse.obj
 0001:00034530       sf_debug_st_browse_data    0000000180035530 f   sfc_debug:sfdb_data_browse.obj
 0001:00034dc0       sf_debug_hm_initialize_instance 0000000180035dc0 f   sfc_debug:sfdb_handle_management.obj
 0001:00035340       sf_debug_hm_get_object_id  0000000180036340 f   sfc_debug:sfdb_handle_management.obj
 0001:000372b0       sf_debug_object_is_eml_function 00000001800382b0 f   sfc_debug:sfdb_handle_management.obj
 0001:00037320       sf_debug_hm_initialize_ids_in_machine 0000000180038320 f   sfc_debug:sfdb_handle_management.obj
 0001:00037490       sf_debug_hm_initialize_ids_in_chart 0000000180038490 f   sfc_debug:sfdb_handle_management.obj
 0001:000375d0       sf_debug_hm_initialize_chart 00000001800385d0 f   sfc_debug:sfdb_handle_management.obj
 0001:00037d80       sf_debug_hm_terminate      0000000180038d80 f   sfc_debug:sfdb_handle_management.obj
 0001:00037de0       sf_debug_hm_initialize_machine 0000000180038de0 f   sfc_debug:sfdb_handle_management.obj
 0001:00038590       sf_debug_ss_initialize     0000000180039590 f   sfc_debug:sfdb_symbol_scope.obj
 0001:000385b0       sf_debug_ss_terminate      00000001800395b0 f   sfc_debug:sfdb_symbol_scope.obj
 0001:00038640       sf_debug_ss_push_symbol_scope 0000000180039640 f   sfc_debug:sfdb_symbol_scope.obj
 0001:00038740       sf_debug_ss_push_symbol_scope_eml 0000000180039740 f   sfc_debug:sfdb_symbol_scope.obj
 0001:000387a0       sf_debug_ss_pop_symbol_scope 00000001800397a0 f   sfc_debug:sfdb_symbol_scope.obj
 0001:00038850       sf_debug_ss_add_symbol     0000000180039850 f   sfc_debug:sfdb_symbol_scope.obj
 0001:000389b0       sf_debug_ss_add_symbol_eml 00000001800399b0 f   sfc_debug:sfdb_symbol_scope.obj
 0001:00039690       sf_debug_ss_set_data_value 000000018003a690 f   sfc_debug:sfdb_symbol_scope.obj
 0001:00039b30       sf_debug_ss_watch_data     000000018003ab30 f   sfc_debug:sfdb_symbol_scope.obj
 0001:00039bd0       sf_debug_ss_assign_data    000000018003abd0 f   sfc_debug:sfdb_symbol_scope.obj
 0001:0003a5d0       get_data_entry_name        000000018003b5d0 f   sfc_debug:sfdb_symbol_scope.obj
 0001:0003a620       sf_debug_ss_whos           000000018003b620 f   sfc_debug:sfdb_symbol_scope.obj
 0001:0003ad30       sf_debug_cc_initialize_chart 000000018003bd30 f   sfc_debug:sfdb_coverage.obj
 0001:0003b720       sf_debug_cc_initialize_instance 000000018003c720 f   sfc_debug:sfdb_coverage.obj
 0001:0003c520       sf_debug_cc_terminate      000000018003d520 f   sfc_debug:sfdb_coverage.obj
 0001:0003c610       sf_debug_cc_set_transition_maps 000000018003d610 f   sfc_debug:sfdb_coverage.obj
 0001:0003c740       sf_debug_cc_set_state_maps 000000018003d740 f   sfc_debug:sfdb_coverage.obj
 0001:0003c820       sf_debug_cc_set_transition_weights 000000018003d820 f   sfc_debug:sfdb_coverage.obj
 0001:0003caf0       sf_debug_cc_set_state_weights 000000018003daf0 f   sfc_debug:sfdb_coverage.obj
 0001:0003cdc0       sf_debug_cc_mark_transition_guard 000000018003ddc0 f   sfc_debug:sfdb_coverage.obj
 0001:0003ce50       sf_debug_cc_mark_transition_trigger 000000018003de50 f   sfc_debug:sfdb_coverage.obj
 0001:0003cee0       sf_debug_cc_mark_transition_decision 000000018003dee0 f   sfc_debug:sfdb_coverage.obj
 0001:0003cf50       sf_debug_cc_mark_transition_condition_action 000000018003df50 f   sfc_debug:sfdb_coverage.obj
 0001:0003cfa0       sf_debug_cc_mark_transition_transition_action 000000018003dfa0 f   sfc_debug:sfdb_coverage.obj
 0001:0003cff0       sf_debug_cc_mark_state_entry 000000018003dff0 f   sfc_debug:sfdb_coverage.obj
 0001:0003d040       sf_debug_cc_mark_state_during 000000018003e040 f   sfc_debug:sfdb_coverage.obj
 0001:0003d090       sf_debug_cc_mark_state_exit 000000018003e090 f   sfc_debug:sfdb_coverage.obj
 0001:0003d0e0       sf_debug_bm_clear_script_breakpoints 000000018003e0e0 f   sfc_debug:sfdb_breakpoints.obj
 0001:0003d110       sf_debug_bm_set_script_breakpoint 000000018003e110 f   sfc_debug:sfdb_breakpoints.obj
 0001:0003d190       sf_debug_bm_clear_single_script_breakpoint 000000018003e190 f   sfc_debug:sfdb_breakpoints.obj
 0001:0003d210       sf_debug_bm_query_script_breakpoint 000000018003e210 f   sfc_debug:sfdb_breakpoints.obj
 0001:0003d260       sf_debug_bm_initialize_scripts 000000018003e260 f   sfc_debug:sfdb_breakpoints.obj
 0001:0003d980       sf_debug_bm_terminate      000000018003e980 f   sfc_debug:sfdb_breakpoints.obj
 0001:0003dc70       sf_debug_bm_remove_all_breakpoints_in_machine 000000018003ec70 f   sfc_debug:sfdb_breakpoints.obj
 0001:0003dce0       sf_debug_bm_remove_all_breakpoints_in_chart 000000018003ece0 f   sfc_debug:sfdb_breakpoints.obj
 0001:0003de30       sf_debug_bm_initialize_global_breakpoints 000000018003ee30 f   sfc_debug:sfdb_breakpoints.obj
 0001:0003dfb0       sf_debug_bm_set_breakpoint 000000018003efb0 f   sfc_debug:sfdb_breakpoints.obj
 0001:0003e5e0       sf_debug_bm_set_eml_breakpoint 000000018003f5e0 f   sfc_debug:sfdb_breakpoints.obj
 0001:0003e680       sf_debug_bm_initialize_machine_breakpoint_map 000000018003f680 f   sfc_debug:sfdb_breakpoints.obj
 0001:0003eaa0       sf_debug_bm_is_a_breakpoint 000000018003faa0 f   sfc_debug:sfdb_breakpoints.obj
 0001:0003efc0       sf_debug_bm_get_all_breakpoints_in_machine 000000018003ffc0 f   sfc_debug:sfdb_breakpoints.obj
 0001:0003f2c0       sf_debug_bm_get_all_breakpoints_in_chart 00000001800402c0 f   sfc_debug:sfdb_breakpoints.obj
 0001:0003ff80       sf_debug_bm_initialize_machine 0000000180040f80 f   sfc_debug:sfdb_breakpoints.obj
 0001:00040050       sf_debug_bm_initialize_chart 0000000180041050 f   sfc_debug:sfdb_breakpoints.obj
 0001:00040470       sf_debug_sc_terminate      0000000180041470 f   sfc_debug:sfdb_state_consistency.obj
 0001:000407a0       sf_debug_sc_is_chart_consistent 00000001800417a0 f   sfc_debug:sfdb_state_consistency.obj
 0001:00040a50       sf_debug_sc_get_consistency_error_info 0000000180041a50 f   sfc_debug:sfdb_state_consistency.obj
 0001:00040ea0       sf_debug_tm_terminate      0000000180041ea0 f   sfc_debug:sfdb_call_stack.obj
 0001:00040f60       sf_debug_tm_push_chart_instance 0000000180041f60 f   sfc_debug:sfdb_call_stack.obj
 0001:000410b0       sf_debug_tm_pop_chart_instance 00000001800420b0 f   sfc_debug:sfdb_call_stack.obj
 0001:00041110       sf_debug_tm_push_trace_node 0000000180042110 f   sfc_debug:sfdb_call_stack.obj
 0001:000412a0       sf_debug_tm_pop_trace_node 00000001800422a0 f   sfc_debug:sfdb_call_stack.obj
 0001:00041320       sf_debug_tm_get_current_global_trace_index 0000000180042320 f   sfc_debug:sfdb_call_stack.obj
 0001:00041330       sf_debug_tm_get_current_local_trace_index 0000000180042330 f   sfc_debug:sfdb_call_stack.obj
 0001:00041360       sf_debug_tm_set_cycle_detected_flag 0000000180042360 f   sfc_debug:sfdb_call_stack.obj
 0001:000413a0       sf_debug_tm_set_cycle_started_flag 00000001800423a0 f   sfc_debug:sfdb_call_stack.obj
 0001:000413e0       sf_debug_tm_get_chart_number_from_stack 00000001800423e0 f   sfc_debug:sfdb_call_stack.obj
 0001:000415e0       sf_debug_tm_browse_trace   00000001800425e0 f   sfc_debug:sfdb_call_stack.obj
 0001:00041920       sf_debug_cd_initialize_instance 0000000180042920 f   sfc_debug:sfdb_cycle_detection.obj
 0001:00041bd0       sf_debug_cd_mark_processed_transition_in_instance 0000000180042bd0 f   sfc_debug:sfdb_cycle_detection.obj
 0001:00041c70       sf_debug_cd_checksum_push  0000000180042c70 f   sfc_debug:sfdb_cycle_detection.obj
 0001:00041f30       sf_debug_cd_checksum_pop   0000000180042f30 f   sfc_debug:sfdb_cycle_detection.obj
 0001:00041fa0       sf_debug_cd_turn_off_cycle_detection 0000000180042fa0 f   sfc_debug:sfdb_cycle_detection.obj
 0001:00041ff0       sf_debug_cd_terminate      0000000180042ff0 f   sfc_debug:sfdb_cycle_detection.obj
 0001:00042230       md5_initialize_state       0000000180043230 f   sfc_debug:ckmd5.obj
 0001:00042ca0       md5_update_state           0000000180043ca0 f   sfc_debug:ckmd5.obj
 0001:00042cc0       md5_get_hash               0000000180043cc0 f   sfc_debug:ckmd5.obj
 0001:00042cf0       md5_get_hash_for_a_single_string 0000000180043cf0 f   sfc_debug:ckmd5.obj
 0001:00042d54       mxGetPr                    0000000180043d54 f   libmx:libmx.dll
 0001:00042d5a       mxCreateDoubleScalar       0000000180043d5a f   libmx:libmx.dll
 0001:00042d60       mxCreateDoubleMatrix_730   0000000180043d60 f   libmx:libmx.dll
 0001:00042d66       mxSetField_730             0000000180043d66 f   libmx:libmx.dll
 0001:00042d6c       mxCreateString             0000000180043d6c f   libmx:libmx.dll
 0001:00042d72       mxCreateStructMatrix_730   0000000180043d72 f   libmx:libmx.dll
 0001:00042d78       mxDestroyArray             0000000180043d78 f   libmx:libmx.dll
 0001:00042d7e       mxDuplicateArray           0000000180043d7e f   libmx:libmx.dll
 0001:00042d84       mxGetNaN                   0000000180043d84 f   libmx:libmx.dll
 0001:00042d8a       mxGetString_730            0000000180043d8a f   libmx:libmx.dll
 0001:00042d90       mxIsChar                   0000000180043d90 f   libmx:libmx.dll
 0001:00042d96       mxGetClassID               0000000180043d96 f   libmx:libmx.dll
 0001:00042d9c       mxIsNumeric                0000000180043d9c f   libmx:libmx.dll
 0001:00042da2       mxIsComplex                0000000180043da2 f   libmx:libmx.dll
 0001:00042da8       mxGetN                     0000000180043da8 f   libmx:libmx.dll
 0001:00042dae       mxGetM                     0000000180043dae f   libmx:libmx.dll
 0001:00042db4       mxCalloc                   0000000180043db4 f   libmx:libmx.dll
 0001:00042dba       mxGetScalar                0000000180043dba f   libmx:libmx.dll
 0001:00042dc0       mxIsLogical                0000000180043dc0 f   libmx:libmx.dll
 0001:00042dc6       mxCreateDoubleMatrix_700   0000000180043dc6 f   libmx:libmx.dll
 0001:00042dcc       mxFree                     0000000180043dcc f   libmx:libmx.dll
 0001:00042dd2       mxArrayToString            0000000180043dd2 f   libmx:libmx.dll
 0001:00042dd8       mxCreateCellMatrix_700     0000000180043dd8 f   libmx:libmx.dll
 0001:00042dde       mxSetCell_700              0000000180043dde f   libmx:libmx.dll
 0001:00042de4       mxGetCell_700              0000000180043de4 f   libmx:libmx.dll
 0001:00042dea       mxGetClassName             0000000180043dea f   libmx:libmx.dll
 0001:00042df0       mxSetField_700             0000000180043df0 f   libmx:libmx.dll
 0001:00042df6       mxAddField                 0000000180043df6 f   libmx:libmx.dll
 0001:00042dfc       mxGetField_700             0000000180043dfc f   libmx:libmx.dll
 0001:00042e02       mxGetNumberOfElements      0000000180043e02 f   libmx:libmx.dll
 0001:00042e08       mxIsStruct                 0000000180043e08 f   libmx:libmx.dll
 0001:00042e0e       mxIsA                      0000000180043e0e f   libmx:libmx.dll
 0001:00042e14       mxIsClass                  0000000180043e14 f   libmx:libmx.dll
 0001:00042e1a       mxGetLogicals              0000000180043e1a f   libmx:libmx.dll
 0001:00042e20       mxIsSparse                 0000000180043e20 f   libmx:libmx.dll
 0001:00042e26       mxSetFieldByNumber_700     0000000180043e26 f   libmx:libmx.dll
 0001:00042e2c       mxGetFieldByNumber_700     0000000180043e2c f   libmx:libmx.dll
 0001:00042e32       mxGetFieldNameByNumber     0000000180043e32 f   libmx:libmx.dll
 0001:00042e38       mxGetNumberOfFields        0000000180043e38 f   libmx:libmx.dll
 0001:00042e3e       mxCreateStructMatrix_700   0000000180043e3e f   libmx:libmx.dll
 0001:00042e44       mxGetFieldNumber           0000000180043e44 f   libmx:libmx.dll
 0001:00042e4a       mxIsNaN                    0000000180043e4a f   libmx:libmx.dll
 0001:00042e50       mxIsEmpty                  0000000180043e50 f   libmx:libmx.dll
 0001:00042e56       mxGetData                  0000000180043e56 f   libmx:libmx.dll
 0001:00042e5c       mxGetImagData              0000000180043e5c f   libmx:libmx.dll
 0001:00042e62       mxArrayClassIDName         0000000180043e62 f   libmx:libmx.dll
 0001:00042e68       mxCreateNumericMatrix_700  0000000180043e68 f   libmx:libmx.dll
 0001:00042e6e       mxCreateStructArray_700    0000000180043e6e f   libmx:libmx.dll
 0001:00042e74       mxCalcSingleSubscript_700  0000000180043e74 f   libmx:libmx.dll
 0001:00042e7a       mxGetDimensions_700        0000000180043e7a f   libmx:libmx.dll
 0001:00042e80       mxGetNumberOfDimensions_700 0000000180043e80 f   libmx:libmx.dll
 0001:00042e86       mxCreateNumericArray_700   0000000180043e86 f   libmx:libmx.dll
 0001:00042e8c       mxGetElementSize           0000000180043e8c f   libmx:libmx.dll
 0001:00042e92       mxCreateStringFromNChars_700 0000000180043e92 f   libmx:libmx.dll
 0001:00042e98       mxGetString_700            0000000180043e98 f   libmx:libmx.dll
 0001:00042e9e       mxIsLogicalScalarTrue      0000000180043e9e f   libmx:libmx.dll
 0001:00042ea4       mxCreateLogicalScalar      0000000180043ea4 f   libmx:libmx.dll
 0001:00042eaa       mexUnlock                  0000000180043eaa f   libmex:libmex.dll
 0001:00042eb0       mexIsLocked                0000000180043eb0 f   libmex:libmex.dll
 0001:00042eb6       mexWarnMsgTxt              0000000180043eb6 f   libmex:libmex.dll
 0001:00042ebc       mexCallMATLAB              0000000180043ebc f   libmex:libmex.dll
 0001:00042ec2       mexErrMsgTxt               0000000180043ec2 f   libmex:libmex.dll
 0001:00042ec8       mexMakeArrayPersistent     0000000180043ec8 f   libmex:libmex.dll
 0001:00042ece       mexSetTrapFlag             0000000180043ece f   libmex:libmex.dll
 0001:00042ed4       mexPutVariable             0000000180043ed4 f   libmex:libmex.dll
 0001:00042eda       mexGetVariable             0000000180043eda f   libmex:libmex.dll
 0001:00042ee0       mexLock                    0000000180043ee0 f   libmex:libmex.dll
 0001:00042ee6       mexMakeMemoryPersistent    0000000180043ee6 f   libmex:libmex.dll
 0001:00042eec       mexFunctionName            0000000180043eec f   libmex:libmex.dll
 0001:00042ef2       ssRegisterDataTypeFxpFSlopeFixExpBias 0000000180043ef2 f   libfixedpoint:libfixedpoint.dll
 0001:00042ef8       utVSNprintf                0000000180043ef8 f   libut:libut.dll
 0001:00042efe       utCPUtime                  0000000180043efe f   libut:libut.dll
 0001:00042f04       utFree                     0000000180043f04 f   libut:libut.dll
 0001:00042f0a       utMalloc                   0000000180043f0a f   libut:libut.dll
 0001:00042f10       muDoubleScalarSin          0000000180043f10 f   libmwmathutil:libmwmathutil.dll
 0001:00042f16       muDoubleScalarCos          0000000180043f16 f   libmwmathutil:libmwmathutil.dll
 0001:00042f1c       muDoubleScalarIsNaN        0000000180043f1c f   libmwmathutil:libmwmathutil.dll
 0001:00042f22       muDoubleScalarIsInf        0000000180043f22 f   libmwmathutil:libmwmathutil.dll
 0001:00042f28       muDoubleScalarSqrt         0000000180043f28 f   libmwmathutil:libmwmathutil.dll
 0001:00042f2e       muDoubleScalarAbs          0000000180043f2e f   libmwmathutil:libmwmathutil.dll
 0001:00042f34       muDoubleScalarRem          0000000180043f34 f   libmwmathutil:libmwmathutil.dll
 0001:00042f3a       muDoubleScalarPower        0000000180043f3a f   libmwmathutil:libmwmathutil.dll
 0001:00042f40       emlrtCheckBuiltInCtxR2011a 0000000180043f40 f   libemlrt:libemlrt.dll
 0001:00042f46       emlrtCheckVsBuiltInCtxR2011a 0000000180043f46 f   libemlrt:libemlrt.dll
 0001:00042f4c       emlrtCheckEnumR2009a       0000000180043f4c f   libemlrt:libemlrt.dll
 0001:00042f52       emlrtCreateEnumR2010a      0000000180043f52 f   libemlrt:libemlrt.dll
 0001:00042f58       emlrtGetEnumElementR2009a  0000000180043f58 f   libemlrt:libemlrt.dll
 0001:00042f5e       emlrtCreateReference       0000000180043f5e f   libemlrt:libemlrt.dll
 0001:00042f64       emlrtImportVsFiArrayR2009b 0000000180043f64 f   libemlrt:libemlrt.dll
 0001:00042f6a       emlrtNameCapturePostProcessR2012a 0000000180043f6a f   libemlrt:libemlrt.dll
 0001:00042f70       emlrtExtractMessageId      0000000180043f70 f   libemlrt:libemlrt.dll
 0001:00042f76       emlrtTranslateMessageIDtoLCPstring 0000000180043f76 f   libemlrt:libemlrt.dll
 0001:00042f7c       emlrtForLoopVectorIsValidR2011b 0000000180043f7c f   libemlrt:libemlrt.dll
 0001:00042f82       emlrtTranslateUTF16MessagetoLCPstring 0000000180043f82 f   libemlrt:libemlrt.dll
 0001:00042f88       emlrtGetEnumUnderlyingArrayR2009a 0000000180043f88 f   libemlrt:libemlrt.dll
 0001:00042f8e       emlrtIsEnumR2009a          0000000180043f8e f   libemlrt:libemlrt.dll
 0001:00042f94       __GSHandlerCheckCommon     0000000180043f94 f   MSVCRT:gshandler.obj
 0001:00042ff8       __GSHandlerCheck           0000000180043ff8 f   MSVCRT:gshandler.obj
 0001:00043016       strlen                     0000000180044016 f   MSVCRT:MSVCR100.dll
 0001:00043030       __security_check_cookie    0000000180044030 f   MSVCRT:amdsecgs.obj
 0001:00043050       memset                     0000000180044050 f   MSVCRT:MSVCR100.dll
 0001:00043056       malloc                     0000000180044056 f   MSVCRT:MSVCR100.dll
 0001:0004305c       free                       000000018004405c f   MSVCRT:MSVCR100.dll
 0001:00043062       strcmp                     0000000180044062 f   MSVCRT:MSVCR100.dll
 0001:00043068       sprintf                    0000000180044068 f   MSVCRT:MSVCR100.dll
 0001:0004306e       strcat                     000000018004406e f   MSVCRT:MSVCR100.dll
 0001:00043074       memcpy                     0000000180044074 f   MSVCRT:MSVCR100.dll
 0001:0004307c       NtCurrentTeb               000000018004407c f i MSVCRT:crtdll.obj
 0001:000430e8       _CRT_INIT                  00000001800440e8 f   MSVCRT:crtdll.obj
 0001:00043480       _DllMainCRTStartup         0000000180044480 f   MSVCRT:crtdll.obj
 0001:000434be       strncpy                    00000001800444be f   MSVCRT:MSVCR100.dll
 0001:000434e0       _alloca_probe              00000001800444e0     MSVCRT:chkstk.obj
 0001:000434e0       __chkstk                   00000001800444e0 f   MSVCRT:chkstk.obj
 0001:0004352e       longjmp                    000000018004452e f   MSVCRT:MSVCR100.dll
 0001:00043534       strncmp                    0000000180044534 f   MSVCRT:MSVCR100.dll
 0001:0004353a       ceil                       000000018004453a f   MSVCRT:MSVCR100.dll
 0001:00043540       strrchr                    0000000180044540 f   MSVCRT:MSVCR100.dll
 0001:00043546       _setjmp                    0000000180044546 f   MSVCRT:MSVCR100.dll
 0001:0004354c       calloc                     000000018004454c f   MSVCRT:MSVCR100.dll
 0001:00043552       realloc                    0000000180044552 f   MSVCRT:MSVCR100.dll
 0001:00043558       ldexp                      0000000180044558 f   MSVCRT:MSVCR100.dll
 0001:00043560       __report_gsfailure         0000000180044560 f   MSVCRT:gs_report.obj
 0001:000436ac       __clean_type_info_names    00000001800446ac f   MSVCRT:tncleanup.obj
 0001:000436b8       _onexit                    00000001800446b8 f   MSVCRT:atonexit.obj
 0001:00043768       atexit                     0000000180044768 f   MSVCRT:atonexit.obj
 0001:00043780       _RTC_Initialize            0000000180044780 f   MSVCRT:_initsect_.obj
 0001:000437b8       _RTC_Terminate             00000001800447b8 f   MSVCRT:_initsect_.obj
 0001:000437f0       _malloc_crt                00000001800447f0 f   MSVCRT:MSVCR100.dll
 0001:00043800       _ValidateImageBase         0000000180044800 f   MSVCRT:pesect.obj
 0001:00043830       _FindPESection             0000000180044830 f   MSVCRT:pesect.obj
 0001:00043880       _IsNonwritableInCurrentImage 0000000180044880 f   MSVCRT:pesect.obj
 0001:000438c2       _initterm                  00000001800448c2 f   MSVCRT:MSVCR100.dll
 0001:000438c8       _initterm_e                00000001800448c8 f   MSVCRT:MSVCR100.dll
 0001:000438ce       _encoded_null              00000001800448ce f   MSVCRT:MSVCR100.dll
 0001:000438d4       _amsg_exit                 00000001800448d4 f   MSVCRT:MSVCR100.dll
 0001:000438da       __C_specific_handler       00000001800448da f   MSVCRT:MSVCR100.dll
 0001:000438e0       __CppXcptFilter            00000001800448e0 f   MSVCRT:MSVCR100.dll
 0001:000438e8       DllMain                    00000001800448e8 f   MSVCRT:dllmain.obj
 0001:0004390c       __security_init_cookie     000000018004490c f   MSVCRT:gs_support.obj
 0001:000439c0       __crt_debugger_hook        00000001800449c0 f   MSVCRT:MSVCR100.dll
 0001:000439c6       __clean_type_info_names_internal 00000001800449c6 f   MSVCRT:MSVCR100.dll
 0001:000439cc       _unlock                    00000001800449cc f   MSVCRT:MSVCR100.dll
 0001:000439d2       __dllonexit                00000001800449d2 f   MSVCRT:MSVCR100.dll
 0001:000439d8       _lock                      00000001800449d8 f   MSVCRT:MSVCR100.dll
 0001:000439de       EncodePointer              00000001800449de f   kernel32:KERNEL32.dll
 0001:000439e4       DecodePointer              00000001800449e4 f   kernel32:KERNEL32.dll
 0001:000439ea       Sleep                      00000001800449ea f   kernel32:KERNEL32.dll
 0001:000439f0       TerminateProcess           00000001800449f0 f   kernel32:KERNEL32.dll
 0001:000439f6       GetCurrentProcess          00000001800449f6 f   kernel32:KERNEL32.dll
 0001:000439fc       UnhandledExceptionFilter   00000001800449fc f   kernel32:KERNEL32.dll
 0001:00043a02       SetUnhandledExceptionFilter 0000000180044a02 f   kernel32:KERNEL32.dll
 0001:00043a08       IsDebuggerPresent          0000000180044a08 f   kernel32:KERNEL32.dll
 0001:00043a0e       RtlVirtualUnwind           0000000180044a0e f   kernel32:KERNEL32.dll
 0001:00043a14       RtlLookupFunctionEntry     0000000180044a14 f   kernel32:KERNEL32.dll
 0001:00043a1a       RtlCaptureContext          0000000180044a1a f   kernel32:KERNEL32.dll
 0001:00043a20       DisableThreadLibraryCalls  0000000180044a20 f   kernel32:KERNEL32.dll
 0001:00043a26       QueryPerformanceCounter    0000000180044a26 f   kernel32:KERNEL32.dll
 0001:00043a2c       GetTickCount               0000000180044a2c f   kernel32:KERNEL32.dll
 0001:00043a32       GetCurrentThreadId         0000000180044a32 f   kernel32:KERNEL32.dll
 0001:00043a38       GetCurrentProcessId        0000000180044a38 f   kernel32:KERNEL32.dll
 0001:00043a3e       GetSystemTimeAsFileTime    0000000180044a3e f   kernel32:KERNEL32.dll
 0002:00000000       __imp_DisableThreadLibraryCalls 0000000180045000     kernel32:KERNEL32.dll
 0002:00000008       __imp_RtlCaptureContext    0000000180045008     kernel32:KERNEL32.dll
 0002:00000010       __imp_RtlLookupFunctionEntry 0000000180045010     kernel32:KERNEL32.dll
 0002:00000018       __imp_RtlVirtualUnwind     0000000180045018     kernel32:KERNEL32.dll
 0002:00000020       __imp_IsDebuggerPresent    0000000180045020     kernel32:KERNEL32.dll
 0002:00000028       __imp_SetUnhandledExceptionFilter 0000000180045028     kernel32:KERNEL32.dll
 0002:00000030       __imp_UnhandledExceptionFilter 0000000180045030     kernel32:KERNEL32.dll
 0002:00000038       __imp_GetCurrentProcess    0000000180045038     kernel32:KERNEL32.dll
 0002:00000040       __imp_TerminateProcess     0000000180045040     kernel32:KERNEL32.dll
 0002:00000048       __imp_Sleep                0000000180045048     kernel32:KERNEL32.dll
 0002:00000050       __imp_DecodePointer        0000000180045050     kernel32:KERNEL32.dll
 0002:00000058       __imp_EncodePointer        0000000180045058     kernel32:KERNEL32.dll
 0002:00000060       __imp_GetTickCount         0000000180045060     kernel32:KERNEL32.dll
 0002:00000068       __imp_GetCurrentThreadId   0000000180045068     kernel32:KERNEL32.dll
 0002:00000070       __imp_GetCurrentProcessId  0000000180045070     kernel32:KERNEL32.dll
 0002:00000078       __imp_GetSystemTimeAsFileTime 0000000180045078     kernel32:KERNEL32.dll
 0002:00000080       __imp_QueryPerformanceCounter 0000000180045080     kernel32:KERNEL32.dll
 0002:00000088       \177KERNEL32_NULL_THUNK_DATA 0000000180045088     kernel32:KERNEL32.dll
 0002:00000090       __imp__onexit              0000000180045090     MSVCRT:MSVCR100.dll
 0002:00000098       __imp__lock                0000000180045098     MSVCRT:MSVCR100.dll
 0002:000000a0       __imp___dllonexit          00000001800450a0     MSVCRT:MSVCR100.dll
 0002:000000a8       __imp__unlock              00000001800450a8     MSVCRT:MSVCR100.dll
 0002:000000b0       __imp___clean_type_info_names_internal 00000001800450b0     MSVCRT:MSVCR100.dll
 0002:000000b8       __imp___crt_debugger_hook  00000001800450b8     MSVCRT:MSVCR100.dll
 0002:000000c0       __imp___CppXcptFilter      00000001800450c0     MSVCRT:MSVCR100.dll
 0002:000000c8       __imp___C_specific_handler 00000001800450c8     MSVCRT:MSVCR100.dll
 0002:000000d0       __imp__amsg_exit           00000001800450d0     MSVCRT:MSVCR100.dll
 0002:000000d8       __imp__encoded_null        00000001800450d8     MSVCRT:MSVCR100.dll
 0002:000000e0       __imp__initterm_e          00000001800450e0     MSVCRT:MSVCR100.dll
 0002:000000e8       __imp__initterm            00000001800450e8     MSVCRT:MSVCR100.dll
 0002:000000f0       __imp__malloc_crt          00000001800450f0     MSVCRT:MSVCR100.dll
 0002:000000f8       __imp_ldexp                00000001800450f8     MSVCRT:MSVCR100.dll
 0002:00000100       __imp_realloc              0000000180045100     MSVCRT:MSVCR100.dll
 0002:00000108       __imp_calloc               0000000180045108     MSVCRT:MSVCR100.dll
 0002:00000110       __imp__setjmp              0000000180045110     MSVCRT:MSVCR100.dll
 0002:00000118       __imp_strrchr              0000000180045118     MSVCRT:MSVCR100.dll
 0002:00000120       __imp_ceil                 0000000180045120     MSVCRT:MSVCR100.dll
 0002:00000128       __imp_strncmp              0000000180045128     MSVCRT:MSVCR100.dll
 0002:00000130       __imp_longjmp              0000000180045130     MSVCRT:MSVCR100.dll
 0002:00000138       __imp_strncpy              0000000180045138     MSVCRT:MSVCR100.dll
 0002:00000140       __imp_memcpy               0000000180045140     MSVCRT:MSVCR100.dll
 0002:00000148       __imp_strcat               0000000180045148     MSVCRT:MSVCR100.dll
 0002:00000150       __imp_sprintf              0000000180045150     MSVCRT:MSVCR100.dll
 0002:00000158       __imp_strcmp               0000000180045158     MSVCRT:MSVCR100.dll
 0002:00000160       __imp_free                 0000000180045160     MSVCRT:MSVCR100.dll
 0002:00000168       __imp_malloc               0000000180045168     MSVCRT:MSVCR100.dll
 0002:00000170       __imp_memset               0000000180045170     MSVCRT:MSVCR100.dll
 0002:00000178       __imp_strlen               0000000180045178     MSVCRT:MSVCR100.dll
 0002:00000180       \177MSVCR100_NULL_THUNK_DATA 0000000180045180     MSVCRT:MSVCR100.dll
 0002:00000188       __imp_emlrtIsEnumR2009a    0000000180045188     libemlrt:libemlrt.dll
 0002:00000190       __imp_emlrtGetEnumUnderlyingArrayR2009a 0000000180045190     libemlrt:libemlrt.dll
 0002:00000198       __imp_emlrtTranslateUTF16MessagetoLCPstring 0000000180045198     libemlrt:libemlrt.dll
 0002:000001a0       __imp_emlrtForLoopVectorIsValidR2011b 00000001800451a0     libemlrt:libemlrt.dll
 0002:000001a8       __imp_emlrtTranslateMessageIDtoLCPstring 00000001800451a8     libemlrt:libemlrt.dll
 0002:000001b0       __imp_emlrtExtractMessageId 00000001800451b0     libemlrt:libemlrt.dll
 0002:000001b8       __imp_emlrtNameCapturePostProcessR2012a 00000001800451b8     libemlrt:libemlrt.dll
 0002:000001c0       __imp_emlrtImportVsFiArrayR2009b 00000001800451c0     libemlrt:libemlrt.dll
 0002:000001c8       __imp_emlrtCheckVsBuiltInCtxR2011a 00000001800451c8     libemlrt:libemlrt.dll
 0002:000001d0       __imp_emlrtCheckEnumR2009a 00000001800451d0     libemlrt:libemlrt.dll
 0002:000001d8       __imp_emlrtCreateEnumR2010a 00000001800451d8     libemlrt:libemlrt.dll
 0002:000001e0       __imp_emlrtGetEnumElementR2009a 00000001800451e0     libemlrt:libemlrt.dll
 0002:000001e8       __imp_emlrtCreateReference 00000001800451e8     libemlrt:libemlrt.dll
 0002:000001f0       __imp_emlrtCheckBuiltInCtxR2011a 00000001800451f0     libemlrt:libemlrt.dll
 0002:000001f8       \177libemlrt_NULL_THUNK_DATA 00000001800451f8     libemlrt:libemlrt.dll
 0002:00000200       __imp_ssRegisterDataTypeFxpFSlopeFixExpBias 0000000180045200     libfixedpoint:libfixedpoint.dll
 0002:00000208       \177libfixedpoint_NULL_THUNK_DATA 0000000180045208     libfixedpoint:libfixedpoint.dll
 0002:00000210       __imp_mexLock              0000000180045210     libmex:libmex.dll
 0002:00000218       __imp_mexPutVariable       0000000180045218     libmex:libmex.dll
 0002:00000220       __imp_mexFunctionName      0000000180045220     libmex:libmex.dll
 0002:00000228       __imp_mexSetTrapFlag       0000000180045228     libmex:libmex.dll
 0002:00000230       __imp_mexMakeMemoryPersistent 0000000180045230     libmex:libmex.dll
 0002:00000238       __imp_mexGetVariable       0000000180045238     libmex:libmex.dll
 0002:00000240       __imp_mexErrMsgTxt         0000000180045240     libmex:libmex.dll
 0002:00000248       __imp_mexCallMATLAB        0000000180045248     libmex:libmex.dll
 0002:00000250       __imp_mexWarnMsgTxt        0000000180045250     libmex:libmex.dll
 0002:00000258       __imp_mexIsLocked          0000000180045258     libmex:libmex.dll
 0002:00000260       __imp_mexUnlock            0000000180045260     libmex:libmex.dll
[...]
 0001:0001b0d0       sf_numeric_value_to_double 000000018001c0d0 f   sfc_mex:sfc_mex.obj
 0001:0001b120       ml_generic_out_of_bounds_check 000000018001c120 f   sfc_mex:sfc_mex.obj
 0001:0001b2f0       ml_get_element_value_from_array 000000018001c2f0 f   sfc_mex:sfc_mex.obj
 0001:0001b690       _ml_generic_castability_check 000000018001c690 f   sfc_mex:sfc_mex.obj
 0001:0001c3f0       ml_generic_castability_check 000000018001d3f0 f   sfc_mex:sfc_mex.obj
 0001:0001c490       ml_check_mx_array_for_single_castability 000000018001d490 f   sfc_mex:sfc_mex.obj
 0001:0001c530       ml_check_mx_array_for_logical_castability 000000018001d530 f   sfc_mex:sfc_mex.obj
 0001:0001c5d0       ml_check_mx_array_for_int8_castability 000000018001d5d0 f   sfc_mex:sfc_mex.obj
 0001:0001c680       ml_check_mx_array_for_uint8_castability 000000018001d680 f   sfc_mex:sfc_mex.obj
 0001:0001c6e0       ml_check_mx_array_for_int16_castability 000000018001d6e0 f   sfc_mex:sfc_mex.obj
 0001:0001c740       ml_check_mx_array_for_uint16_castability 000000018001d740 f   sfc_mex:sfc_mex.obj
 0001:0001c7a0       ml_check_mx_array_for_int32_castability 000000018001d7a0 f   sfc_mex:sfc_mex.obj
 0001:0001c800       ml_check_mx_array_for_uint32_castability 000000018001d800 f   sfc_mex:sfc_mex.obj
 0001:0001c860       ml_check_mx_array_for_castability 000000018001d860 f   sfc_mex:sfc_mex.obj
 0001:0001d190       set_data_value             000000018001e190 f   sfc_mex:sfc_mex.obj
 0001:0001d500       get_data_value             000000018001e500 f   sfc_mex:sfc_mex.obj
 0001:0001d610       get_next_element_address   000000018001e610 f   sfc_mex:sfc_mex.obj
 0001:0001d6e0       sf_normalize_index         000000018001e6e0 f   sfc_mex:sfc_mex.obj
 0001:0001da70       ml_array_index_bound_check 000000018001ea70 f   sfc_mex:sfc_mex.obj
 0001:0001e590       mx_value                   000000018001f590 f   sfc_mex:sfc_mex.obj
 0001:0001e5e0       sf_create_numeric_array    000000018001f5e0 f   sfc_mex:sfc_mex.obj
 0001:0001e680       sf_mex_assign_to_mx_array  000000018001f680 f   sfc_mex:sfc_mex.obj
 0001:0001e9d0       assign_from_mx_array       000000018001f9d0 f   sfc_mex:sfc_mex.obj
 0001:0001f200       sf_mex_import_v            0000000180020200 f   sfc_mex:sfc_mex.obj
 0001:0001f900       get_machine_and_chart_file_number 0000000180020900 f   sfc_mex:sfc_sf.obj
 0001:0001f9f0       get_sfun_block_specialization 00000001800209f0 f   sfc_mex:sfc_sf.obj
 0001:0001faa0       call_sf_machine_global_method_dispatcher 0000000180020aa0 f   sfc_mex:sfc_sf.obj
 0001:0001fcf0       mdl_zeroCrossings_processing 0000000180020cf0 f   sfc_mex:sfc_sf.obj
 0001:0001fdc0       mdl_derivatives_processing 0000000180020dc0 f   sfc_mex:sfc_sf.obj
 0001:00020080       mdl_outputs_continuous_legacy 0000000180021080 f   sfc_mex:sfc_sf.obj
 0001:00020100       mdl_outputs_processing     0000000180021100 f   sfc_mex:sfc_sf.obj
 0001:00020330       mdl_enable_processing      0000000180021330 f   sfc_mex:sfc_sf.obj
 0001:00020400       mdl_disable_processing     0000000180021400 f   sfc_mex:sfc_sf.obj
 0001:00021170       sf_call_output_fcn_enable_disable 0000000180022170 f   sfc_mex:sfc_sf.obj
 0001:000213f0       set_dwork_information_from_mx_array 00000001800223f0 f   sfc_mex:sfc_sf.obj
 0001:00021cb0       ptr2mxStruct               0000000180022cb0 f   sfc_mex:sfc_sf.obj
 0001:00021fc0       SNPRINTF_WRAPPER           0000000180022fc0 f   sfc_debug:sfcdebug.obj
 0001:00021fe0       sf_debug_chart_instance_initialized_quick 0000000180022fe0 f   sfc_debug:sfcdebug.obj
 0001:00021ff0       sf_debug_chart_instance_initialized 0000000180022ff0 f   sfc_debug:sfcdebug.obj
 0001:00022190       sfrtAddSize                0000000180023190 f   sfc_debug:sfcdebug.obj
 0001:00022250       sfrtGenSizeString          0000000180023250 f   sfc_debug:sfcdebug.obj
 0001:00022960       fill_single_message_info   0000000180023960 f   sfc_debug:sfcdebug.obj
 0001:00022b20       sf_debug_sim_status_listener 0000000180023b20 f   sfc_debug:sfcdebug.obj
 0001:00023090       sf_debug_form_mask_bits    0000000180024090 f   sfc_debug:sfcdebug.obj
 0001:000230d0       sf_debug_form_sf_data_type_offsets 00000001800240d0 f   sfc_debug:sfcdebug.obj
 0001:00023190       sf_debug_free_all          0000000180024190 f   sfc_debug:sfcdebug.obj
 0001:00023340       sf_debug_append_debugger_context 0000000180024340 f   sfc_debug:sfcdebug.obj
 0001:00023600       local_strdup               0000000180024600 f   sfc_debug:sfcdebug.obj
 0001:000244e0       sf_debug_em_terminate      00000001800254e0 f   sfc_debug:sfcdebug.obj
 0001:00024520       sf_debug_push_eml_function 0000000180025520 f   sfc_debug:sfcdebug.obj
 0001:000245c0       sf_debug_pop_eml_function  00000001800255c0 f   sfc_debug:sfcdebug.obj
 0001:000252c0       sf_debug_get_machine_number_from_id_or_name 00000001800262c0 f   sfc_debug:sfcdebug.obj
 0001:00025410       sf_debug_get_chart_number_from_id 0000000180026410 f   sfc_debug:sfcdebug.obj
 0001:00026080       sf_debug_transfer_control_to_debugger_GUI 0000000180027080 f   sfc_debug:sfcdebug.obj
 0001:00027010       sf_debug_scripts_rehash    0000000180028010 f   sfc_debug:sfcdebug.obj
 0001:00027250       sf_debug_get_script_line_count 0000000180028250 f   sfc_debug:sfcdebug.obj
 0001:00027b80       cv_eml_state_cvId          0000000180028b80 f   sfc_debug:sfcdebug.obj
 0001:00027bf0       cv_eml_trans_cvId          0000000180028bf0 f   sfc_debug:sfcdebug.obj
 0001:00028eb0       sf_debug_data_array_bounds_error 0000000180029eb0 f   sfc_debug:sfcdebug.obj
 0001:000292e0       eml_debug_runtime_error_doclink 000000018002a2e0 f   sfc_debug:sfcdebug.obj
 0001:00029460       sf_debug_runtime_error     000000018002a460 f   sfc_debug:sfcdebug.obj
 0001:000294d0       sf_debug_matlab_error      000000018002a4d0 f   sfc_debug:sfcdebug.obj
 0001:00029e00       sf_debug_data_value_error  000000018002ae00 f   sfc_debug:sfcdebug.obj
 0001:0002a700       sf_debug_data_loss_error   000000018002b700 f   sfc_debug:sfcdebug.obj
 0001:0002b620       call_cv_range_check        000000018002c620 f   sfc_debug:sfcdebug.obj
 0001:0002bdf0       sf_debug_invoke_cycle_detection_code 000000018002cdf0 f   sfc_debug:sfcdebug.obj
 0001:0002ced0       sf_reset_debug_info_struct 000000018002ded0 f   sfc_debug:sfcdebug.obj
 0001:0002d7c0       cv_script_cvId             000000018002e7c0 f   sfc_debug:sfcdebug.obj
 0001:0002e510       sfc_api_chart_visible      000000018002f510 f   sfc_debug:sfc_api.obj
 0001:0002e590       sfc_api_active_instance    000000018002f590 f   sfc_debug:sfc_api.obj
 0001:0002e610       sfc_api_machine_load       000000018002f610 f   sfc_debug:sfc_api.obj
 0001:0002e6e0       sfc_api_debugger_alive     000000018002f6e0 f   sfc_debug:sfc_api.obj
 0001:0002e6f0       sfc_api_go                 000000018002f6f0 f   sfc_debug:sfc_api.obj
 0001:0002e700       sfc_api_step_over          000000018002f700 f   sfc_debug:sfc_api.obj
 0001:0002e710       sfc_api_step_out           000000018002f710 f   sfc_debug:sfc_api.obj
 0001:0002e720       sfc_api_resume             000000018002f720 f   sfc_debug:sfc_api.obj
 0001:0002e730       sfc_api_break              000000018002f730 f   sfc_debug:sfc_api.obj
 0001:0002e740       sfc_api_stop_debugging     000000018002f740 f   sfc_debug:sfc_api.obj
 0001:0002e790       sfc_api_is_cycle_detected  000000018002f790 f   sfc_debug:sfc_api.obj
 0001:0002e7e0       sfc_api_is_array_bounds_detected 000000018002f7e0 f   sfc_debug:sfc_api.obj
 0001:0002e830       sfc_api_set_disable_all_breakpoints 000000018002f830 f   sfc_debug:sfc_api.obj
 0001:0002e8a0       sfc_api_disable_all_breakpoints_and_go 000000018002f8a0 f   sfc_debug:sfc_api.obj
 0001:0002e8b0       sfc_api_close              000000018002f8b0 f   sfc_debug:sfc_api.obj
 0001:0002e8c0       sfc_api_browse_data        000000018002f8c0 f   sfc_debug:sfc_api.obj
 0001:0002e930       sfc_api_watch_data         000000018002f930 f   sfc_debug:sfc_api.obj
 0001:0002e9d0       sfc_api_extract_message_post_receive_info 000000018002f9d0 f   sfc_debug:sfc_api.obj
 0001:0002e9f0       sfc_api_assign_data        000000018002f9f0 f   sfc_debug:sfc_api.obj
 0001:0002ea90       sfc_api_whos               000000018002fa90 f   sfc_debug:sfc_api.obj
 0001:0002eb20       sfc_api_get_consistency_info 000000018002fb20 f   sfc_debug:sfc_api.obj
 0001:0002eb30       sfc_api_browse_trace       000000018002fb30 f   sfc_debug:sfc_api.obj
 0001:0002eb40       sfc_api_break_on_chart_entry 000000018002fb40 f   sfc_debug:sfc_api.obj
 0001:0002eb60       sfc_api_break_on_event_broadcast 000000018002fb60 f   sfc_debug:sfc_api.obj
 0001:0002eb80       sfc_api_break_on_state_entry 000000018002fb80 f   sfc_debug:sfc_api.obj
 0001:0002eba0       sfc_api_set_watch          000000018002fba0 f   sfc_debug:sfc_api.obj
 0001:0002ec40       sfc_api_set_breakpoints    000000018002fc40 f   sfc_debug:sfc_api.obj
 0001:0002ece0       sfc_api_set_eml_breakpoints 000000018002fce0 f   sfc_debug:sfc_api.obj
 0001:0002ed60       sfc_api_set_script_breakpoints 000000018002fd60 f   sfc_debug:sfc_api.obj
 0001:0002edb0       sfc_api_add_script_breakpoints 000000018002fdb0 f   sfc_debug:sfc_api.obj
 0001:0002ee00       sfc_api_clear_script_breakpoints 000000018002fe00 f   sfc_debug:sfc_api.obj
 0001:0002ee50       sfc_api_query_script_breakpoints 000000018002fe50 f   sfc_debug:sfc_api.obj
 0001:0002eeb0       sfc_api_get_script_id      000000018002feb0 f   sfc_debug:sfc_api.obj
 0001:0002ef70       sfc_api_get_active_states  000000018002ff70 f   sfc_debug:sfc_api.obj
 0001:0002eff0       sfc_api_break_between_times 000000018002fff0 f   sfc_debug:sfc_api.obj
 0001:0002f050       sfc_api_get_instance_handle 0000000180030050 f   sfc_debug:sfc_api.obj
 0001:0002f100       sfc_api_set_animation      0000000180030100 f   sfc_debug:sfc_api.obj
 0001:0002f150       sfc_api_select_chart       0000000180030150 f   sfc_debug:sfc_api.obj
 0001:0002f1b0       sfc_api_select_charts      00000001800301b0 f   sfc_debug:sfc_api.obj
 0001:0002f1e0       sfc_api_cycle_detection_check 00000001800301e0 f   sfc_debug:sfc_api.obj
 0001:0002f230       sfc_api_data_range_check   0000000180030230 f   sfc_debug:sfc_api.obj
 0001:0002f280       sfc_api_transition_conflict_check 0000000180030280 f   sfc_debug:sfc_api.obj
 0001:0002f2d0       sfc_api_state_consistency_check 00000001800302d0 f   sfc_debug:sfc_api.obj
 0001:0002f320       sfc_api_set_instance_cv_ids 0000000180030320 f   sfc_debug:sfc_api.obj
 0001:0002f430       sfc_api_set_script_cv_ids  0000000180030430 f   sfc_debug:sfc_api.obj
 0001:0002f4e0       sfc_api_get_current_machine_id 00000001800304e0 f   sfc_debug:sfc_api.obj
 0001:0002f510       sfc_api_get_current_machine_number 0000000180030510 f   sfc_debug:sfc_api.obj
 0001:0002f540       sfc_api_get_current_chart_number 0000000180030540 f   sfc_debug:sfc_api.obj
 0001:0002f570       sfc_api_get_current_instance_number 0000000180030570 f   sfc_debug:sfc_api.obj
 0001:0002f5a0       sfc_api_get_current_instance_handle 00000001800305a0 f   sfc_debug:sfc_api.obj
 0001:0002f5c0       sfc_api_get_current_is_minor_time_step 00000001800305c0 f   sfc_debug:sfc_api.obj
 0001:0002f5f0       sfc_api_get_current_machine_name 00000001800305f0 f   sfc_debug:sfc_api.obj
 0001:0002f610       sfc_api_get_current_chart_id 0000000180030610 f   sfc_debug:sfc_api.obj
 0001:0002f640       sfc_api_get_current_object_type 0000000180030640 f   sfc_debug:sfc_api.obj
 0001:0002f670       sfc_api_get_current_event_type 0000000180030670 f   sfc_debug:sfc_api.obj
 0001:0002f6a0       sfc_api_get_current_object_id 00000001800306a0 f   sfc_debug:sfc_api.obj
 0001:0002f6d0       sfc_get_current_active_event_type 00000001800306d0 f   sfc_debug:sfc_api.obj
 0001:0002f700       sfc_api_get_current_active_event_id 0000000180030700 f   sfc_debug:sfc_api.obj
 0001:0002f730       sfc_api_get_current_simulation_time 0000000180030730 f   sfc_debug:sfc_api.obj
 0001:0002f750       sfc_get_current_tag_type   0000000180030750 f   sfc_debug:sfc_api.obj
 0001:0002f780       sfc_get_current_coverage_percentage 0000000180030780 f   sfc_debug:sfc_api.obj
 0001:0002f7a0       sfc_get_current_statement_context 00000001800307a0 f   sfc_debug:sfc_api.obj
 0001:0002f7c0       sfc_get_current_optional_integer 00000001800307c0 f   sfc_debug:sfc_api.obj
 0001:0002f7f0       sfc_get_current_statement_info 00000001800307f0 f   sfc_debug:sfc_api.obj
 0001:0002f890       sfc_api_get                0000000180030890 f   sfc_debug:sfc_api.obj
 0001:0002f9f0       sf_debug_sm_is_using_unified_editors 00000001800309f0 f   sfc_debug:sfdb_animation.obj
 0001:0002fa90       sf_debug_sm_is_chart_visible_in_unified_editors 0000000180030a90 f   sfc_debug:sfdb_animation.obj
 0001:0002fb50       sf_debug_sm_check_if_chart_is_visible 0000000180030b50 f   sfc_debug:sfdb_animation.obj
 0001:00030650       sf_debug_sm_fill_state_activity_data 0000000180031650 f   sfc_debug:sfdb_animation.obj
 0001:00032e80       void_ptr_stack_vector_free_total 0000000180033e80 f   sfc_debug:sfdb_data_browse.obj
 0001:00032f10       sf_debug_st_terminate_machine 0000000180033f10 f   sfc_debug:sfdb_data_browse.obj
 0001:00032f50       sf_debug_st_terminate_instance 0000000180033f50 f   sfc_debug:sfdb_data_browse.obj
 0001:00033300       push_on_to_void_ptr_stack  0000000180034300 f   sfc_debug:sfdb_data_browse.obj
 0001:00033490       pop_from_void_ptr_stack    0000000180034490 f   sfc_debug:sfdb_data_browse.obj
 0001:000335c0       sf_debug_st_get_data_value 00000001800345c0 f   sfc_debug:sfdb_data_browse.obj
 0001:00033b50       mx_value                   0000000180034b50 f   sfc_debug:sfdb_data_browse.obj
 0001:00033b90       sf_debug_st_fill_data_struct 0000000180034b90 f   sfc_debug:sfdb_data_browse.obj
 0001:00033ed0       data_type_format_strings   0000000180034ed0 f   sfc_debug:sfdb_data_browse.obj
 0001:00033f80       sf_debug_st_fill_data      0000000180034f80 f   sfc_debug:sfdb_data_browse.obj
 0001:00034cd0       sf_debug_hm_get_simulink_handle 0000000180035cd0 f   sfc_debug:sfdb_handle_management.obj
 0001:00035820       sf_debug_hm_initialize_globals 0000000180036820 f   sfc_debug:sfdb_handle_management.obj
 0001:00035920       sf_debug_hm_get_machine_debug_flag 0000000180036920 f   sfc_debug:sfdb_handle_management.obj
 0001:00035a90       sf_debug_hm_get_machine_id 0000000180036a90 f   sfc_debug:sfdb_handle_management.obj
 0001:00035bb0       sf_debug_hm_get_chart_id   0000000180036bb0 f   sfc_debug:sfdb_handle_management.obj
 0001:00035d50       sf_debug_hm_register_executing_SFunction 0000000180036d50 f   sfc_debug:sfdb_handle_management.obj
 0001:00035ef0       sf_debug_hm_get_chart_active_instance 0000000180036ef0 f   sfc_debug:sfdb_handle_management.obj
 0001:00036060       sf_debug_hm_get_chart_visibility 0000000180037060 f   sfc_debug:sfdb_handle_management.obj
 0001:000361b0       sf_debug_hm_form_object_boolean_properties 00000001800371b0 f   sfc_debug:sfdb_handle_management.obj
 0001:00036480       sf_debug_hm_form_object_properties 0000000180037480 f   sfc_debug:sfdb_handle_management.obj
 0001:000366c0       sf_debug_hm_terminate_charts 00000001800376c0 f   sfc_debug:sfdb_handle_management.obj
 0001:00036e30       sf_debug_hm_terminate_machines 0000000180037e30 f   sfc_debug:sfdb_handle_management.obj
 0001:00038a80       sf_debug_ss_copy_dimension 0000000180039a80 f   sfc_debug:sfdb_symbol_scope.obj
 0001:00038b40       sf_debug_ss_get_number_elements 0000000180039b40 f   sfc_debug:sfdb_symbol_scope.obj
 0001:00038b60       sf_debug_ss_fill_data_struct 0000000180039b60 f   sfc_debug:sfdb_symbol_scope.obj
 0001:00038eb0       sf_debug_ss_reset_data_info 0000000180039eb0 f   sfc_debug:sfdb_symbol_scope.obj
 0001:00038f10       sf_debug_fill_data_info_by_symbol_scope_entry 0000000180039f10 f   sfc_debug:sfdb_symbol_scope.obj
 0001:00038fd0       sf_debug_fill_data_info_by_data_vector 0000000180039fd0 f   sfc_debug:sfdb_symbol_scope.obj
 0001:00039220       sf_debug_ss_get_data_info  000000018003a220 f   sfc_debug:sfdb_symbol_scope.obj
 0001:00039510       sf_debug_select_mex_function 000000018003a510 f   sfc_debug:sfdb_symbol_scope.obj
 0001:00039540       sf_debug_is_dyn_matrix_initialized 000000018003a540 f   sfc_debug:sfdb_symbol_scope.obj
 0001:00039560       sf_debug_ss_set_data_value_try 000000018003a560 f   sfc_debug:sfdb_symbol_scope.obj
 0001:00039730       sf_debug_ss_get_data_value 000000018003a730 f   sfc_debug:sfdb_symbol_scope.obj
 0001:00039c80       sf_debug_ss_data_bytes_string 000000018003ac80 f   sfc_debug:sfdb_symbol_scope.obj
 0001:00039d30       sf_debug_ss_data_class_string 000000018003ad30 f   sfc_debug:sfdb_symbol_scope.obj
 0001:0003a0c0       sf_debug_ss_data_size_string 000000018003b0c0 f   sfc_debug:sfdb_symbol_scope.obj
 0001:0003a1a0       sf_debug_ss_data_create_data_info_struct 000000018003b1a0 f   sfc_debug:sfdb_symbol_scope.obj
 0001:0003a470       sf_debug_ss_data_create_name_value_pair 000000018003b470 f   sfc_debug:sfdb_symbol_scope.obj
 0001:0003a510       sf_debug_ss_data_get_whos_info 000000018003b510 f   sfc_debug:sfdb_symbol_scope.obj
 0001:0003a520       same_named_data_in_data_array 000000018003b520 f   sfc_debug:sfdb_symbol_scope.obj
 0001:0003bd90       sf_debug_cc_terminate_chart 000000018003cd90 f   sfc_debug:sfdb_coverage.obj
 0001:0003c130       sf_debug_cc_terminate_instance 000000018003d130 f   sfc_debug:sfdb_coverage.obj
 0001:0003cd20       sf_debug_cc_mark_object_if_needed 000000018003dd20 f   sfc_debug:sfdb_coverage.obj
 0001:0003d620       sf_debug_bm_initialize_eml 000000018003e620 f   sfc_debug:sfdb_breakpoints.obj
 0001:0003e790       sf_debug_bm_map_debug_tag_to_breakpoint_tag 000000018003f790 f   sfc_debug:sfdb_breakpoints.obj
 0001:0003e870       sf_debug_bm_is_a_eml_breakpoint_impl 000000018003f870 f   sfc_debug:sfdb_breakpoints.obj
 0001:000402f0       sf_debug_sc_push_on_error_stack 00000001800412f0 f   sfc_debug:sfdb_state_consistency.obj
 0001:00040420       sf_debug_sc_reset_error_stack 0000000180041420 f   sfc_debug:sfdb_state_consistency.obj
 0001:000405b0       sf_debug_sc_is_state_inconsistent 00000001800415b0 f   sfc_debug:sfdb_state_consistency.obj
 0001:000408b0       sf_debug_sc_fill_consistency_info 00000001800418b0 f   sfc_debug:sfdb_state_consistency.obj
 0001:00040e90       void_assertion_fcn         0000000180041e90 f   sfc_debug:sfdb_call_stack.obj
 0001:00041410       sf_debug_tm_fill_local_trace 0000000180042410 f   sfc_debug:sfdb_call_stack.obj
 0001:000419e0       sf_debug_cd_terminate_instance 00000001800429e0 f   sfc_debug:sfdb_cycle_detection.obj
 0001:00041a40       sf_debug_cd_free_checksum_stack 0000000180042a40 f   sfc_debug:sfdb_cycle_detection.obj
 0001:00041a90       sf_debug_cd_reset_pack_strings 0000000180042a90 f   sfc_debug:sfdb_cycle_detection.obj
 0001:00042150       md5file_clear              0000000180043150 f   sfc_debug:ckmd5.obj
 0001:00042180       Encode                     0000000180043180 f   sfc_debug:ckmd5.obj
 0001:000421d0       Decode                     00000001800431d0 f   sfc_debug:ckmd5.obj
 0001:00042270       MD5Transform               0000000180043270 f   sfc_debug:ckmd5.obj
 0001:00042ac0       md5file_addn               0000000180043ac0 f   sfc_debug:ckmd5.obj
 0001:00042b90       md5file_hash               0000000180043b90 f   sfc_debug:ckmd5.obj
 0001:00043088       pre_c_init                 0000000180044088 f   MSVCRT:crtdll.obj
 0001:00043344       __DllMainCRTStartup        0000000180044344 f   MSVCRT:crtdll.obj
 0001:00043a50       __DllMainCRTStartup$filt$0 0000000180044a50 f   MSVCRT:crtdll.obj
 0001:00043a80       __DllMainCRTStartup$fin$1  0000000180044a80 f   MSVCRT:crtdll.obj
 0001:00043a9a       _onexit$fin$0              0000000180044a9a f   MSVCRT:atonexit.obj
 0001:00043ac0       _IsNonwritableInCurrentImage$filt$0 0000000180044ac0 f   MSVCRT:pesect.obj
