 TischMal2_sfun

 Timestamp is 50ae9596 (Thu Nov 22 22:13:58 2012)

 Preferred load address is 0000000180000000

 Start         Length     Name                   Class
 0001:00000000 00042344H .text                   CODE
 0001:00042350 00000092H .text$x                 CODE
 0002:00000000 00000468H .idata$5                DATA
 0002:00000468 00000008H .CRT$XCA                DATA
 0002:00000470 00000008H .CRT$XCZ                DATA
 0002:00000478 00000008H .CRT$XIA                DATA
 0002:00000480 00000008H .CRT$XIAA               DATA
 0002:00000488 00000008H .CRT$XIZ                DATA
 0002:00000490 00004bacH .rdata                  DATA
 0002:00005040 00000008H .rtc$IAA                DATA
 0002:00005048 00000008H .rtc$IZZ                DATA
 0002:00005050 00000008H .rtc$TAA                DATA
 0002:00005058 00000008H .rtc$TZZ                DATA
 0002:00005060 0000424cH .xdata                  DATA
 0002:000092ac 0000008cH .idata$2                DATA
 0002:00009338 00000014H .idata$3                DATA
 0002:00009350 00000468H .idata$4                DATA
 0002:000097b8 00000a38H .idata$6                DATA
 0002:0000a1f0 00000054H .edata                  DATA
 0003:00000000 00003d68H .data                   DATA
 0003:00003d80 000026b8H .bss                    DATA
 0004:00000000 0000354cH .pdata                  DATA

  Address         Publics by Value              Rva+Base               Lib:Object

 0000:00000000       ___safe_se_handler_count   0000000000000000     <absolute>
 0000:00000000       ___safe_se_handler_table   0000000000000000     <absolute>
 0000:00000000       __ImageBase                0000000180000000     <linker-defined>
 0001:00000000       sf_c1_TischMal2_get_eml_resolved_functions_info 0000000180001000 f   c1_TischMal2.obj
 0001:00000620       sf_c1_TischMal2_get_check_sum 0000000180001620 f   c1_TischMal2.obj
 0001:000006a0       sf_c1_TischMal2_get_autoinheritance_info 00000001800016a0 f   c1_TischMal2.obj
 0001:00001260       sf_internal_get_sim_state_c1_TischMal2 0000000180002260 f   c1_TischMal2.obj
 0001:000015c0       sf_internal_set_sim_state_c1_TischMal2 00000001800025c0 f   c1_TischMal2.obj
 0001:000019b0       c1_TischMal2_method_dispatcher 00000001800029b0 f   c1_TischMal2.obj
 0001:00003f00       sf_c2_TischMal2_get_eml_resolved_functions_info 0000000180004f00 f   c2_TischMal2.obj
 0001:00004590       sf_c2_TischMal2_get_check_sum 0000000180005590 f   c2_TischMal2.obj
 0001:00004610       sf_c2_TischMal2_get_autoinheritance_info 0000000180005610 f   c2_TischMal2.obj
 0001:000051d0       sf_internal_get_sim_state_c2_TischMal2 00000001800061d0 f   c2_TischMal2.obj
 0001:00005520       sf_internal_set_sim_state_c2_TischMal2 0000000180006520 f   c2_TischMal2.obj
 0001:00005910       c2_TischMal2_method_dispatcher 0000000180006910 f   c2_TischMal2.obj
 0001:00007e60       sf_c3_TischMal2_get_eml_resolved_functions_info 0000000180008e60 f   c3_TischMal2.obj
 0001:00007ee0       sf_c3_TischMal2_get_check_sum 0000000180008ee0 f   c3_TischMal2.obj
 0001:00007f60       sf_c3_TischMal2_get_autoinheritance_info 0000000180008f60 f   c3_TischMal2.obj
 0001:00008380       sf_internal_get_sim_state_c3_TischMal2 0000000180009380 f   c3_TischMal2.obj
 0001:000086d0       sf_internal_set_sim_state_c3_TischMal2 00000001800096d0 f   c3_TischMal2.obj
 0001:00008ac0       c3_TischMal2_method_dispatcher 0000000180009ac0 f   c3_TischMal2.obj
 0001:0000a350       sf_c4_TischMal2_get_eml_resolved_functions_info 000000018000b350 f   c4_TischMal2.obj
 0001:0000a970       sf_c4_TischMal2_get_check_sum 000000018000b970 f   c4_TischMal2.obj
 0001:0000a9f0       sf_c4_TischMal2_get_autoinheritance_info 000000018000b9f0 f   c4_TischMal2.obj
 0001:0000af60       sf_internal_get_sim_state_c4_TischMal2 000000018000bf60 f   c4_TischMal2.obj
 0001:0000b2b0       sf_internal_set_sim_state_c4_TischMal2 000000018000c2b0 f   c4_TischMal2.obj
 0001:0000b6a0       c4_TischMal2_method_dispatcher 000000018000c6a0 f   c4_TischMal2.obj
 0001:0000d0d0       sf_c5_TischMal2_get_eml_resolved_functions_info 000000018000e0d0 f   c5_TischMal2.obj
 0001:0000d7a0       sf_c5_TischMal2_get_check_sum 000000018000e7a0 f   c5_TischMal2.obj
 0001:0000d820       sf_c5_TischMal2_get_autoinheritance_info 000000018000e820 f   c5_TischMal2.obj
 0001:0000dd90       sf_internal_get_sim_state_c5_TischMal2 000000018000ed90 f   c5_TischMal2.obj
 0001:0000e0e0       sf_internal_set_sim_state_c5_TischMal2 000000018000f0e0 f   c5_TischMal2.obj
 0001:0000e4d0       c5_TischMal2_method_dispatcher 000000018000f4d0 f   c5_TischMal2.obj
 0001:0000ff00       sf_process_check_sum_call  0000000180010f00 f   TischMal2_sfun_registry.obj
 0001:0000ff50       sf_process_autoinheritance_call 0000000180010f50 f   TischMal2_sfun_registry.obj
 0001:000100f0       sf_process_get_eml_resolved_functions_info_call 00000001800110f0 f   TischMal2_sfun_registry.obj
 0001:00010270       sf_mex_unlock_call         0000000180011270 f   TischMal2_sfun_registry.obj
 0001:00010320       sf_machine_global_initializer_called 0000000180011320 f   TischMal2_sfun_registry.obj
 0001:00010350       sf_machine_global_method_dispatcher 0000000180011350 f   TischMal2_sfun_registry.obj
 0001:000103b0       sf_machine_global_terminator 00000001800113b0 f   TischMal2_sfun_registry.obj
 0001:000103f0       sf_register_machine_exported_symbols 00000001800113f0 f   TischMal2_sfun_registry.obj
 0001:00010410       callCustomFcn              0000000180011410 f   TischMal2_sfun_registry.obj
 0001:00010420       sf_machine_global_initializer 0000000180011420 f   TischMal2_sfun_registry.obj
 0001:00010490       _ssSetStateAbsTol          0000000180011490 f   TischMal2_sfun_registry.obj
 0001:00010570       _ssGetAbsTol               0000000180011570 f   TischMal2_sfun_registry.obj
 0001:000105e0       _ssSetInputPortMatrixDimensions 00000001800115e0 f   TischMal2_sfun_registry.obj
 0001:000106f0       _ssSetOutputPortMatrixDimensions 00000001800116f0 f   TischMal2_sfun_registry.obj
 0001:00010800       _ssSetInputPortVectorDimension 0000000180011800 f   TischMal2_sfun_registry.obj
 0001:000108d0       _ssSetOutputPortVectorDimension 00000001800118d0 f   TischMal2_sfun_registry.obj
 0001:000109a0       ssIsRunTimeParamTunable    00000001800119a0 f   TischMal2_sfun_registry.obj
 0001:00010a10       ssGetSFuncBlockHandle      0000000180011a10 f   TischMal2_sfun_registry.obj
 0001:00010a80       _ssGetCurrentInputPortWidth 0000000180011a80 f   TischMal2_sfun_registry.obj
 0001:00010ba0       _ssGetCurrentOutputPortWidth 0000000180011ba0 f   TischMal2_sfun_registry.obj
 0001:00010cc0       _ssGetCallSystemNumFcnCallDestinations 0000000180011cc0 f   TischMal2_sfun_registry.obj
 0001:00010d30       ssWarning                  0000000180011d30 f   TischMal2_sfun_registry.obj
 0001:00010e40       ssGetIsZeroCrossControlDisabled 0000000180011e40 f   TischMal2_sfun_registry.obj
 0001:00010eb0       ssSetIsInputPortUsedForContZcSignal 0000000180011eb0 f   TischMal2_sfun_registry.obj
 0001:00010f20       ssSetZcSignalIsZcElementDisc 0000000180011f20 f   TischMal2_sfun_registry.obj
 0001:00010fd0       ssSetZcSignalName          0000000180011fd0 f   TischMal2_sfun_registry.obj
 0001:00011040       ssSetZcSignalWidth         0000000180012040 f   TischMal2_sfun_registry.obj
 0001:000110b0       ssSetZcSignalZcEventType   00000001800120b0 f   TischMal2_sfun_registry.obj
 0001:00011120       ssSetZcSignalType          0000000180012120 f   TischMal2_sfun_registry.obj
 0001:00011190       ssSetZcSignalZcTol         0000000180012190 f   TischMal2_sfun_registry.obj
 0001:00011200       ssSetZcSignalNeedsEventNotification 0000000180012200 f   TischMal2_sfun_registry.obj
 0001:00011270       ssCreateAndAddZcSignalInfo 0000000180012270 f   TischMal2_sfun_registry.obj
 0001:000112e0       ssCloneAndAddZcSignalInfo  00000001800122e0 f   TischMal2_sfun_registry.obj
 0001:00011350       ssGetNumZcSignals          0000000180012350 f   TischMal2_sfun_registry.obj
 0001:000113c0       ssGetZcSignalVector        00000001800123c0 f   TischMal2_sfun_registry.obj
 0001:00011430       ssGetZcSignalZcEvents      0000000180012430 f   TischMal2_sfun_registry.obj
 0001:000114a0       ssGetZcSignalName          00000001800124a0 f   TischMal2_sfun_registry.obj
 0001:00011510       ssGetZcSignalWidth         0000000180012510 f   TischMal2_sfun_registry.obj
 0001:00011580       ssGetZcSignalZcEventType   0000000180012580 f   TischMal2_sfun_registry.obj
 0001:000115f0       ssGetZcSignalType          00000001800125f0 f   TischMal2_sfun_registry.obj
 0001:00011660       ssGetZcSignalZcTol         0000000180012660 f   TischMal2_sfun_registry.obj
 0001:000116e0       ssGetZcSignalNeedsEventNotification 00000001800126e0 f   TischMal2_sfun_registry.obj
 0001:00011750       ssGetZcSignalIsZcElementDisc 0000000180012750 f   TischMal2_sfun_registry.obj
 0001:000117f0       ssGetIsInputPortElementContinuous 00000001800127f0 f   TischMal2_sfun_registry.obj
 0001:00011890       _ssGetInputPortSignalPtrsFcn 0000000180012890 f   TischMal2_sfun_registry.obj
 0001:00011b50       _ssGetInputPortSignalFcn   0000000180012b50 f   TischMal2_sfun_registry.obj
 0001:00011d70       _ssSetInputPortDirectFeedThroughFcn 0000000180012d70 f   TischMal2_sfun_registry.obj
 0001:00011ed0       _ssSetInputPortReusableFcn 0000000180012ed0 f   TischMal2_sfun_registry.obj
 0001:00011fc0       _ssSetOutputPortReusableFcn 0000000180012fc0 f   TischMal2_sfun_registry.obj
 0001:000120a0       ssGetDTypeIdFromMxArray    00000001800130a0 f   TischMal2_sfun_registry.obj
 0001:000121c0       ssWriteRTWStr              00000001800131c0 f   TischMal2_sfun_registry.obj
 0001:00012220       ssWriteRTWMxVectParam      0000000180013220 f   TischMal2_sfun_registry.obj
 0001:00012280       ssWriteRTWMx2dMatParam     0000000180013280 f   TischMal2_sfun_registry.obj
 0001:00012300       ssWriteRTWNameValuePair    0000000180013300 f   TischMal2_sfun_registry.obj
 0001:000127f0       ssWriteRTWParameters       00000001800137f0 f   TischMal2_sfun_registry.obj
 0001:00012df0       ssWriteRTWParamSettings    0000000180013df0 f   TischMal2_sfun_registry.obj
 0001:000134c0       ssWriteRTWWorkVect         00000001800144c0 f   TischMal2_sfun_registry.obj
 0001:000139c0       mexFunction                00000001800149c0 f   TischMal2_sfun_registry.obj
 0001:00015600       ProcessMexSfunctionEveryCall 0000000180016600 f   TischMal2_sfun_registry.obj
 0001:00015770       TischMal2_initializer      0000000180016770 f   TischMal2_sfun.obj
 0001:00015780       TischMal2_terminator       0000000180016780 f   TischMal2_sfun.obj
 0001:00015790       sf_TischMal2_method_dispatcher 0000000180016790 f   TischMal2_sfun.obj
 0001:00015860       sf_TischMal2_process_check_sum_call 0000000180016860 f   TischMal2_sfun.obj
 0001:00015cc0       sf_TischMal2_autoinheritance_info 0000000180016cc0 f   TischMal2_sfun.obj
 0001:00015f70       sf_TischMal2_get_eml_resolved_functions_info 0000000180016f70 f   TischMal2_sfun.obj
 0001:000161b0       TischMal2_debug_initialize 00000001800171b0 f   TischMal2_sfun.obj
 0001:00016220       TischMal2_register_exported_symbols 0000000180017220 f   TischMal2_sfun.obj
 0001:00016230       load_TischMal2_optimization_info 0000000180017230 f   TischMal2_sfun.obj
 0001:00016280       unload_TischMal2_optimization_info 0000000180017280 f   TischMal2_sfun.obj
 0001:00016350       sf_mex_mx_is_numeric       0000000180017350 f   sfc_mex:sfc_mex.obj
 0001:00016390       strcmp_ignore_ws           0000000180017390 f   sfc_mex:sfc_mex.obj
 0001:000164d0       sf_mex_duplicatearraysafe  00000001800174d0 f   sfc_mex:sfc_mex.obj
 0001:00016630       sf_set_error_debugger_context_message_fcn 0000000180017630 f   sfc_mex:sfc_mex.obj
 0001:00016640       sf_set_debugger_matlab_error_fcn 0000000180017640 f   sfc_mex:sfc_mex.obj
 0001:00016670       sf_set_error_prefix_string 0000000180017670 f   sfc_mex:sfc_mex.obj
 0001:000166a0       sf_get_error_prefix_string 00000001800176a0 f   sfc_mex:sfc_mex.obj
 0001:000166b0       sf_mex_enter_parallel_region 00000001800176b0 f   sfc_mex:sfc_mex.obj
 0001:000166c0       sf_mex_exit_parallel_region 00000001800176c0 f   sfc_mex:sfc_mex.obj
 0001:000166d0       sf_get_current_jmp_buf_ptr 00000001800176d0 f   sfc_mex:sfc_mex.obj
 0001:000166e0       sf_set_current_jmp_buf_ptr 00000001800176e0 f   sfc_mex:sfc_mex.obj
 0001:000166f0       sf_mex_set_halt_simulation 00000001800176f0 f   sfc_mex:sfc_mex.obj
 0001:00016700       sf_mex_get_halt_simulation 0000000180017700 f   sfc_mex:sfc_mex.obj
 0001:00016710       sf_mex_clear_error_message 0000000180017710 f   sfc_mex:sfc_mex.obj
 0001:00016730       sf_mex_get_error_message_for_read 0000000180017730 f   sfc_mex:sfc_mex.obj
 0001:00016740       sf_mex_get_error_message_buffer_length 0000000180017740 f   sfc_mex:sfc_mex.obj
 0001:00016820       sf_mex_warning_message     0000000180017820 f   sfc_mex:sfc_mex.obj
 0001:00016890       sf_mex_v_errbuf_createf    0000000180017890 f   sfc_mex:sfc_mex.obj
 0001:000168a0       sf_mex_errbuf_createf      00000001800178a0 f   sfc_mex:sfc_mex.obj
 0001:000168d0       sf_mex_v_errbuf_catf       00000001800178d0 f   sfc_mex:sfc_mex.obj
 0001:00016910       sf_mex_errbuf_catf         0000000180017910 f   sfc_mex:sfc_mex.obj
 0001:00016960       sf_mex_errbuf_copy         0000000180017960 f   sfc_mex:sfc_mex.obj
 0001:00016970       sf_mex_errbuf_clear        0000000180017970 f   sfc_mex:sfc_mex.obj
 0001:00016980       sf_mex_errbuf_isempty      0000000180017980 f   sfc_mex:sfc_mex.obj
 0001:00016a90       sf_mex_set_error_status    0000000180017a90 f   sfc_mex:sfc_mex.obj
 0001:00016ae0       sf_mex_error_direct_call   0000000180017ae0 f   sfc_mex:sfc_mex.obj
 0001:00016b00       sf_mex_error_message_no_long_jump 0000000180017b00 f   sfc_mex:sfc_mex.obj
 0001:00016b20       sf_mex_long_jump_on_error  0000000180017b20 f   sfc_mex:sfc_mex.obj
 0001:00016b50       sf_mex_call_matlab         0000000180017b50 f   sfc_mex:sfc_mex.obj
 0001:00016c70       sf_mex_check_builtin       0000000180017c70 f   sfc_mex:sfc_mex.obj
 0001:00016cb0       sf_mex_check_builtin_vs    0000000180017cb0 f   sfc_mex:sfc_mex.obj
 0001:00016d10       sf_mex_check_enum          0000000180017d10 f   sfc_mex:sfc_mex.obj
 0001:00016d40       sf_mex_create_enum         0000000180017d40 f   sfc_mex:sfc_mex.obj
 0001:00016d60       sf_mex_get_enum_element    0000000180017d60 f   sfc_mex:sfc_mex.obj
 0001:00016d70       sf_mex_createcellarray     0000000180017d70 f   sfc_mex:sfc_mex.obj
 0001:00016d80       sf_mex_setcell             0000000180017d80 f   sfc_mex:sfc_mex.obj
 0001:00016d90       sf_mex_getcell             0000000180017d90 f   sfc_mex:sfc_mex.obj
 0001:00016da0       sf_mex_dup                 0000000180017da0 f   sfc_mex:sfc_mex.obj
 0001:00016dc0       sf_mex_assign              0000000180017dc0 f   sfc_mex:sfc_mex.obj
 0001:00016e40       sf_mex_destroy             0000000180017e40 f   sfc_mex:sfc_mex.obj
 0001:00016e70       mx_array_has_fi_type       0000000180017e70 f   sfc_mex:sfc_mex.obj
 0001:00016ea0       sf_mex_convert_from_fi     0000000180017ea0 f   sfc_mex:sfc_mex.obj
 0001:00016f50       sf_mex_convert_to_double   0000000180017f50 f   sfc_mex:sfc_mex.obj
 0001:00017070       sf_mex_import_fi_vs        0000000180018070 f   sfc_mex:sfc_mex.obj
 0001:00017230       sf_matrix_matrix_index_ok  0000000180018230 f   sfc_mex:sfc_mex.obj
 0001:000172c0       sf_vector_vector_index_ok  00000001800182c0 f   sfc_mex:sfc_mex.obj
 0001:000172f0       ssGetCurrentInputPortDimensions_wrapper 00000001800182f0 f   sfc_mex:sfc_mex.obj
 0001:00017310       ssGetCurrentOutputPortDimensions_wrapper 0000000180018310 f   sfc_mex:sfc_mex.obj
 0001:00017330       sf_mex_emlrt_context_is_debug_mode 0000000180018330 f   sfc_mex:sfc_mex.obj
 0001:00017340       sf_mex_emlrt_context_set_debug_mode 0000000180018340 f   sfc_mex:sfc_mex.obj
 0001:00017350       sf_mex_emlrtNameCapturePostProcessR2012a 0000000180018350 f   sfc_mex:sfc_mex.obj
 0001:000173c0       sf_clear_error_manager_info 00000001800183c0 f   sfc_mex:sfc_mex.obj
 0001:00017420       sf_mex_stop_simulation_abruptly_wo_error 0000000180018420 f   sfc_mex:sfc_mex.obj
 0001:00017460       sf_mex_error_message       0000000180018460 f   sfc_mex:sfc_mex.obj
 0001:000174c0       sf_react_to_error_in_matlab_call 00000001800184c0 f   sfc_mex:sfc_mex.obj
 0001:000174f0       sf_mex_addfield            00000001800184f0 f   sfc_mex:sfc_mex.obj
 0001:00017590       sf_mex_getfield            0000000180018590 f   sfc_mex:sfc_mex.obj
 0001:00017890       sf_mex_check_class         0000000180018890 f   sfc_mex:sfc_mex.obj
 0001:00017930       sf_mex_is_real             0000000180018930 f   sfc_mex:sfc_mex.obj
 0001:00017da0       sf_mex_decode_encoded_mx_struct_array 0000000180018da0 f   sfc_mex:sfc_mex.obj
 0001:00018080       sf_mex_lw_bounds_check     0000000180019080 f   sfc_mex:sfc_mex.obj
 0001:000180b0       sf_mex_lw_size_eq_check_1d 00000001800190b0 f   sfc_mex:sfc_mex.obj
 0001:000180d0       sf_mex_lw_size_eq_check_nd 00000001800190d0 f   sfc_mex:sfc_mex.obj
 0001:000182b0       sf_mex_lw_dim_size_eq_check 00000001800192b0 f   sfc_mex:sfc_mex.obj
 0001:000182e0       sf_mex_lw_dim_size_geq_check 00000001800192e0 f   sfc_mex:sfc_mex.obj
 0001:00018310       sf_mex_lw_sub_assign_size_check_nd 0000000180019310 f   sfc_mex:sfc_mex.obj
 0001:00018540       sf_mex_lw_runtime_error_msgid 0000000180019540 f   sfc_mex:sfc_mex.obj
 0001:00018630       sf_mex_lw_matrix_matrix_index_check 0000000180019630 f   sfc_mex:sfc_mex.obj
 0001:00018650       sf_mex_lw_vector_vector_index_check 0000000180019650 f   sfc_mex:sfc_mex.obj
 0001:00018690       sf_mex_lw_for_loop_vector_check 0000000180019690 f   sfc_mex:sfc_mex.obj
 0001:00018710       sf_mex_lw_non_negative_check 0000000180019710 f   sfc_mex:sfc_mex.obj
 0001:00018750       sf_mex_overflow_error      0000000180019750 f   sfc_mex:sfc_mex.obj
 0001:00018760       sf_mex_dividebyzero_error  0000000180019760 f   sfc_mex:sfc_mex.obj
 0001:00018770       sf_mex_unsafe_enum_error   0000000180019770 f   sfc_mex:sfc_mex.obj
 0001:00018780       sf_emlrtErrHandler         0000000180019780 f   sfc_mex:sfc_mex.obj
 0001:00018860       sf_mex_size_one_check      0000000180019860 f   sfc_mex:sfc_mex.obj
 0001:00018880       sf_mex_printf              0000000180019880 f   sfc_mex:sfc_mex.obj
 0001:00018a50       sf_mex_check_size          0000000180019a50 f   sfc_mex:sfc_mex.obj
 0001:00018d20       sf_mex_check_struct        0000000180019d20 f   sfc_mex:sfc_mex.obj
 0001:00018f80       sf_mex_check_struct_vs     0000000180019f80 f   sfc_mex:sfc_mex.obj
 0001:00019010       sf_mex_check_fi            000000018001a010 f   sfc_mex:sfc_mex.obj
 0001:00019110       sf_mex_check_fi_vs         000000018001a110 f   sfc_mex:sfc_mex.obj
 0001:000191b0       sf_echo_expression         000000018001a1b0 f   sfc_mex:sfc_mex.obj
 0001:00019210       sf_assertion_failed        000000018001a210 f   sfc_mex:sfc_mex.obj
 0001:000194f0       sf_mex_evalin              000000018001a4f0 f   sfc_mex:sfc_mex.obj
 0001:00019760       sf_mex_export              000000018001a760 f   sfc_mex:sfc_mex.obj
 0001:00019820       sf_mex_get_ml_var_no_error 000000018001a820 f   sfc_mex:sfc_mex.obj
 0001:000199c0       sf_mex_get_ml_var          000000018001a9c0 f   sfc_mex:sfc_mex.obj
 0001:00019e60       ml_set_element_value_in_array 000000018001ae60 f   sfc_mex:sfc_mex.obj
 0001:0001b530       sf_mex_call_impl           000000018001c530 f   sfc_mex:sfc_mex.obj
 0001:0001ba60       sf_mex_call_debug          000000018001ca60 f   sfc_mex:sfc_mex.obj
 0001:0001ba90       sf_mex_call                000000018001ca90 f   sfc_mex:sfc_mex.obj
 0001:0001c0e0       sf_mex_createstruct        000000018001d0e0 f   sfc_mex:sfc_mex.obj
 0001:0001c1d0       sf_mex_createstructarray   000000018001d1d0 f   sfc_mex:sfc_mex.obj
 0001:0001c250       sf_mex_get_mx_datatype_from_sf_datatype 000000018001d250 f   sfc_mex:sfc_mex.obj
 0001:0001c560       sf_mex_ml_var_sub          000000018001d560 f   sfc_mex:sfc_mex.obj
 0001:0001c730       sf_mex_ml_var_subsasgn     000000018001d730 f   sfc_mex:sfc_mex.obj
 0001:0001cb20       sf_mex_sub                 000000018001db20 f   sfc_mex:sfc_mex.obj
 0001:0001cd20       sf_mex_subsasgn            000000018001dd20 f   sfc_mex:sfc_mex.obj
 0001:0001d200       sf_mex_create              000000018001e200 f   sfc_mex:sfc_mex.obj
 0001:0001dc50       sf_mex_import_named        000000018001ec50 f   sfc_mex:sfc_mex.obj
 0001:0001dcb0       sf_mex_import              000000018001ecb0 f   sfc_mex:sfc_mex.obj
 0001:0001dd00       sf_mex_import_vs           000000018001ed00 f   sfc_mex:sfc_mex.obj
 0001:0001de10       sf_mex_lower_fixpt_mx_array 000000018001ee10 f   sfc_mex:sfc_mex.obj
 0001:0001e100       sf_send_message_wrapper    000000018001f100 f   sfc_mex:sfc_sf.obj
 0001:0001e130       sf_receive_message_wrapper 000000018001f130 f   sfc_mex:sfc_sf.obj
 0001:0001e170       sf_check_out_message_wrapper 000000018001f170 f   sfc_mex:sfc_sf.obj
 0001:0001e1b0       sf_check_in_message_wrapper 000000018001f1b0 f   sfc_mex:sfc_sf.obj
 0001:0001e1f0       sf_no_message_wrapper      000000018001f1f0 f   sfc_mex:sfc_sf.obj
 0001:0001e580       sim_mode_is_rtw_gen        000000018001f580 f   sfc_mex:sfc_sf.obj
 0001:0001e5b0       sim_mode_is_external       000000018001f5b0 f   sfc_mex:sfc_sf.obj
 0001:0001e5c0       sim_mode_is_modelref_sim   000000018001f5c0 f   sfc_mex:sfc_sf.obj
 0001:0001e5e0       mdlInitializeSizes         000000018001f5e0 f   sfc_mex:sfc_sf.obj
 0001:0001e600       mdlInitializeSampleTimes   000000018001f600 f   sfc_mex:sfc_sf.obj
 0001:0001e640       mdlZeroCrossings           000000018001f640 f   sfc_mex:sfc_sf.obj
 0001:0001e720       mdlDerivatives             000000018001f720 f   sfc_mex:sfc_sf.obj
 0001:0001e7d0       mdl_initialize_conditions_processing 000000018001f7d0 f   sfc_mex:sfc_sf.obj
 0001:0001e800       mdlInitializeConditions    000000018001f800 f   sfc_mex:sfc_sf.obj
 0001:0001e8c0       mdlGetSimState             000000018001f8c0 f   sfc_mex:sfc_sf.obj
 0001:0001e8d0       mdlSetSimState             000000018001f8d0 f   sfc_mex:sfc_sf.obj
 0001:0001e8e0       mdl_ext_mode_exec_processing 000000018001f8e0 f   sfc_mex:sfc_sf.obj
 0001:0001e900       mdlExtModeExec             000000018001f900 f   sfc_mex:sfc_sf.obj
 0001:0001ea90       mdlTerminate               000000018001fa90 f   sfc_mex:sfc_sf.obj
 0001:0001eb00       mdlRTW                     000000018001fb00 f   sfc_mex:sfc_sf.obj
 0001:0001eb30       mdlSetWorkWidths           000000018001fb30 f   sfc_mex:sfc_sf.obj
 0001:0001eb40       mdlProcessParameters       000000018001fb40 f   sfc_mex:sfc_sf.obj
 0001:0001eb50       mdl_start_processing       000000018001fb50 f   sfc_mex:sfc_sf.obj
 0001:0001eb90       mdlStart                   000000018001fb90 f   sfc_mex:sfc_sf.obj
 0001:0001ec80       mdlEnable                  000000018001fc80 f   sfc_mex:sfc_sf.obj
 0001:0001ed50       mdlDisable                 000000018001fd50 f   sfc_mex:sfc_sf.obj
 0001:0001ee00       sf_get_chart_instance_ptr  000000018001fe00 f   sfc_mex:sfc_sf.obj
 0001:0001ee20       sf_load_rtw_optimization_info 000000018001fe20 f   sfc_mex:sfc_sf.obj
 0001:0001eef0       sf_rtw_info_uint_prop      000000018001fef0 f   sfc_mex:sfc_sf.obj
 0001:0001f030       sf_is_chart_inlinable      0000000180020030 f   sfc_mex:sfc_sf.obj
 0001:0001f050       sf_mark_output_events_with_multiple_callers 0000000180020050 f   sfc_mex:sfc_sf.obj
 0001:0001f1e0       sf_mark_chart_reusable_outputs 00000001800201e0 f   sfc_mex:sfc_sf.obj
 0001:0001f440       sf_mark_chart_expressionable_inputs 0000000180020440 f   sfc_mex:sfc_sf.obj
 0001:0001f6a0       sf_get_subchart_simstruct  00000001800206a0 f   sfc_mex:sfc_sf.obj
 0001:0001f6f0       sf_get_fixpt_data_type_id  00000001800206f0 f   sfc_mex:sfc_sf.obj
 0001:0001f730       sf_get_enum_data_type_id   0000000180020730 f   sfc_mex:sfc_sf.obj
 0001:0001f770       sf_get_param_data_type_id  0000000180020770 f   sfc_mex:sfc_sf.obj
 0001:0001f7a0       sf_mex_listen_for_ctrl_c_force 00000001800207a0 f   sfc_mex:sfc_sf.obj
 0001:0001f8b0       sf_mex_draw_now            00000001800208b0 f   sfc_mex:sfc_sf.obj
 0001:0001f8f0       sf_mex_set_debugger_sim_status_listener_fcn 00000001800208f0 f   sfc_mex:sfc_sf.obj
 0001:0001f900       sf_mex_listen_for_ctrl_c   0000000180020900 f   sfc_mex:sfc_sf.obj
 0001:0001f990       sf_mex_get_sfun_param      0000000180020990 f   sfc_mex:sfc_sf.obj
 0001:0001f9e0       sf_get_runtime_param_data  00000001800209e0 f   sfc_mex:sfc_sf.obj
 0001:0001fa20       sf_call_output_fcn_call    0000000180020a20 f   sfc_mex:sfc_sf.obj
 0001:0001fb60       sf_call_output_fcn_enable  0000000180020b60 f   sfc_mex:sfc_sf.obj
 0001:0001fbf0       sf_call_output_fcn_disable 0000000180020bf0 f   sfc_mex:sfc_sf.obj
 0001:0001fc80       sf_clear_rtw_identifier    0000000180020c80 f   sfc_mex:sfc_sf.obj
 0001:00020470       sf_set_encoded_dwork_info  0000000180021470 f   sfc_mex:sfc_sf.obj
 0001:000204c0       sf_get_dwork_info_from_mat_file 00000001800214c0 f   sfc_mex:sfc_sf.obj
 0001:00020680       sf_set_rtw_dwork_info      0000000180021680 f   sfc_mex:sfc_sf.obj
 0001:000207f0       mdlOutputs                 00000001800217f0 f   sfc_mex:sfc_sf.obj
 0001:00020990       sf_debug_disp              0000000180021990 f   sfc_debug:sfcdebug.obj
 0001:00020bf0       sf_debug_data_runtime_size_mismatch_error_check 0000000180021bf0 f   sfc_debug:sfcdebug.obj
 0001:00020c90       sf_debug_try_loading_machine 0000000180021c90 f   sfc_debug:sfcdebug.obj
 0001:00020d90       sf_debug_reset_current_state_configuration 0000000180021d90 f   sfc_debug:sfcdebug.obj
 0001:00020e20       sf_debug_store_current_state_configuration 0000000180021e20 f   sfc_debug:sfcdebug.obj
 0001:00020eb0       sf_debug_restore_previous_state_configuration 0000000180021eb0 f   sfc_debug:sfcdebug.obj
 0001:00020f40       sf_debug_restore_previous_state_configuration2 0000000180021f40 f   sfc_debug:sfcdebug.obj
 0001:00020fd0       sf_debug_get_event_scope   0000000180021fd0 f   sfc_debug:sfcdebug.obj
 0001:00021140       use_debugger_step_animation 0000000180022140 f   sfc_debug:sfcdebug.obj
 0001:00021160       sf_debug_get_script_id     0000000180022160 f   sfc_debug:sfcdebug.obj
 0001:000211f0       sf_debug_set_script_translation 00000001800221f0 f   sfc_debug:sfcdebug.obj
 0001:00021370       sf_debug_extract_message_post_receive_info 0000000180022370 f   sfc_debug:sfcdebug.obj
 0001:00021470       sf_debug_get_current_machine_id 0000000180022470 f   sfc_debug:sfcdebug.obj
 0001:00021490       sf_debug_get_current_optional_integer 0000000180022490 f   sfc_debug:sfcdebug.obj
 0001:000214a0       sf_debug_get_current_machine_number 00000001800224a0 f   sfc_debug:sfcdebug.obj
 0001:000214c0       sf_debug_get_current_machine_name 00000001800224c0 f   sfc_debug:sfcdebug.obj
 0001:000214e0       sf_debug_get_current_chart_id 00000001800224e0 f   sfc_debug:sfcdebug.obj
 0001:00021530       sf_debug_get_current_chart_number 0000000180022530 f   sfc_debug:sfcdebug.obj
 0001:00021540       sf_debug_get_current_instance_number 0000000180022540 f   sfc_debug:sfcdebug.obj
 0001:00021550       sf_debug_get_current_is_minor_time_step 0000000180022550 f   sfc_debug:sfcdebug.obj
 0001:000215d0       sf_debug_get_current_object_type 00000001800225d0 f   sfc_debug:sfcdebug.obj
 0001:000215e0       sf_debug_get_current_instance_handle 00000001800225e0 f   sfc_debug:sfcdebug.obj
 0001:00021640       sf_debug_get_current_event_type 0000000180022640 f   sfc_debug:sfcdebug.obj
 0001:00021650       sf_debug_get_current_object_id 0000000180022650 f   sfc_debug:sfcdebug.obj
 0001:00021690       sf_debug_get_current_active_event_type 0000000180022690 f   sfc_debug:sfcdebug.obj
 0001:000216a0       sf_debug_get_current_active_event_id 00000001800226a0 f   sfc_debug:sfcdebug.obj
 0001:000216e0       sf_debug_get_current_tag_type 00000001800226e0 f   sfc_debug:sfcdebug.obj
 0001:000216f0       sf_debug_get_current_simulation_time 00000001800226f0 f   sfc_debug:sfcdebug.obj
 0001:00021700       sf_debug_get_current_coverage_percentage 0000000180022700 f   sfc_debug:sfcdebug.obj
 0001:00021710       sf_debug_current_statement_context 0000000180022710 f   sfc_debug:sfcdebug.obj
 0001:000217a0       sf_debug_get_current_statement_info 00000001800227a0 f   sfc_debug:sfcdebug.obj
 0001:00021920       sf_debug_terminate_instance 0000000180022920 f   sfc_debug:sfcdebug.obj
 0001:00021c60       sf_debug_assertion_failed  0000000180022c60 f   sfc_debug:sfcdebug.obj
 0001:00021e10       sf_debug_set_number_of_data_with_change_event_for_machine 0000000180022e10 f   sfc_debug:sfcdebug.obj
 0001:00021e50       sf_debug_set_machine_event_thresholds 0000000180022e50 f   sfc_debug:sfcdebug.obj
 0001:00021e70       sf_debug_set_machine_event_scope 0000000180022e70 f   sfc_debug:sfcdebug.obj
 0001:00021eb0       sf_debug_set_machine_data_thresholds 0000000180022eb0 f   sfc_debug:sfcdebug.obj
 0001:00021ef0       sf_debug_set_machine_data_scope 0000000180022ef0 f   sfc_debug:sfcdebug.obj
 0001:00021f80       sf_debug_set_machine_data_name 0000000180022f80 f   sfc_debug:sfcdebug.obj
 0001:00022020       sf_debug_set_machine_data_size 0000000180023020 f   sfc_debug:sfcdebug.obj
 0001:00022160       sf_debug_set_machine_data_type 0000000180023160 f   sfc_debug:sfcdebug.obj
 0001:000222d0       sf_debug_get_chart_data_number 00000001800232d0 f   sfc_debug:sfcdebug.obj
 0001:000222f0       sf_debug_get_chart_event_number 00000001800232f0 f   sfc_debug:sfcdebug.obj
 0001:00022310       sf_debug_set_chart_state_info 0000000180023310 f   sfc_debug:sfcdebug.obj
 0001:00022390       sf_debug_set_chart_decomposition 0000000180023390 f   sfc_debug:sfcdebug.obj
 0001:00022400       sf_debug_set_chart_substate_count 0000000180023400 f   sfc_debug:sfcdebug.obj
 0001:000224e0       sf_debug_set_chart_substate_index 00000001800234e0 f   sfc_debug:sfcdebug.obj
 0001:00022550       sf_debug_set_chart_state_substate_count 0000000180023550 f   sfc_debug:sfcdebug.obj
 0001:00022660       sf_debug_set_chart_state_substate_index 0000000180023660 f   sfc_debug:sfcdebug.obj
 0001:000226e0       sf_debug_set_number_of_data_with_change_event_for_chart 00000001800236e0 f   sfc_debug:sfcdebug.obj
 0001:00022760       sf_debug_set_number_of_states_with_entry_event_for_chart 0000000180023760 f   sfc_debug:sfcdebug.obj
 0001:000227d0       sf_debug_set_number_of_states_with_exit_event_for_chart 00000001800237d0 f   sfc_debug:sfcdebug.obj
 0001:00022840       sf_debug_set_chart_disable_implicit_casting 0000000180023840 f   sfc_debug:sfcdebug.obj
 0001:000228b0       sf_debug_set_chart_event_thresholds 00000001800238b0 f   sfc_debug:sfcdebug.obj
 0001:00022920       sf_debug_set_chart_data_compiled_props 0000000180023920 f   sfc_debug:sfcdebug.obj
 0001:00022c70       sf_debug_set_chart_data_props 0000000180023c70 f   sfc_debug:sfcdebug.obj
 0001:00022f90       sf_debug_check_fi_license  0000000180023f90 f   sfc_debug:sfcdebug.obj
 0001:00023180       sf_debug_symbol_scope_push 0000000180024180 f   sfc_debug:sfcdebug.obj
 0001:000231c0       sf_debug_symbol_scope_push_eml 00000001800241c0 f   sfc_debug:sfcdebug.obj
 0001:00023210       sf_debug_symbol_scope_pop  0000000180024210 f   sfc_debug:sfcdebug.obj
 0001:00023250       sf_debug_symbol_scope_add_importable 0000000180024250 f   sfc_debug:sfcdebug.obj
 0001:000232d0       sf_debug_symbol_scope_add  00000001800242d0 f   sfc_debug:sfcdebug.obj
 0001:00023350       sf_debug_symbol_scope_add_dyn_importable 0000000180024350 f   sfc_debug:sfcdebug.obj
 0001:00023410       sf_debug_symbol_scope_add_dyn 0000000180024410 f   sfc_debug:sfcdebug.obj
 0001:00023440       sf_debug_symbol_scope_add_eml_importable 0000000180024440 f   sfc_debug:sfcdebug.obj
 0001:00023480       sf_debug_symbol_scope_add_eml 0000000180024480 f   sfc_debug:sfcdebug.obj
 0001:000234c0       sf_debug_symbol_scope_add_eml_dyn_importable 00000001800244c0 f   sfc_debug:sfcdebug.obj
 0001:00023530       sf_debug_symbol_scope_add_eml_dyn 0000000180024530 f   sfc_debug:sfcdebug.obj
 0001:00023590       sf_debug_symbol_switch     0000000180024590 f   sfc_debug:sfcdebug.obj
 0001:000235b0       sf_debug_symbol_scope_add_verbose 00000001800245b0 f   sfc_debug:sfcdebug.obj
 0001:00023680       sf_debug_set_machine_data_value_ptr 0000000180024680 f   sfc_debug:sfcdebug.obj
 0001:000236c0       sf_debug_set_instance_data_value_ptr 00000001800246c0 f   sfc_debug:sfcdebug.obj
 0001:00023780       sf_debug_unset_instance_data_value_ptr 0000000180024780 f   sfc_debug:sfcdebug.obj
 0001:00023830       sf_debug_set_chart_event_scope 0000000180024830 f   sfc_debug:sfcdebug.obj
 0001:000238b0       sf_debug_set_chart_transition_coverage_maps 00000001800248b0 f   sfc_debug:sfcdebug.obj
 0001:000239c0       sf_debug_set_chart_state_coverage_maps 00000001800249c0 f   sfc_debug:sfcdebug.obj
 0001:00023aa0       sf_debug_set_instance_transition_coverage_weights 0000000180024aa0 f   sfc_debug:sfcdebug.obj
 0001:00023b40       sf_debug_set_instance_state_coverage_weights 0000000180024b40 f   sfc_debug:sfcdebug.obj
 0001:00023d90       sf_debug_unload_machine    0000000180024d90 f   sfc_debug:sfcdebug.obj
 0001:00023de0       sf_debug_load_machine      0000000180024de0 f   sfc_debug:sfcdebug.obj
 0001:00023ee0       sf_debug_set_active_instance_in_data_dictionary 0000000180024ee0 f   sfc_debug:sfcdebug.obj
 0001:000240c0       sf_debug_set_active_instance 00000001800250c0 f   sfc_debug:sfcdebug.obj
 0001:00024200       sf_debug_chart_visiblity_change 0000000180025200 f   sfc_debug:sfcdebug.obj
 0001:000242e0       sf_debug_select_chart      00000001800252e0 f   sfc_debug:sfcdebug.obj
 0001:000243b0       sf_debug_set_instance_cv_ids 00000001800253b0 f   sfc_debug:sfcdebug.obj
 0001:000246c0       sf_debug_select_charts     00000001800256c0 f   sfc_debug:sfcdebug.obj
 0001:00024800       sf_debug_initialized       0000000180025800 f   sfc_debug:sfcdebug.obj
 0001:00024810       sf_debug_is_uninterruptible 0000000180025810 f   sfc_debug:sfcdebug.obj
 0001:00024840       sf_debug_initialize_debugger_gui 0000000180025840 f   sfc_debug:sfcdebug.obj
 0001:00024c30       sf_debug_resume            0000000180025c30 f   sfc_debug:sfcdebug.obj
 0001:00024c50       sf_debug_go                0000000180025c50 f   sfc_debug:sfcdebug.obj
 0001:00024c60       sf_debug_break             0000000180025c60 f   sfc_debug:sfcdebug.obj
 0001:00024c70       sf_debug_step_over         0000000180025c70 f   sfc_debug:sfcdebug.obj
 0001:00024c80       sf_debug_step_out          0000000180025c80 f   sfc_debug:sfcdebug.obj
 0001:00024c90       sf_debug_set_disable_all_breakpoints 0000000180025c90 f   sfc_debug:sfcdebug.obj
 0001:00024ca0       sf_debug_disable_all_breakpoints_and_go 0000000180025ca0 f   sfc_debug:sfcdebug.obj
 0001:00024cb0       sf_debug_break_on_chart_entry 0000000180025cb0 f   sfc_debug:sfcdebug.obj
 0001:00024cc0       sf_debug_break_on_event_broadcast 0000000180025cc0 f   sfc_debug:sfcdebug.obj
 0001:00024cd0       sf_debug_break_on_state_entry 0000000180025cd0 f   sfc_debug:sfcdebug.obj
 0001:00024ce0       sf_debug_break_between_times 0000000180025ce0 f   sfc_debug:sfcdebug.obj
 0001:00024d00       sf_debug_browse_data       0000000180025d00 f   sfc_debug:sfcdebug.obj
 0001:00024d20       sf_debug_watch_data        0000000180025d20 f   sfc_debug:sfcdebug.obj
 0001:00024d40       sf_debug_assign_data       0000000180025d40 f   sfc_debug:sfcdebug.obj
 0001:00024d60       sf_debug_whos              0000000180025d60 f   sfc_debug:sfcdebug.obj
 0001:00024d80       sf_debug_get_consistency_info 0000000180025d80 f   sfc_debug:sfcdebug.obj
 0001:00024d90       sf_debug_browse_trace      0000000180025d90 f   sfc_debug:sfcdebug.obj
 0001:00024da0       sf_debug_set_breakpoints   0000000180025da0 f   sfc_debug:sfcdebug.obj
 0001:00024f00       sf_debug_set_eml_breakpoints 0000000180025f00 f   sfc_debug:sfcdebug.obj
 0001:00025060       sf_debug_set_script_breakpoints 0000000180026060 f   sfc_debug:sfcdebug.obj
 0001:000250e0       sf_debug_add_script_breakpoints 00000001800260e0 f   sfc_debug:sfcdebug.obj
 0001:00025150       sf_debug_clear_script_breakpoints 0000000180026150 f   sfc_debug:sfcdebug.obj
 0001:000251c0       sf_debug_query_script_breakpoints 00000001800261c0 f   sfc_debug:sfcdebug.obj
 0001:00025280       sf_debug_get_eml_script_id 0000000180026280 f   sfc_debug:sfcdebug.obj
 0001:000252d0       sf_debug_set_watch         00000001800262d0 f   sfc_debug:sfcdebug.obj
 0001:00025500       sf_debug_get_instance_handle 0000000180026500 f   sfc_debug:sfcdebug.obj
 0001:00025590       sf_debug_get_active_states 0000000180026590 f   sfc_debug:sfcdebug.obj
 0001:000255a0       sf_debug_get_animation     00000001800265a0 f   sfc_debug:sfcdebug.obj
 0001:000255b0       sf_debug_set_animation     00000001800265b0 f   sfc_debug:sfcdebug.obj
 0001:000255c0       sf_debug_animate           00000001800265c0 f   sfc_debug:sfcdebug.obj
 0001:000255f0       sf_debug_cycle_detection_check 00000001800265f0 f   sfc_debug:sfcdebug.obj
 0001:00025600       sf_debug_data_range_check  0000000180026600 f   sfc_debug:sfcdebug.obj
 0001:00025610       sf_debug_transition_conflict_check 0000000180026610 f   sfc_debug:sfcdebug.obj
 0001:00025620       sf_debug_state_consistency_check 0000000180026620 f   sfc_debug:sfcdebug.obj
 0001:00025630       sf_debug_data_range_check_enabled 0000000180026630 f   sfc_debug:sfcdebug.obj
 0001:00025650       sf_debug_transition_conflict_check_enabled 0000000180026650 f   sfc_debug:sfcdebug.obj
 0001:00025670       sf_debug_transition_conflict_check_begin 0000000180026670 f   sfc_debug:sfcdebug.obj
 0001:00025690       sf_debug_transition_conflict_check_end 0000000180026690 f   sfc_debug:sfcdebug.obj
 0001:000256b0       sf_debug_stop_debugging    00000001800266b0 f   sfc_debug:sfcdebug.obj
 0001:000256e0       sf_debug_is_cycle_detected 00000001800266e0 f   sfc_debug:sfcdebug.obj
 0001:000256f0       sf_debug_is_array_bounds_detected 00000001800266f0 f   sfc_debug:sfcdebug.obj
 0001:00025700       sf_debug_get_state_vectors_data_size 0000000180026700 f   sfc_debug:sfcdebug.obj
 0001:00025740       sf_debug_get_state_vectors_data 0000000180026740 f   sfc_debug:sfcdebug.obj
 0001:00025840       sf_debug_set_state_vectors_data 0000000180026840 f   sfc_debug:sfcdebug.obj
 0001:00025b00       sf_debug_get_script_index  0000000180026b00 f   sfc_debug:sfcdebug.obj
 0001:00025c90       sf_debug_add_script        0000000180026c90 f   sfc_debug:sfcdebug.obj
 0001:00025e20       cv_eval_point              0000000180026e20 f   sfc_debug:sfcdebug.obj
 0001:00025f90       cv_eval_testobjective      0000000180026f90 f   sfc_debug:sfcdebug.obj
 0001:000260b0       sf_debug_cv_init_state     00000001800270b0 f   sfc_debug:sfcdebug.obj
 0001:000261d0       sf_debug_cv_init_chart     00000001800271d0 f   sfc_debug:sfcdebug.obj
 0001:000262b0       sf_debug_cv_init_trans     00000001800272b0 f   sfc_debug:sfcdebug.obj
 0001:000263b0       sf_debug_cv_init_testobjectives 00000001800273b0 f   sfc_debug:sfcdebug.obj
 0001:00026590       cv_eml_init_script         0000000180027590 f   sfc_debug:sfcdebug.obj
 0001:00026690       cv_eml_init_fcn            0000000180027690 f   sfc_debug:sfcdebug.obj
 0001:00026740       cv_eml_init_testobjective  0000000180027740 f   sfc_debug:sfcdebug.obj
 0001:00026810       cv_eml_init_if             0000000180027810 f   sfc_debug:sfcdebug.obj
 0001:000268e0       cv_eml_init_for            00000001800278e0 f   sfc_debug:sfcdebug.obj
 0001:000269a0       cv_eml_init_while          00000001800279a0 f   sfc_debug:sfcdebug.obj
 0001:00026a60       cv_eml_init_mcdc           0000000180027a60 f   sfc_debug:sfcdebug.obj
 0001:00026b70       cv_eml_init_switch         0000000180027b70 f   sfc_debug:sfcdebug.obj
 0001:00026c60       cv_eml_eval                0000000180027c60 f   sfc_debug:sfcdebug.obj
 0001:00026d40       sf_debug_bm_is_a_eml_breakpoint 0000000180027d40 f   sfc_debug:sfcdebug.obj
 0001:00026e90       sf_debug_temporal_threshold 0000000180027e90 f   sfc_debug:sfcdebug.obj
 0001:000271f0       sf_debug_transition_conflict_error 00000001800281f0 f   sfc_debug:sfcdebug.obj
 0001:00027570       sf_debug_state_inconsistency_error 0000000180028570 f   sfc_debug:sfcdebug.obj
 0001:00027690       sf_debug_check_for_state_inconsistency 0000000180028690 f   sfc_debug:sfcdebug.obj
 0001:000276c0       sf_debug_cycle_detecton_error 00000001800286c0 f   sfc_debug:sfcdebug.obj
 0001:00027eb0       sf_debug_size_eq_check_1d  0000000180028eb0 f   sfc_debug:sfcdebug.obj
 0001:00027ed0       sf_debug_size_eq_check_nd  0000000180028ed0 f   sfc_debug:sfcdebug.obj
 0001:000280b0       sf_debug_dim_size_eq_check 00000001800290b0 f   sfc_debug:sfcdebug.obj
 0001:000280e0       sf_debug_dim_size_geq_check 00000001800290e0 f   sfc_debug:sfcdebug.obj
 0001:00028110       sf_debug_sub_assign_size_check_nd 0000000180029110 f   sfc_debug:sfcdebug.obj
 0001:00028350       sf_debug_matrix_matrix_index_check 0000000180029350 f   sfc_debug:sfcdebug.obj
 0001:00028380       sf_debug_vector_vector_index_check 0000000180029380 f   sfc_debug:sfcdebug.obj
 0001:000283b0       sf_debug_for_loop_vector_check 00000001800293b0 f   sfc_debug:sfcdebug.obj
 0001:00028430       sf_debug_runtime_error_msgid 0000000180029430 f   sfc_debug:sfcdebug.obj
 0001:000284c0       sf_debug_data_array_bounds_error_check 00000001800294c0 f   sfc_debug:sfcdebug.obj
 0001:000285d0       sf_debug_eml_data_array_bounds_error_check 00000001800295d0 f   sfc_debug:sfcdebug.obj
 0001:00028ab0       sf_debug_integer_check     0000000180029ab0 f   sfc_debug:sfcdebug.obj
 0001:00028b90       sf_debug_not_nan_check     0000000180029b90 f   sfc_debug:sfcdebug.obj
 0001:00028c50       sf_debug_non_negative_check 0000000180029c50 f   sfc_debug:sfcdebug.obj
 0001:00028d10       sf_debug_overflow_detection 0000000180029d10 f   sfc_debug:sfcdebug.obj
 0001:00029400       sf_debug_cast_to_real32_T  000000018002a400 f   sfc_debug:sfcdebug.obj
 0001:000294c0       sf_debug_cast_to_int8_T    000000018002a4c0 f   sfc_debug:sfcdebug.obj
 0001:00029580       sf_debug_cast_to_uint8_T   000000018002a580 f   sfc_debug:sfcdebug.obj
 0001:00029640       sf_debug_cast_to_int16_T   000000018002a640 f   sfc_debug:sfcdebug.obj
 0001:00029700       sf_debug_cast_to_uint16_T  000000018002a700 f   sfc_debug:sfcdebug.obj
 0001:000297c0       sf_debug_cast_to_int32_T   000000018002a7c0 f   sfc_debug:sfcdebug.obj
 0001:00029880       sf_debug_cast_to_uint32_T  000000018002a880 f   sfc_debug:sfcdebug.obj
 0001:00029940       sf_debug_data_range_error  000000018002a940 f   sfc_debug:sfcdebug.obj
 0001:00029c90       sf_debug_read_before_write_check 000000018002ac90 f   sfc_debug:sfcdebug.obj
 0001:0002a080       sf_debug_data_range_error_wrapper_min_max 000000018002b080 f   sfc_debug:sfcdebug.obj
 0001:0002a170       sf_debug_data_range_error_wrapper_min 000000018002b170 f   sfc_debug:sfcdebug.obj
 0001:0002a250       sf_debug_data_range_error_wrapper_max 000000018002b250 f   sfc_debug:sfcdebug.obj
 0001:0002a330       sf_debug_data_range_wrapper 000000018002b330 f   sfc_debug:sfcdebug.obj
 0001:0002a3e0       sf_debug_set_current_status_info 000000018002b3e0 f   sfc_debug:sfcdebug.obj
 0001:0002a790       sf_debug_register_message_post_receive_info 000000018002b790 f   sfc_debug:sfcdebug.obj
 0001:0002aa00       sf_debug_call              000000018002ba00 f   sfc_debug:sfcdebug.obj
 0001:0002b8c0       sf_debug_initialize_machine 000000018002c8c0 f   sfc_debug:sfcdebug.obj
 0001:0002bbd0       sf_debug_initialize_chart  000000018002cbd0 f   sfc_debug:sfcdebug.obj
 0001:0002c0b0       sf_debug_ensure_script     000000018002d0b0 f   sfc_debug:sfcdebug.obj
 0001:0002c170       cv_script_init_script      000000018002d170 f   sfc_debug:sfcdebug.obj
 0001:0002c250       cv_script_init_fcn         000000018002d250 f   sfc_debug:sfcdebug.obj
 0001:0002c300       cv_script_init_testobjective 000000018002d300 f   sfc_debug:sfcdebug.obj
 0001:0002c3b0       cv_script_init_if          000000018002d3b0 f   sfc_debug:sfcdebug.obj
 0001:0002c460       cv_script_init_for         000000018002d460 f   sfc_debug:sfcdebug.obj
 0001:0002c510       cv_script_init_while       000000018002d510 f   sfc_debug:sfcdebug.obj
 0001:0002c5c0       cv_script_init_mcdc        000000018002d5c0 f   sfc_debug:sfcdebug.obj
 0001:0002c6c0       cv_script_init_switch      000000018002d6c0 f   sfc_debug:sfcdebug.obj
 0001:0002c7a0       cv_script_eval             000000018002d7a0 f   sfc_debug:sfcdebug.obj
 0001:0002c880       eml_debug_line_call        000000018002d880 f   sfc_debug:sfcdebug.obj
 0001:0002ca30       sf_debug_terminate         000000018002da30 f   sfc_debug:sfcdebug.obj
 0001:0002cba0       sf_debug_set_script_cv_ids 000000018002dba0 f   sfc_debug:sfcdebug.obj
 0001:0002ccd0       sf_debug_api               000000018002dcd0 f   sfc_debug:sfc_api.obj
 0001:0002e4b0       sf_debug_sm_terminate      000000018002f4b0 f   sfc_debug:sfdb_animation.obj
 0001:0002e670       sf_debug_reset_path_objects 000000018002f670 f   sfc_debug:sfdb_animation.obj
 0001:0002e6f0       sf_debug_sm_reset_object_selection_status 000000018002f6f0 f   sfc_debug:sfdb_animation.obj
 0001:0002e790       sf_debug_sm_reset_state_buffer 000000018002f790 f   sfc_debug:sfdb_animation.obj
 0001:0002e860       sf_debug_sm_store_state_buffer 000000018002f860 f   sfc_debug:sfdb_animation.obj
 0001:0002e8e0       sf_debug_sm_restore_state_buffer1 000000018002f8e0 f   sfc_debug:sfdb_animation.obj
 0001:0002e950       sf_debug_sm_restore_state_buffer2 000000018002f950 f   sfc_debug:sfdb_animation.obj
 0001:0002e9c0       sf_debug_sm_chart_active   000000018002f9c0 f   sfc_debug:sfdb_animation.obj
 0001:0002ea10       sf_debug_sm_select_active_objects 000000018002fa10 f   sfc_debug:sfdb_animation.obj
 0001:0002eec0       sf_debug_sm_is_chart_active 000000018002fec0 f   sfc_debug:sfdb_animation.obj
 0001:0002ef00       sf_debug_sm_is_state_active 000000018002ff00 f   sfc_debug:sfdb_animation.obj
 0001:0002f140       sf_debug_sm_get_active_states 0000000180030140 f   sfc_debug:sfdb_animation.obj
 0001:0002f700       sf_debug_sm_initialize_instance 0000000180030700 f   sfc_debug:sfdb_animation.obj
 0001:0002f950       sf_debug_sm_change_object_selection_status 0000000180030950 f   sfc_debug:sfdb_animation.obj
 0001:0002fc40       cv_create_interface        0000000180030c40 f   sfc_debug:cv_sfinterface.obj
 0001:0002ffa0       cv_init_trans              0000000180030fa0 f   sfc_debug:cv_sfinterface.obj
 0001:0002fff0       cv_init_testobjective      0000000180030ff0 f   sfc_debug:cv_sfinterface.obj
 0001:00030030       cv_init_state              0000000180031030 f   sfc_debug:cv_sfinterface.obj
 0001:000300a0       cv_init_chart              00000001800310a0 f   sfc_debug:cv_sfinterface.obj
 0001:000300f0       cv_dec_update_call         00000001800310f0 f   sfc_debug:cv_sfinterface.obj
 0001:00030130       cv_cond_update_call        0000000180031130 f   sfc_debug:cv_sfinterface.obj
 0001:00030170       cv_testobjective_update_call 0000000180031170 f   sfc_debug:cv_sfinterface.obj
 0001:000301b0       cv_sigrange_update         00000001800311b0 f   sfc_debug:cv_sfinterface.obj
 0001:000301f0       cvsf_eml_eval              00000001800311f0 f   sfc_debug:cv_sfinterface.obj
 0001:000302d0       cvsf_eml_init_script       00000001800312d0 f   sfc_debug:cv_sfinterface.obj
 0001:00030350       cvsf_eml_init_fcn          0000000180031350 f   sfc_debug:cv_sfinterface.obj
 0001:000303b0       cvsf_eml_init_testobjective 00000001800313b0 f   sfc_debug:cv_sfinterface.obj
 0001:00030410       cvsf_eml_init_if           0000000180031410 f   sfc_debug:cv_sfinterface.obj
 0001:00030470       cvsf_eml_init_for          0000000180031470 f   sfc_debug:cv_sfinterface.obj
 0001:000304c0       cvsf_eml_init_while        00000001800314c0 f   sfc_debug:cv_sfinterface.obj
 0001:00030510       cvsf_eml_init_mcdc         0000000180031510 f   sfc_debug:cv_sfinterface.obj
 0001:000305a0       cvsf_eml_init_switch       00000001800315a0 f   sfc_debug:cv_sfinterface.obj
 0001:00030610       cvsf_script_eval           0000000180031610 f   sfc_debug:cv_sfinterface.obj
 0001:000306f0       cvsf_script_init_script    00000001800316f0 f   sfc_debug:cv_sfinterface.obj
 0001:00030770       cvsf_script_init_fcn       0000000180031770 f   sfc_debug:cv_sfinterface.obj
 0001:000307d0       cvsf_script_init_testobjective 00000001800317d0 f   sfc_debug:cv_sfinterface.obj
 0001:00030830       cvsf_script_init_if        0000000180031830 f   sfc_debug:cv_sfinterface.obj
 0001:00030890       cvsf_script_init_for       0000000180031890 f   sfc_debug:cv_sfinterface.obj
 0001:000308e0       cvsf_script_init_while     00000001800318e0 f   sfc_debug:cv_sfinterface.obj
 0001:00030930       cvsf_script_init_mcdc      0000000180031930 f   sfc_debug:cv_sfinterface.obj
 0001:000309c0       cvsf_script_init_switch    00000001800319c0 f   sfc_debug:cv_sfinterface.obj
 0001:00030a30       cv_destroy_interface       0000000180031a30 f   sfc_debug:cv_sfinterface.obj
 0001:00030a50       cv_create_instance_objects 0000000180031a50 f   sfc_debug:cv_sfinterface.obj
 0001:00030f00       cv_is_enabled              0000000180031f00 f   sfc_debug:cv_sfinterface.obj
 0001:00030f10       sf_debug_cv_initialize_script 0000000180031f10 f   sfc_debug:cv_sfinterface.obj
 0001:000310c0       sf_debug_cv_initialize_instance 00000001800320c0 f   sfc_debug:cv_sfinterface.obj
 0001:00031460       sf_debug_cv_terminate_chart 0000000180032460 f   sfc_debug:cv_sfinterface.obj
 0001:000315a0       cv_call_trans_test         00000001800325a0 f   sfc_debug:cv_sfinterface.obj
 0001:000315b0       cv_call_sub_cond_test      00000001800325b0 f   sfc_debug:cv_sfinterface.obj
 0001:000315f0       sf_debug_st_initialize_machine 00000001800325f0 f   sfc_debug:sfdb_data_browse.obj
 0001:000316b0       sf_debug_st_initialize_instance 00000001800326b0 f   sfc_debug:sfdb_data_browse.obj
 0001:000318e0       sf_debug_st_terminate      00000001800328e0 f   sfc_debug:sfdb_data_browse.obj
 0001:00031c80       sf_debug_st_set_data_value_ptr_in_machine 0000000180032c80 f   sfc_debug:sfdb_data_browse.obj
 0001:00031d10       sf_debug_st_set_data_value_ptr_in_instance 0000000180032d10 f   sfc_debug:sfdb_data_browse.obj
 0001:00031df0       sf_debug_st_unset_data_value_ptr_in_machine 0000000180032df0 f   sfc_debug:sfdb_data_browse.obj
 0001:00031e60       sf_debug_st_unset_data_value_ptr_in_instance 0000000180032e60 f   sfc_debug:sfdb_data_browse.obj
 0001:00032170       sf_debug_mx_value          0000000180033170 f   sfc_debug:sfdb_data_browse.obj
 0001:000321d0       sf_debug_mx_packed_vector  00000001800331d0 f   sfc_debug:sfdb_data_browse.obj
 0001:000322b0       sf_debug_mx_uint_vector    00000001800332b0 f   sfc_debug:sfdb_data_browse.obj
 0001:00032370       sf_debug_st_get_double_value_from_void_ptr_vector 0000000180033370 f   sfc_debug:sfdb_data_browse.obj
 0001:00032e60       sf_debug_st_browse_data    0000000180033e60 f   sfc_debug:sfdb_data_browse.obj
 0001:000336f0       sf_debug_hm_initialize_instance 00000001800346f0 f   sfc_debug:sfdb_handle_management.obj
 0001:00033c70       sf_debug_hm_get_object_id  0000000180034c70 f   sfc_debug:sfdb_handle_management.obj
 0001:00035be0       sf_debug_object_is_eml_function 0000000180036be0 f   sfc_debug:sfdb_handle_management.obj
 0001:00035c50       sf_debug_hm_initialize_ids_in_machine 0000000180036c50 f   sfc_debug:sfdb_handle_management.obj
 0001:00035dc0       sf_debug_hm_initialize_ids_in_chart 0000000180036dc0 f   sfc_debug:sfdb_handle_management.obj
 0001:00035f00       sf_debug_hm_initialize_chart 0000000180036f00 f   sfc_debug:sfdb_handle_management.obj
 0001:000366b0       sf_debug_hm_terminate      00000001800376b0 f   sfc_debug:sfdb_handle_management.obj
 0001:00036710       sf_debug_hm_initialize_machine 0000000180037710 f   sfc_debug:sfdb_handle_management.obj
 0001:00036ec0       sf_debug_ss_initialize     0000000180037ec0 f   sfc_debug:sfdb_symbol_scope.obj
 0001:00036ee0       sf_debug_ss_terminate      0000000180037ee0 f   sfc_debug:sfdb_symbol_scope.obj
 0001:00036f70       sf_debug_ss_push_symbol_scope 0000000180037f70 f   sfc_debug:sfdb_symbol_scope.obj
 0001:00037070       sf_debug_ss_push_symbol_scope_eml 0000000180038070 f   sfc_debug:sfdb_symbol_scope.obj
 0001:000370d0       sf_debug_ss_pop_symbol_scope 00000001800380d0 f   sfc_debug:sfdb_symbol_scope.obj
 0001:00037180       sf_debug_ss_add_symbol     0000000180038180 f   sfc_debug:sfdb_symbol_scope.obj
 0001:000372e0       sf_debug_ss_add_symbol_eml 00000001800382e0 f   sfc_debug:sfdb_symbol_scope.obj
 0001:00037fc0       sf_debug_ss_set_data_value 0000000180038fc0 f   sfc_debug:sfdb_symbol_scope.obj
 0001:00038460       sf_debug_ss_watch_data     0000000180039460 f   sfc_debug:sfdb_symbol_scope.obj
 0001:00038500       sf_debug_ss_assign_data    0000000180039500 f   sfc_debug:sfdb_symbol_scope.obj
 0001:00038f00       get_data_entry_name        0000000180039f00 f   sfc_debug:sfdb_symbol_scope.obj
 0001:00038f50       sf_debug_ss_whos           0000000180039f50 f   sfc_debug:sfdb_symbol_scope.obj
 0001:00039660       sf_debug_cc_initialize_chart 000000018003a660 f   sfc_debug:sfdb_coverage.obj
 0001:0003a050       sf_debug_cc_initialize_instance 000000018003b050 f   sfc_debug:sfdb_coverage.obj
 0001:0003ae50       sf_debug_cc_terminate      000000018003be50 f   sfc_debug:sfdb_coverage.obj
 0001:0003af40       sf_debug_cc_set_transition_maps 000000018003bf40 f   sfc_debug:sfdb_coverage.obj
 0001:0003b070       sf_debug_cc_set_state_maps 000000018003c070 f   sfc_debug:sfdb_coverage.obj
 0001:0003b150       sf_debug_cc_set_transition_weights 000000018003c150 f   sfc_debug:sfdb_coverage.obj
 0001:0003b420       sf_debug_cc_set_state_weights 000000018003c420 f   sfc_debug:sfdb_coverage.obj
 0001:0003b6f0       sf_debug_cc_mark_transition_guard 000000018003c6f0 f   sfc_debug:sfdb_coverage.obj
 0001:0003b780       sf_debug_cc_mark_transition_trigger 000000018003c780 f   sfc_debug:sfdb_coverage.obj
 0001:0003b810       sf_debug_cc_mark_transition_decision 000000018003c810 f   sfc_debug:sfdb_coverage.obj
 0001:0003b880       sf_debug_cc_mark_transition_condition_action 000000018003c880 f   sfc_debug:sfdb_coverage.obj
 0001:0003b8d0       sf_debug_cc_mark_transition_transition_action 000000018003c8d0 f   sfc_debug:sfdb_coverage.obj
 0001:0003b920       sf_debug_cc_mark_state_entry 000000018003c920 f   sfc_debug:sfdb_coverage.obj
 0001:0003b970       sf_debug_cc_mark_state_during 000000018003c970 f   sfc_debug:sfdb_coverage.obj
 0001:0003b9c0       sf_debug_cc_mark_state_exit 000000018003c9c0 f   sfc_debug:sfdb_coverage.obj
 0001:0003ba10       sf_debug_bm_clear_script_breakpoints 000000018003ca10 f   sfc_debug:sfdb_breakpoints.obj
 0001:0003ba40       sf_debug_bm_set_script_breakpoint 000000018003ca40 f   sfc_debug:sfdb_breakpoints.obj
 0001:0003bac0       sf_debug_bm_clear_single_script_breakpoint 000000018003cac0 f   sfc_debug:sfdb_breakpoints.obj
 0001:0003bb40       sf_debug_bm_query_script_breakpoint 000000018003cb40 f   sfc_debug:sfdb_breakpoints.obj
 0001:0003bb90       sf_debug_bm_initialize_scripts 000000018003cb90 f   sfc_debug:sfdb_breakpoints.obj
 0001:0003c2b0       sf_debug_bm_terminate      000000018003d2b0 f   sfc_debug:sfdb_breakpoints.obj
 0001:0003c5a0       sf_debug_bm_remove_all_breakpoints_in_machine 000000018003d5a0 f   sfc_debug:sfdb_breakpoints.obj
 0001:0003c610       sf_debug_bm_remove_all_breakpoints_in_chart 000000018003d610 f   sfc_debug:sfdb_breakpoints.obj
 0001:0003c760       sf_debug_bm_initialize_global_breakpoints 000000018003d760 f   sfc_debug:sfdb_breakpoints.obj
 0001:0003c8e0       sf_debug_bm_set_breakpoint 000000018003d8e0 f   sfc_debug:sfdb_breakpoints.obj
 0001:0003cf10       sf_debug_bm_set_eml_breakpoint 000000018003df10 f   sfc_debug:sfdb_breakpoints.obj
 0001:0003cfb0       sf_debug_bm_initialize_machine_breakpoint_map 000000018003dfb0 f   sfc_debug:sfdb_breakpoints.obj
 0001:0003d3d0       sf_debug_bm_is_a_breakpoint 000000018003e3d0 f   sfc_debug:sfdb_breakpoints.obj
 0001:0003d8f0       sf_debug_bm_get_all_breakpoints_in_machine 000000018003e8f0 f   sfc_debug:sfdb_breakpoints.obj
 0001:0003dbf0       sf_debug_bm_get_all_breakpoints_in_chart 000000018003ebf0 f   sfc_debug:sfdb_breakpoints.obj
 0001:0003e8b0       sf_debug_bm_initialize_machine 000000018003f8b0 f   sfc_debug:sfdb_breakpoints.obj
 0001:0003e980       sf_debug_bm_initialize_chart 000000018003f980 f   sfc_debug:sfdb_breakpoints.obj
 0001:0003eda0       sf_debug_sc_terminate      000000018003fda0 f   sfc_debug:sfdb_state_consistency.obj
 0001:0003f0d0       sf_debug_sc_is_chart_consistent 00000001800400d0 f   sfc_debug:sfdb_state_consistency.obj
 0001:0003f380       sf_debug_sc_get_consistency_error_info 0000000180040380 f   sfc_debug:sfdb_state_consistency.obj
 0001:0003f7d0       sf_debug_tm_terminate      00000001800407d0 f   sfc_debug:sfdb_call_stack.obj
 0001:0003f890       sf_debug_tm_push_chart_instance 0000000180040890 f   sfc_debug:sfdb_call_stack.obj
 0001:0003f9e0       sf_debug_tm_pop_chart_instance 00000001800409e0 f   sfc_debug:sfdb_call_stack.obj
 0001:0003fa40       sf_debug_tm_push_trace_node 0000000180040a40 f   sfc_debug:sfdb_call_stack.obj
 0001:0003fbd0       sf_debug_tm_pop_trace_node 0000000180040bd0 f   sfc_debug:sfdb_call_stack.obj
 0001:0003fc50       sf_debug_tm_get_current_global_trace_index 0000000180040c50 f   sfc_debug:sfdb_call_stack.obj
 0001:0003fc60       sf_debug_tm_get_current_local_trace_index 0000000180040c60 f   sfc_debug:sfdb_call_stack.obj
 0001:0003fc90       sf_debug_tm_set_cycle_detected_flag 0000000180040c90 f   sfc_debug:sfdb_call_stack.obj
 0001:0003fcd0       sf_debug_tm_set_cycle_started_flag 0000000180040cd0 f   sfc_debug:sfdb_call_stack.obj
 0001:0003fd10       sf_debug_tm_get_chart_number_from_stack 0000000180040d10 f   sfc_debug:sfdb_call_stack.obj
 0001:0003ff10       sf_debug_tm_browse_trace   0000000180040f10 f   sfc_debug:sfdb_call_stack.obj
 0001:00040250       sf_debug_cd_initialize_instance 0000000180041250 f   sfc_debug:sfdb_cycle_detection.obj
 0001:00040500       sf_debug_cd_mark_processed_transition_in_instance 0000000180041500 f   sfc_debug:sfdb_cycle_detection.obj
 0001:000405a0       sf_debug_cd_checksum_push  00000001800415a0 f   sfc_debug:sfdb_cycle_detection.obj
 0001:00040860       sf_debug_cd_checksum_pop   0000000180041860 f   sfc_debug:sfdb_cycle_detection.obj
 0001:000408d0       sf_debug_cd_turn_off_cycle_detection 00000001800418d0 f   sfc_debug:sfdb_cycle_detection.obj
 0001:00040920       sf_debug_cd_terminate      0000000180041920 f   sfc_debug:sfdb_cycle_detection.obj
 0001:00040b60       md5_initialize_state       0000000180041b60 f   sfc_debug:ckmd5.obj
 0001:000415d0       md5_update_state           00000001800425d0 f   sfc_debug:ckmd5.obj
 0001:000415f0       md5_get_hash               00000001800425f0 f   sfc_debug:ckmd5.obj
 0001:00041620       md5_get_hash_for_a_single_string 0000000180042620 f   sfc_debug:ckmd5.obj
 0001:00041684       mxGetPr                    0000000180042684 f   libmx:libmx.dll
 0001:0004168a       mxCreateDoubleScalar       000000018004268a f   libmx:libmx.dll
 0001:00041690       mxCreateDoubleMatrix_730   0000000180042690 f   libmx:libmx.dll
 0001:00041696       mxSetField_730             0000000180042696 f   libmx:libmx.dll
 0001:0004169c       mxCreateString             000000018004269c f   libmx:libmx.dll
 0001:000416a2       mxCreateStructMatrix_730   00000001800426a2 f   libmx:libmx.dll
 0001:000416a8       mxDestroyArray             00000001800426a8 f   libmx:libmx.dll
 0001:000416ae       mxDuplicateArray           00000001800426ae f   libmx:libmx.dll
 0001:000416b4       mxGetString_730            00000001800426b4 f   libmx:libmx.dll
 0001:000416ba       mxIsChar                   00000001800426ba f   libmx:libmx.dll
 0001:000416c0       mxGetClassID               00000001800426c0 f   libmx:libmx.dll
 0001:000416c6       mxIsNumeric                00000001800426c6 f   libmx:libmx.dll
 0001:000416cc       mxIsComplex                00000001800426cc f   libmx:libmx.dll
 0001:000416d2       mxGetN                     00000001800426d2 f   libmx:libmx.dll
 0001:000416d8       mxGetM                     00000001800426d8 f   libmx:libmx.dll
 0001:000416de       mxCalloc                   00000001800426de f   libmx:libmx.dll
 0001:000416e4       mxGetScalar                00000001800426e4 f   libmx:libmx.dll
 0001:000416ea       mxIsLogical                00000001800426ea f   libmx:libmx.dll
 0001:000416f0       mxCreateDoubleMatrix_700   00000001800426f0 f   libmx:libmx.dll
 0001:000416f6       mxFree                     00000001800426f6 f   libmx:libmx.dll
 0001:000416fc       mxArrayToString            00000001800426fc f   libmx:libmx.dll
 0001:00041702       mxCreateCellMatrix_700     0000000180042702 f   libmx:libmx.dll
 0001:00041708       mxSetCell_700              0000000180042708 f   libmx:libmx.dll
 0001:0004170e       mxGetCell_700              000000018004270e f   libmx:libmx.dll
 0001:00041714       mxGetClassName             0000000180042714 f   libmx:libmx.dll
 0001:0004171a       mxSetField_700             000000018004271a f   libmx:libmx.dll
 0001:00041720       mxAddField                 0000000180042720 f   libmx:libmx.dll
 0001:00041726       mxGetField_700             0000000180042726 f   libmx:libmx.dll
 0001:0004172c       mxGetNumberOfElements      000000018004272c f   libmx:libmx.dll
 0001:00041732       mxIsStruct                 0000000180042732 f   libmx:libmx.dll
 0001:00041738       mxIsA                      0000000180042738 f   libmx:libmx.dll
 0001:0004173e       mxIsClass                  000000018004273e f   libmx:libmx.dll
 0001:00041744       mxGetLogicals              0000000180042744 f   libmx:libmx.dll
 0001:0004174a       mxIsSparse                 000000018004274a f   libmx:libmx.dll
 0001:00041750       mxSetFieldByNumber_700     0000000180042750 f   libmx:libmx.dll
 0001:00041756       mxGetFieldByNumber_700     0000000180042756 f   libmx:libmx.dll
 0001:0004175c       mxGetFieldNameByNumber     000000018004275c f   libmx:libmx.dll
 0001:00041762       mxGetNumberOfFields        0000000180042762 f   libmx:libmx.dll
 0001:00041768       mxCreateStructMatrix_700   0000000180042768 f   libmx:libmx.dll
 0001:0004176e       mxGetFieldNumber           000000018004276e f   libmx:libmx.dll
 0001:00041774       mxIsNaN                    0000000180042774 f   libmx:libmx.dll
 0001:0004177a       mxIsEmpty                  000000018004277a f   libmx:libmx.dll
 0001:00041780       mxGetData                  0000000180042780 f   libmx:libmx.dll
 0001:00041786       mxGetImagData              0000000180042786 f   libmx:libmx.dll
 0001:0004178c       mxArrayClassIDName         000000018004278c f   libmx:libmx.dll
 0001:00041792       mxCreateNumericMatrix_700  0000000180042792 f   libmx:libmx.dll
 0001:00041798       mxCreateStructArray_700    0000000180042798 f   libmx:libmx.dll
 0001:0004179e       mxCalcSingleSubscript_700  000000018004279e f   libmx:libmx.dll
 0001:000417a4       mxGetDimensions_700        00000001800427a4 f   libmx:libmx.dll
 0001:000417aa       mxGetNumberOfDimensions_700 00000001800427aa f   libmx:libmx.dll
 0001:000417b0       mxCreateNumericArray_700   00000001800427b0 f   libmx:libmx.dll
 0001:000417b6       mxGetElementSize           00000001800427b6 f   libmx:libmx.dll
 0001:000417bc       mxCreateStringFromNChars_700 00000001800427bc f   libmx:libmx.dll
 0001:000417c2       mxGetString_700            00000001800427c2 f   libmx:libmx.dll
 0001:000417c8       mxIsLogicalScalarTrue      00000001800427c8 f   libmx:libmx.dll
 0001:000417ce       mxCreateLogicalScalar      00000001800427ce f   libmx:libmx.dll
 0001:000417d4       mexUnlock                  00000001800427d4 f   libmex:libmex.dll
 0001:000417da       mexIsLocked                00000001800427da f   libmex:libmex.dll
 0001:000417e0       mexWarnMsgTxt              00000001800427e0 f   libmex:libmex.dll
 0001:000417e6       mexCallMATLAB              00000001800427e6 f   libmex:libmex.dll
 0001:000417ec       mexErrMsgTxt               00000001800427ec f   libmex:libmex.dll
 0001:000417f2       mexMakeArrayPersistent     00000001800427f2 f   libmex:libmex.dll
 0001:000417f8       mexSetTrapFlag             00000001800427f8 f   libmex:libmex.dll
 0001:000417fe       mexPutVariable             00000001800427fe f   libmex:libmex.dll
 0001:00041804       mexGetVariable             0000000180042804 f   libmex:libmex.dll
 0001:0004180a       mexLock                    000000018004280a f   libmex:libmex.dll
 0001:00041810       mexMakeMemoryPersistent    0000000180042810 f   libmex:libmex.dll
 0001:00041816       mexFunctionName            0000000180042816 f   libmex:libmex.dll
 0001:0004181c       ssRegisterDataTypeFxpFSlopeFixExpBias 000000018004281c f   libfixedpoint:libfixedpoint.dll
 0001:00041822       utVSNprintf                0000000180042822 f   libut:libut.dll
 0001:00041828       utCPUtime                  0000000180042828 f   libut:libut.dll
 0001:0004182e       utFree                     000000018004282e f   libut:libut.dll
 0001:00041834       utMalloc                   0000000180042834 f   libut:libut.dll
 0001:0004183a       emlrtCheckBuiltInCtxR2011a 000000018004283a f   libemlrt:libemlrt.dll
 0001:00041840       emlrtCheckVsBuiltInCtxR2011a 0000000180042840 f   libemlrt:libemlrt.dll
 0001:00041846       emlrtCheckEnumR2009a       0000000180042846 f   libemlrt:libemlrt.dll
 0001:0004184c       emlrtCreateEnumR2010a      000000018004284c f   libemlrt:libemlrt.dll
 0001:00041852       emlrtGetEnumElementR2009a  0000000180042852 f   libemlrt:libemlrt.dll
 0001:00041858       emlrtCreateReference       0000000180042858 f   libemlrt:libemlrt.dll
 0001:0004185e       emlrtImportVsFiArrayR2009b 000000018004285e f   libemlrt:libemlrt.dll
 0001:00041864       emlrtNameCapturePostProcessR2012a 0000000180042864 f   libemlrt:libemlrt.dll
 0001:0004186a       emlrtExtractMessageId      000000018004286a f   libemlrt:libemlrt.dll
 0001:00041870       emlrtTranslateMessageIDtoLCPstring 0000000180042870 f   libemlrt:libemlrt.dll
 0001:00041876       emlrtForLoopVectorIsValidR2011b 0000000180042876 f   libemlrt:libemlrt.dll
 0001:0004187c       emlrtTranslateUTF16MessagetoLCPstring 000000018004287c f   libemlrt:libemlrt.dll
 0001:00041882       emlrtGetEnumUnderlyingArrayR2009a 0000000180042882 f   libemlrt:libemlrt.dll
 0001:00041888       emlrtIsEnumR2009a          0000000180042888 f   libemlrt:libemlrt.dll
 0001:00041890       __GSHandlerCheckCommon     0000000180042890 f   MSVCRT:gshandler.obj
 0001:000418f4       __GSHandlerCheck           00000001800428f4 f   MSVCRT:gshandler.obj
 0001:00041912       strlen                     0000000180042912 f   MSVCRT:MSVCR100.dll
 0001:00041930       __security_check_cookie    0000000180042930 f   MSVCRT:amdsecgs.obj
 0001:00041950       memset                     0000000180042950 f   MSVCRT:MSVCR100.dll
 0001:00041956       malloc                     0000000180042956 f   MSVCRT:MSVCR100.dll
 0001:0004195c       free                       000000018004295c f   MSVCRT:MSVCR100.dll
 0001:00041962       strcmp                     0000000180042962 f   MSVCRT:MSVCR100.dll
 0001:00041968       sprintf                    0000000180042968 f   MSVCRT:MSVCR100.dll
 0001:0004196e       strcat                     000000018004296e f   MSVCRT:MSVCR100.dll
 0001:00041974       memcpy                     0000000180042974 f   MSVCRT:MSVCR100.dll
 0001:0004197c       NtCurrentTeb               000000018004297c f i MSVCRT:crtdll.obj
 0001:000419e8       _CRT_INIT                  00000001800429e8 f   MSVCRT:crtdll.obj
 0001:00041d80       _DllMainCRTStartup         0000000180042d80 f   MSVCRT:crtdll.obj
 0001:00041dbe       strncpy                    0000000180042dbe f   MSVCRT:MSVCR100.dll
 0001:00041de0       _alloca_probe              0000000180042de0     MSVCRT:chkstk.obj
 0001:00041de0       __chkstk                   0000000180042de0 f   MSVCRT:chkstk.obj
 0001:00041e2e       longjmp                    0000000180042e2e f   MSVCRT:MSVCR100.dll
 0001:00041e34       strncmp                    0000000180042e34 f   MSVCRT:MSVCR100.dll
 0001:00041e3a       ceil                       0000000180042e3a f   MSVCRT:MSVCR100.dll
 0001:00041e40       strrchr                    0000000180042e40 f   MSVCRT:MSVCR100.dll
 0001:00041e46       _setjmp                    0000000180042e46 f   MSVCRT:MSVCR100.dll
 0001:00041e4c       calloc                     0000000180042e4c f   MSVCRT:MSVCR100.dll
 0001:00041e52       realloc                    0000000180042e52 f   MSVCRT:MSVCR100.dll
 0001:00041e58       ldexp                      0000000180042e58 f   MSVCRT:MSVCR100.dll
 0001:00041e60       __report_gsfailure         0000000180042e60 f   MSVCRT:gs_report.obj
 0001:00041fac       __clean_type_info_names    0000000180042fac f   MSVCRT:tncleanup.obj
 0001:00041fb8       _onexit                    0000000180042fb8 f   MSVCRT:atonexit.obj
 0001:00042068       atexit                     0000000180043068 f   MSVCRT:atonexit.obj
 0001:00042080       _RTC_Initialize            0000000180043080 f   MSVCRT:_initsect_.obj
 0001:000420b8       _RTC_Terminate             00000001800430b8 f   MSVCRT:_initsect_.obj
 0001:000420f0       _malloc_crt                00000001800430f0 f   MSVCRT:MSVCR100.dll
 0001:00042100       _ValidateImageBase         0000000180043100 f   MSVCRT:pesect.obj
 0001:00042130       _FindPESection             0000000180043130 f   MSVCRT:pesect.obj
 0001:00042180       _IsNonwritableInCurrentImage 0000000180043180 f   MSVCRT:pesect.obj
 0001:000421c2       _initterm                  00000001800431c2 f   MSVCRT:MSVCR100.dll
 0001:000421c8       _initterm_e                00000001800431c8 f   MSVCRT:MSVCR100.dll
 0001:000421ce       _encoded_null              00000001800431ce f   MSVCRT:MSVCR100.dll
 0001:000421d4       _amsg_exit                 00000001800431d4 f   MSVCRT:MSVCR100.dll
 0001:000421da       __C_specific_handler       00000001800431da f   MSVCRT:MSVCR100.dll
 0001:000421e0       __CppXcptFilter            00000001800431e0 f   MSVCRT:MSVCR100.dll
 0001:000421e8       DllMain                    00000001800431e8 f   MSVCRT:dllmain.obj
 0001:0004220c       __security_init_cookie     000000018004320c f   MSVCRT:gs_support.obj
 0001:000422c0       __crt_debugger_hook        00000001800432c0 f   MSVCRT:MSVCR100.dll
 0001:000422c6       __clean_type_info_names_internal 00000001800432c6 f   MSVCRT:MSVCR100.dll
 0001:000422cc       _unlock                    00000001800432cc f   MSVCRT:MSVCR100.dll
 0001:000422d2       __dllonexit                00000001800432d2 f   MSVCRT:MSVCR100.dll
 0001:000422d8       _lock                      00000001800432d8 f   MSVCRT:MSVCR100.dll
 0001:000422de       EncodePointer              00000001800432de f   kernel32:KERNEL32.dll
 0001:000422e4       DecodePointer              00000001800432e4 f   kernel32:KERNEL32.dll
 0001:000422ea       Sleep                      00000001800432ea f   kernel32:KERNEL32.dll
 0001:000422f0       TerminateProcess           00000001800432f0 f   kernel32:KERNEL32.dll
 0001:000422f6       GetCurrentProcess          00000001800432f6 f   kernel32:KERNEL32.dll
 0001:000422fc       UnhandledExceptionFilter   00000001800432fc f   kernel32:KERNEL32.dll
 0001:00042302       SetUnhandledExceptionFilter 0000000180043302 f   kernel32:KERNEL32.dll
 0001:00042308       IsDebuggerPresent          0000000180043308 f   kernel32:KERNEL32.dll
 0001:0004230e       RtlVirtualUnwind           000000018004330e f   kernel32:KERNEL32.dll
 0001:00042314       RtlLookupFunctionEntry     0000000180043314 f   kernel32:KERNEL32.dll
 0001:0004231a       RtlCaptureContext          000000018004331a f   kernel32:KERNEL32.dll
 0001:00042320       DisableThreadLibraryCalls  0000000180043320 f   kernel32:KERNEL32.dll
 0001:00042326       QueryPerformanceCounter    0000000180043326 f   kernel32:KERNEL32.dll
 0001:0004232c       GetTickCount               000000018004332c f   kernel32:KERNEL32.dll
 0001:00042332       GetCurrentThreadId         0000000180043332 f   kernel32:KERNEL32.dll
 0001:00042338       GetCurrentProcessId        0000000180043338 f   kernel32:KERNEL32.dll
 0001:0004233e       GetSystemTimeAsFileTime    000000018004333e f   kernel32:KERNEL32.dll
 0002:00000000       __imp_GetSystemTimeAsFileTime 0000000180044000     kernel32:KERNEL32.dll
 0002:00000008       __imp_GetCurrentProcessId  0000000180044008     kernel32:KERNEL32.dll
 0002:00000010       __imp_GetCurrentThreadId   0000000180044010     kernel32:KERNEL32.dll
 0002:00000018       __imp_GetTickCount         0000000180044018     kernel32:KERNEL32.dll
 0002:00000020       __imp_QueryPerformanceCounter 0000000180044020     kernel32:KERNEL32.dll
 0002:00000028       __imp_DisableThreadLibraryCalls 0000000180044028     kernel32:KERNEL32.dll
 0002:00000030       __imp_RtlCaptureContext    0000000180044030     kernel32:KERNEL32.dll
 0002:00000038       __imp_RtlLookupFunctionEntry 0000000180044038     kernel32:KERNEL32.dll
 0002:00000040       __imp_RtlVirtualUnwind     0000000180044040     kernel32:KERNEL32.dll
 0002:00000048       __imp_IsDebuggerPresent    0000000180044048     kernel32:KERNEL32.dll
 0002:00000050       __imp_SetUnhandledExceptionFilter 0000000180044050     kernel32:KERNEL32.dll
 0002:00000058       __imp_UnhandledExceptionFilter 0000000180044058     kernel32:KERNEL32.dll
 0002:00000060       __imp_GetCurrentProcess    0000000180044060     kernel32:KERNEL32.dll
 0002:00000068       __imp_TerminateProcess     0000000180044068     kernel32:KERNEL32.dll
 0002:00000070       __imp_Sleep                0000000180044070     kernel32:KERNEL32.dll
 0002:00000078       __imp_DecodePointer        0000000180044078     kernel32:KERNEL32.dll
 0002:00000080       __imp_EncodePointer        0000000180044080     kernel32:KERNEL32.dll
 0002:00000088       \177KERNEL32_NULL_THUNK_DATA 0000000180044088     kernel32:KERNEL32.dll
 0002:00000090       __imp__onexit              0000000180044090     MSVCRT:MSVCR100.dll
 0002:00000098       __imp__lock                0000000180044098     MSVCRT:MSVCR100.dll
 0002:000000a0       __imp___dllonexit          00000001800440a0     MSVCRT:MSVCR100.dll
 0002:000000a8       __imp__unlock              00000001800440a8     MSVCRT:MSVCR100.dll
 0002:000000b0       __imp___clean_type_info_names_internal 00000001800440b0     MSVCRT:MSVCR100.dll
 0002:000000b8       __imp___crt_debugger_hook  00000001800440b8     MSVCRT:MSVCR100.dll
 0002:000000c0       __imp___CppXcptFilter      00000001800440c0     MSVCRT:MSVCR100.dll
 0002:000000c8       __imp___C_specific_handler 00000001800440c8     MSVCRT:MSVCR100.dll
 0002:000000d0       __imp__amsg_exit           00000001800440d0     MSVCRT:MSVCR100.dll
 0002:000000d8       __imp__encoded_null        00000001800440d8     MSVCRT:MSVCR100.dll
 0002:000000e0       __imp__initterm_e          00000001800440e0     MSVCRT:MSVCR100.dll
 0002:000000e8       __imp__initterm            00000001800440e8     MSVCRT:MSVCR100.dll
 0002:000000f0       __imp__malloc_crt          00000001800440f0     MSVCRT:MSVCR100.dll
 0002:000000f8       __imp_ldexp                00000001800440f8     MSVCRT:MSVCR100.dll
 0002:00000100       __imp_realloc              0000000180044100     MSVCRT:MSVCR100.dll
 0002:00000108       __imp_calloc               0000000180044108     MSVCRT:MSVCR100.dll
 0002:00000110       __imp__setjmp              0000000180044110     MSVCRT:MSVCR100.dll
 0002:00000118       __imp_strrchr              0000000180044118     MSVCRT:MSVCR100.dll
 0002:00000120       __imp_ceil                 0000000180044120     MSVCRT:MSVCR100.dll
 0002:00000128       __imp_strncmp              0000000180044128     MSVCRT:MSVCR100.dll
 0002:00000130       __imp_longjmp              0000000180044130     MSVCRT:MSVCR100.dll
 0002:00000138       __imp_strncpy              0000000180044138     MSVCRT:MSVCR100.dll
 0002:00000140       __imp_memcpy               0000000180044140     MSVCRT:MSVCR100.dll
 0002:00000148       __imp_strcat               0000000180044148     MSVCRT:MSVCR100.dll
 0002:00000150       __imp_sprintf              0000000180044150     MSVCRT:MSVCR100.dll
 0002:00000158       __imp_strcmp               0000000180044158     MSVCRT:MSVCR100.dll
 0002:00000160       __imp_free                 0000000180044160     MSVCRT:MSVCR100.dll
 0002:00000168       __imp_malloc               0000000180044168     MSVCRT:MSVCR100.dll
 0002:00000170       __imp_memset               0000000180044170     MSVCRT:MSVCR100.dll
 0002:00000178       __imp_strlen               0000000180044178     MSVCRT:MSVCR100.dll
 0002:00000180       \177MSVCR100_NULL_THUNK_DATA 0000000180044180     MSVCRT:MSVCR100.dll
 0002:00000188       __imp_emlrtIsEnumR2009a    0000000180044188     libemlrt:libemlrt.dll
 0002:00000190       __imp_emlrtGetEnumUnderlyingArrayR2009a 0000000180044190     libemlrt:libemlrt.dll
 0002:00000198       __imp_emlrtTranslateUTF16MessagetoLCPstring 0000000180044198     libemlrt:libemlrt.dll
 0002:000001a0       __imp_emlrtForLoopVectorIsValidR2011b 00000001800441a0     libemlrt:libemlrt.dll
 0002:000001a8       __imp_emlrtTranslateMessageIDtoLCPstring 00000001800441a8     libemlrt:libemlrt.dll
 0002:000001b0       __imp_emlrtExtractMessageId 00000001800441b0     libemlrt:libemlrt.dll
 0002:000001b8       __imp_emlrtNameCapturePostProcessR2012a 00000001800441b8     libemlrt:libemlrt.dll
 0002:000001c0       __imp_emlrtImportVsFiArrayR2009b 00000001800441c0     libemlrt:libemlrt.dll
 0002:000001c8       __imp_emlrtCreateReference 00000001800441c8     libemlrt:libemlrt.dll
 0002:000001d0       __imp_emlrtGetEnumElementR2009a 00000001800441d0     libemlrt:libemlrt.dll
 0002:000001d8       __imp_emlrtCreateEnumR2010a 00000001800441d8     libemlrt:libemlrt.dll
 0002:000001e0       __imp_emlrtCheckEnumR2009a 00000001800441e0     libemlrt:libemlrt.dll
 0002:000001e8       __imp_emlrtCheckVsBuiltInCtxR2011a 00000001800441e8     libemlrt:libemlrt.dll
 0002:000001f0       __imp_emlrtCheckBuiltInCtxR2011a 00000001800441f0     libemlrt:libemlrt.dll
 0002:000001f8       \177libemlrt_NULL_THUNK_DATA 00000001800441f8     libemlrt:libemlrt.dll
 0002:00000200       __imp_ssRegisterDataTypeFxpFSlopeFixExpBias 0000000180044200     libfixedpoint:libfixedpoint.dll
 0002:00000208       \177libfixedpoint_NULL_THUNK_DATA 0000000180044208     libfixedpoint:libfixedpoint.dll
 0002:00000210       __imp_mexLock              0000000180044210     libmex:libmex.dll
 0002:00000218       __imp_mexMakeMemoryPersistent 0000000180044218     libmex:libmex.dll
 0002:00000220       __imp_mexFunctionName      0000000180044220     libmex:libmex.dll
 0002:00000228       __imp_mexGetVariable       0000000180044228     libmex:libmex.dll
 0002:00000230       __imp_mexPutVariable       0000000180044230     libmex:libmex.dll
 0002:00000238       __imp_mexIsLocked          0000000180044238     libmex:libmex.dll
 0002:00000240       __imp_mexWarnMsgTxt        0000000180044240     libmex:libmex.dll
 0002:00000248       __imp_mexCallMATLAB        0000000180044248     libmex:libmex.dll
 0002:00000250       __imp_mexUnlock            0000000180044250     libmex:libmex.dll
 0002:00000258       __imp_mexErrMsgTxt         0000000180044258     libmex:libmex.dll
 0002:00000260       __imp_mexSetTrapFlag       0000000180044260     libmex:libmex.dll
 0002:00000268       __imp_mexMakeArrayPersistent 0000000180044268     libmex:libmex.dll
[...]
 0001:00019a00       sf_numeric_value_to_double 000000018001aa00 f   sfc_mex:sfc_mex.obj
 0001:00019a50       ml_generic_out_of_bounds_check 000000018001aa50 f   sfc_mex:sfc_mex.obj
 0001:00019c20       ml_get_element_value_from_array 000000018001ac20 f   sfc_mex:sfc_mex.obj
 0001:00019fc0       _ml_generic_castability_check 000000018001afc0 f   sfc_mex:sfc_mex.obj
 0001:0001ad20       ml_generic_castability_check 000000018001bd20 f   sfc_mex:sfc_mex.obj
 0001:0001adc0       ml_check_mx_array_for_single_castability 000000018001bdc0 f   sfc_mex:sfc_mex.obj
 0001:0001ae60       ml_check_mx_array_for_logical_castability 000000018001be60 f   sfc_mex:sfc_mex.obj
 0001:0001af00       ml_check_mx_array_for_int8_castability 000000018001bf00 f   sfc_mex:sfc_mex.obj
 0001:0001afb0       ml_check_mx_array_for_uint8_castability 000000018001bfb0 f   sfc_mex:sfc_mex.obj
 0001:0001b010       ml_check_mx_array_for_int16_castability 000000018001c010 f   sfc_mex:sfc_mex.obj
 0001:0001b070       ml_check_mx_array_for_uint16_castability 000000018001c070 f   sfc_mex:sfc_mex.obj
 0001:0001b0d0       ml_check_mx_array_for_int32_castability 000000018001c0d0 f   sfc_mex:sfc_mex.obj
 0001:0001b130       ml_check_mx_array_for_uint32_castability 000000018001c130 f   sfc_mex:sfc_mex.obj
 0001:0001b190       ml_check_mx_array_for_castability 000000018001c190 f   sfc_mex:sfc_mex.obj
 0001:0001bac0       set_data_value             000000018001cac0 f   sfc_mex:sfc_mex.obj
 0001:0001be30       get_data_value             000000018001ce30 f   sfc_mex:sfc_mex.obj
 0001:0001bf40       get_next_element_address   000000018001cf40 f   sfc_mex:sfc_mex.obj
 0001:0001c010       sf_normalize_index         000000018001d010 f   sfc_mex:sfc_mex.obj
 0001:0001c3a0       ml_array_index_bound_check 000000018001d3a0 f   sfc_mex:sfc_mex.obj
 0001:0001cec0       mx_value                   000000018001dec0 f   sfc_mex:sfc_mex.obj
 0001:0001cf10       sf_create_numeric_array    000000018001df10 f   sfc_mex:sfc_mex.obj
 0001:0001cfb0       sf_mex_assign_to_mx_array  000000018001dfb0 f   sfc_mex:sfc_mex.obj
 0001:0001d300       assign_from_mx_array       000000018001e300 f   sfc_mex:sfc_mex.obj
 0001:0001db30       sf_mex_import_v            000000018001eb30 f   sfc_mex:sfc_mex.obj
 0001:0001e230       get_machine_and_chart_file_number 000000018001f230 f   sfc_mex:sfc_sf.obj
 0001:0001e320       get_sfun_block_specialization 000000018001f320 f   sfc_mex:sfc_sf.obj
 0001:0001e3d0       call_sf_machine_global_method_dispatcher 000000018001f3d0 f   sfc_mex:sfc_sf.obj
 0001:0001e620       mdl_zeroCrossings_processing 000000018001f620 f   sfc_mex:sfc_sf.obj
 0001:0001e6f0       mdl_derivatives_processing 000000018001f6f0 f   sfc_mex:sfc_sf.obj
 0001:0001e9b0       mdl_outputs_continuous_legacy 000000018001f9b0 f   sfc_mex:sfc_sf.obj
 0001:0001ea30       mdl_outputs_processing     000000018001fa30 f   sfc_mex:sfc_sf.obj
 0001:0001ec60       mdl_enable_processing      000000018001fc60 f   sfc_mex:sfc_sf.obj
 0001:0001ed30       mdl_disable_processing     000000018001fd30 f   sfc_mex:sfc_sf.obj
 0001:0001faa0       sf_call_output_fcn_enable_disable 0000000180020aa0 f   sfc_mex:sfc_sf.obj
 0001:0001fd20       set_dwork_information_from_mx_array 0000000180020d20 f   sfc_mex:sfc_sf.obj
 0001:000205e0       ptr2mxStruct               00000001800215e0 f   sfc_mex:sfc_sf.obj
 0001:000208f0       SNPRINTF_WRAPPER           00000001800218f0 f   sfc_debug:sfcdebug.obj
 0001:00020910       sf_debug_chart_instance_initialized_quick 0000000180021910 f   sfc_debug:sfcdebug.obj
 0001:00020920       sf_debug_chart_instance_initialized 0000000180021920 f   sfc_debug:sfcdebug.obj
 0001:00020ac0       sfrtAddSize                0000000180021ac0 f   sfc_debug:sfcdebug.obj
 0001:00020b80       sfrtGenSizeString          0000000180021b80 f   sfc_debug:sfcdebug.obj
 0001:00021290       fill_single_message_info   0000000180022290 f   sfc_debug:sfcdebug.obj
 0001:00021450       sf_debug_sim_status_listener 0000000180022450 f   sfc_debug:sfcdebug.obj
 0001:000219c0       sf_debug_form_mask_bits    00000001800229c0 f   sfc_debug:sfcdebug.obj
 0001:00021a00       sf_debug_form_sf_data_type_offsets 0000000180022a00 f   sfc_debug:sfcdebug.obj
 0001:00021ac0       sf_debug_free_all          0000000180022ac0 f   sfc_debug:sfcdebug.obj
 0001:00021c70       sf_debug_append_debugger_context 0000000180022c70 f   sfc_debug:sfcdebug.obj
 0001:00021f30       local_strdup               0000000180022f30 f   sfc_debug:sfcdebug.obj
 0001:00022e10       sf_debug_em_terminate      0000000180023e10 f   sfc_debug:sfcdebug.obj
 0001:00022e50       sf_debug_push_eml_function 0000000180023e50 f   sfc_debug:sfcdebug.obj
 0001:00022ef0       sf_debug_pop_eml_function  0000000180023ef0 f   sfc_debug:sfcdebug.obj
 0001:00023bf0       sf_debug_get_machine_number_from_id_or_name 0000000180024bf0 f   sfc_debug:sfcdebug.obj
 0001:00023d40       sf_debug_get_chart_number_from_id 0000000180024d40 f   sfc_debug:sfcdebug.obj
 0001:000249b0       sf_debug_transfer_control_to_debugger_GUI 00000001800259b0 f   sfc_debug:sfcdebug.obj
 0001:00025940       sf_debug_scripts_rehash    0000000180026940 f   sfc_debug:sfcdebug.obj
 0001:00025b80       sf_debug_get_script_line_count 0000000180026b80 f   sfc_debug:sfcdebug.obj
 0001:000264b0       cv_eml_state_cvId          00000001800274b0 f   sfc_debug:sfcdebug.obj
 0001:00026520       cv_eml_trans_cvId          0000000180027520 f   sfc_debug:sfcdebug.obj
 0001:000277e0       sf_debug_data_array_bounds_error 00000001800287e0 f   sfc_debug:sfcdebug.obj
 0001:00027c10       eml_debug_runtime_error_doclink 0000000180028c10 f   sfc_debug:sfcdebug.obj
 0001:00027d90       sf_debug_runtime_error     0000000180028d90 f   sfc_debug:sfcdebug.obj
 0001:00027e00       sf_debug_matlab_error      0000000180028e00 f   sfc_debug:sfcdebug.obj
 0001:00028730       sf_debug_data_value_error  0000000180029730 f   sfc_debug:sfcdebug.obj
 0001:00029030       sf_debug_data_loss_error   000000018002a030 f   sfc_debug:sfcdebug.obj
 0001:00029f50       call_cv_range_check        000000018002af50 f   sfc_debug:sfcdebug.obj
 0001:0002a720       sf_debug_invoke_cycle_detection_code 000000018002b720 f   sfc_debug:sfcdebug.obj
 0001:0002b800       sf_reset_debug_info_struct 000000018002c800 f   sfc_debug:sfcdebug.obj
 0001:0002c0f0       cv_script_cvId             000000018002d0f0 f   sfc_debug:sfcdebug.obj
 0001:0002ce40       sfc_api_chart_visible      000000018002de40 f   sfc_debug:sfc_api.obj
 0001:0002cec0       sfc_api_active_instance    000000018002dec0 f   sfc_debug:sfc_api.obj
 0001:0002cf40       sfc_api_machine_load       000000018002df40 f   sfc_debug:sfc_api.obj
 0001:0002d010       sfc_api_debugger_alive     000000018002e010 f   sfc_debug:sfc_api.obj
 0001:0002d020       sfc_api_go                 000000018002e020 f   sfc_debug:sfc_api.obj
 0001:0002d030       sfc_api_step_over          000000018002e030 f   sfc_debug:sfc_api.obj
 0001:0002d040       sfc_api_step_out           000000018002e040 f   sfc_debug:sfc_api.obj
 0001:0002d050       sfc_api_resume             000000018002e050 f   sfc_debug:sfc_api.obj
 0001:0002d060       sfc_api_break              000000018002e060 f   sfc_debug:sfc_api.obj
 0001:0002d070       sfc_api_stop_debugging     000000018002e070 f   sfc_debug:sfc_api.obj
 0001:0002d0c0       sfc_api_is_cycle_detected  000000018002e0c0 f   sfc_debug:sfc_api.obj
 0001:0002d110       sfc_api_is_array_bounds_detected 000000018002e110 f   sfc_debug:sfc_api.obj
 0001:0002d160       sfc_api_set_disable_all_breakpoints 000000018002e160 f   sfc_debug:sfc_api.obj
 0001:0002d1d0       sfc_api_disable_all_breakpoints_and_go 000000018002e1d0 f   sfc_debug:sfc_api.obj
 0001:0002d1e0       sfc_api_close              000000018002e1e0 f   sfc_debug:sfc_api.obj
 0001:0002d1f0       sfc_api_browse_data        000000018002e1f0 f   sfc_debug:sfc_api.obj
 0001:0002d260       sfc_api_watch_data         000000018002e260 f   sfc_debug:sfc_api.obj
 0001:0002d300       sfc_api_extract_message_post_receive_info 000000018002e300 f   sfc_debug:sfc_api.obj
 0001:0002d320       sfc_api_assign_data        000000018002e320 f   sfc_debug:sfc_api.obj
 0001:0002d3c0       sfc_api_whos               000000018002e3c0 f   sfc_debug:sfc_api.obj
 0001:0002d450       sfc_api_get_consistency_info 000000018002e450 f   sfc_debug:sfc_api.obj
 0001:0002d460       sfc_api_browse_trace       000000018002e460 f   sfc_debug:sfc_api.obj
 0001:0002d470       sfc_api_break_on_chart_entry 000000018002e470 f   sfc_debug:sfc_api.obj
 0001:0002d490       sfc_api_break_on_event_broadcast 000000018002e490 f   sfc_debug:sfc_api.obj
 0001:0002d4b0       sfc_api_break_on_state_entry 000000018002e4b0 f   sfc_debug:sfc_api.obj
 0001:0002d4d0       sfc_api_set_watch          000000018002e4d0 f   sfc_debug:sfc_api.obj
 0001:0002d570       sfc_api_set_breakpoints    000000018002e570 f   sfc_debug:sfc_api.obj
 0001:0002d610       sfc_api_set_eml_breakpoints 000000018002e610 f   sfc_debug:sfc_api.obj
 0001:0002d690       sfc_api_set_script_breakpoints 000000018002e690 f   sfc_debug:sfc_api.obj
 0001:0002d6e0       sfc_api_add_script_breakpoints 000000018002e6e0 f   sfc_debug:sfc_api.obj
 0001:0002d730       sfc_api_clear_script_breakpoints 000000018002e730 f   sfc_debug:sfc_api.obj
 0001:0002d780       sfc_api_query_script_breakpoints 000000018002e780 f   sfc_debug:sfc_api.obj
 0001:0002d7e0       sfc_api_get_script_id      000000018002e7e0 f   sfc_debug:sfc_api.obj
 0001:0002d8a0       sfc_api_get_active_states  000000018002e8a0 f   sfc_debug:sfc_api.obj
 0001:0002d920       sfc_api_break_between_times 000000018002e920 f   sfc_debug:sfc_api.obj
 0001:0002d980       sfc_api_get_instance_handle 000000018002e980 f   sfc_debug:sfc_api.obj
 0001:0002da30       sfc_api_set_animation      000000018002ea30 f   sfc_debug:sfc_api.obj
 0001:0002da80       sfc_api_select_chart       000000018002ea80 f   sfc_debug:sfc_api.obj
 0001:0002dae0       sfc_api_select_charts      000000018002eae0 f   sfc_debug:sfc_api.obj
 0001:0002db10       sfc_api_cycle_detection_check 000000018002eb10 f   sfc_debug:sfc_api.obj
 0001:0002db60       sfc_api_data_range_check   000000018002eb60 f   sfc_debug:sfc_api.obj
 0001:0002dbb0       sfc_api_transition_conflict_check 000000018002ebb0 f   sfc_debug:sfc_api.obj
 0001:0002dc00       sfc_api_state_consistency_check 000000018002ec00 f   sfc_debug:sfc_api.obj
 0001:0002dc50       sfc_api_set_instance_cv_ids 000000018002ec50 f   sfc_debug:sfc_api.obj
 0001:0002dd60       sfc_api_set_script_cv_ids  000000018002ed60 f   sfc_debug:sfc_api.obj
 0001:0002de10       sfc_api_get_current_machine_id 000000018002ee10 f   sfc_debug:sfc_api.obj
 0001:0002de40       sfc_api_get_current_machine_number 000000018002ee40 f   sfc_debug:sfc_api.obj
 0001:0002de70       sfc_api_get_current_chart_number 000000018002ee70 f   sfc_debug:sfc_api.obj
 0001:0002dea0       sfc_api_get_current_instance_number 000000018002eea0 f   sfc_debug:sfc_api.obj
 0001:0002ded0       sfc_api_get_current_instance_handle 000000018002eed0 f   sfc_debug:sfc_api.obj
 0001:0002def0       sfc_api_get_current_is_minor_time_step 000000018002eef0 f   sfc_debug:sfc_api.obj
 0001:0002df20       sfc_api_get_current_machine_name 000000018002ef20 f   sfc_debug:sfc_api.obj
 0001:0002df40       sfc_api_get_current_chart_id 000000018002ef40 f   sfc_debug:sfc_api.obj
 0001:0002df70       sfc_api_get_current_object_type 000000018002ef70 f   sfc_debug:sfc_api.obj
 0001:0002dfa0       sfc_api_get_current_event_type 000000018002efa0 f   sfc_debug:sfc_api.obj
 0001:0002dfd0       sfc_api_get_current_object_id 000000018002efd0 f   sfc_debug:sfc_api.obj
 0001:0002e000       sfc_get_current_active_event_type 000000018002f000 f   sfc_debug:sfc_api.obj
 0001:0002e030       sfc_api_get_current_active_event_id 000000018002f030 f   sfc_debug:sfc_api.obj
 0001:0002e060       sfc_api_get_current_simulation_time 000000018002f060 f   sfc_debug:sfc_api.obj
 0001:0002e080       sfc_get_current_tag_type   000000018002f080 f   sfc_debug:sfc_api.obj
 0001:0002e0b0       sfc_get_current_coverage_percentage 000000018002f0b0 f   sfc_debug:sfc_api.obj
 0001:0002e0d0       sfc_get_current_statement_context 000000018002f0d0 f   sfc_debug:sfc_api.obj
 0001:0002e0f0       sfc_get_current_optional_integer 000000018002f0f0 f   sfc_debug:sfc_api.obj
 0001:0002e120       sfc_get_current_statement_info 000000018002f120 f   sfc_debug:sfc_api.obj
 0001:0002e1c0       sfc_api_get                000000018002f1c0 f   sfc_debug:sfc_api.obj
 0001:0002e320       sf_debug_sm_is_using_unified_editors 000000018002f320 f   sfc_debug:sfdb_animation.obj
 0001:0002e3c0       sf_debug_sm_is_chart_visible_in_unified_editors 000000018002f3c0 f   sfc_debug:sfdb_animation.obj
 0001:0002e480       sf_debug_sm_check_if_chart_is_visible 000000018002f480 f   sfc_debug:sfdb_animation.obj
 0001:0002ef80       sf_debug_sm_fill_state_activity_data 000000018002ff80 f   sfc_debug:sfdb_animation.obj
 0001:000317b0       void_ptr_stack_vector_free_total 00000001800327b0 f   sfc_debug:sfdb_data_browse.obj
 0001:00031840       sf_debug_st_terminate_machine 0000000180032840 f   sfc_debug:sfdb_data_browse.obj
 0001:00031880       sf_debug_st_terminate_instance 0000000180032880 f   sfc_debug:sfdb_data_browse.obj
 0001:00031c30       push_on_to_void_ptr_stack  0000000180032c30 f   sfc_debug:sfdb_data_browse.obj
 0001:00031dc0       pop_from_void_ptr_stack    0000000180032dc0 f   sfc_debug:sfdb_data_browse.obj
 0001:00031ef0       sf_debug_st_get_data_value 0000000180032ef0 f   sfc_debug:sfdb_data_browse.obj
 0001:00032480       mx_value                   0000000180033480 f   sfc_debug:sfdb_data_browse.obj
 0001:000324c0       sf_debug_st_fill_data_struct 00000001800334c0 f   sfc_debug:sfdb_data_browse.obj
 0001:00032800       data_type_format_strings   0000000180033800 f   sfc_debug:sfdb_data_browse.obj
 0001:000328b0       sf_debug_st_fill_data      00000001800338b0 f   sfc_debug:sfdb_data_browse.obj
 0001:00033600       sf_debug_hm_get_simulink_handle 0000000180034600 f   sfc_debug:sfdb_handle_management.obj
 0001:00034150       sf_debug_hm_initialize_globals 0000000180035150 f   sfc_debug:sfdb_handle_management.obj
 0001:00034250       sf_debug_hm_get_machine_debug_flag 0000000180035250 f   sfc_debug:sfdb_handle_management.obj
 0001:000343c0       sf_debug_hm_get_machine_id 00000001800353c0 f   sfc_debug:sfdb_handle_management.obj
 0001:000344e0       sf_debug_hm_get_chart_id   00000001800354e0 f   sfc_debug:sfdb_handle_management.obj
 0001:00034680       sf_debug_hm_register_executing_SFunction 0000000180035680 f   sfc_debug:sfdb_handle_management.obj
 0001:00034820       sf_debug_hm_get_chart_active_instance 0000000180035820 f   sfc_debug:sfdb_handle_management.obj
 0001:00034990       sf_debug_hm_get_chart_visibility 0000000180035990 f   sfc_debug:sfdb_handle_management.obj
 0001:00034ae0       sf_debug_hm_form_object_boolean_properties 0000000180035ae0 f   sfc_debug:sfdb_handle_management.obj
 0001:00034db0       sf_debug_hm_form_object_properties 0000000180035db0 f   sfc_debug:sfdb_handle_management.obj
 0001:00034ff0       sf_debug_hm_terminate_charts 0000000180035ff0 f   sfc_debug:sfdb_handle_management.obj
 0001:00035760       sf_debug_hm_terminate_machines 0000000180036760 f   sfc_debug:sfdb_handle_management.obj
 0001:000373b0       sf_debug_ss_copy_dimension 00000001800383b0 f   sfc_debug:sfdb_symbol_scope.obj
 0001:00037470       sf_debug_ss_get_number_elements 0000000180038470 f   sfc_debug:sfdb_symbol_scope.obj
 0001:00037490       sf_debug_ss_fill_data_struct 0000000180038490 f   sfc_debug:sfdb_symbol_scope.obj
 0001:000377e0       sf_debug_ss_reset_data_info 00000001800387e0 f   sfc_debug:sfdb_symbol_scope.obj
 0001:00037840       sf_debug_fill_data_info_by_symbol_scope_entry 0000000180038840 f   sfc_debug:sfdb_symbol_scope.obj
 0001:00037900       sf_debug_fill_data_info_by_data_vector 0000000180038900 f   sfc_debug:sfdb_symbol_scope.obj
 0001:00037b50       sf_debug_ss_get_data_info  0000000180038b50 f   sfc_debug:sfdb_symbol_scope.obj
 0001:00037e40       sf_debug_select_mex_function 0000000180038e40 f   sfc_debug:sfdb_symbol_scope.obj
 0001:00037e70       sf_debug_is_dyn_matrix_initialized 0000000180038e70 f   sfc_debug:sfdb_symbol_scope.obj
 0001:00037e90       sf_debug_ss_set_data_value_try 0000000180038e90 f   sfc_debug:sfdb_symbol_scope.obj
 0001:00038060       sf_debug_ss_get_data_value 0000000180039060 f   sfc_debug:sfdb_symbol_scope.obj
 0001:000385b0       sf_debug_ss_data_bytes_string 00000001800395b0 f   sfc_debug:sfdb_symbol_scope.obj
 0001:00038660       sf_debug_ss_data_class_string 0000000180039660 f   sfc_debug:sfdb_symbol_scope.obj
 0001:000389f0       sf_debug_ss_data_size_string 00000001800399f0 f   sfc_debug:sfdb_symbol_scope.obj
 0001:00038ad0       sf_debug_ss_data_create_data_info_struct 0000000180039ad0 f   sfc_debug:sfdb_symbol_scope.obj
 0001:00038da0       sf_debug_ss_data_create_name_value_pair 0000000180039da0 f   sfc_debug:sfdb_symbol_scope.obj
 0001:00038e40       sf_debug_ss_data_get_whos_info 0000000180039e40 f   sfc_debug:sfdb_symbol_scope.obj
 0001:00038e50       same_named_data_in_data_array 0000000180039e50 f   sfc_debug:sfdb_symbol_scope.obj
 0001:0003a6c0       sf_debug_cc_terminate_chart 000000018003b6c0 f   sfc_debug:sfdb_coverage.obj
 0001:0003aa60       sf_debug_cc_terminate_instance 000000018003ba60 f   sfc_debug:sfdb_coverage.obj
 0001:0003b650       sf_debug_cc_mark_object_if_needed 000000018003c650 f   sfc_debug:sfdb_coverage.obj
 0001:0003bf50       sf_debug_bm_initialize_eml 000000018003cf50 f   sfc_debug:sfdb_breakpoints.obj
 0001:0003d0c0       sf_debug_bm_map_debug_tag_to_breakpoint_tag 000000018003e0c0 f   sfc_debug:sfdb_breakpoints.obj
 0001:0003d1a0       sf_debug_bm_is_a_eml_breakpoint_impl 000000018003e1a0 f   sfc_debug:sfdb_breakpoints.obj
 0001:0003ec20       sf_debug_sc_push_on_error_stack 000000018003fc20 f   sfc_debug:sfdb_state_consistency.obj
 0001:0003ed50       sf_debug_sc_reset_error_stack 000000018003fd50 f   sfc_debug:sfdb_state_consistency.obj
 0001:0003eee0       sf_debug_sc_is_state_inconsistent 000000018003fee0 f   sfc_debug:sfdb_state_consistency.obj
 0001:0003f1e0       sf_debug_sc_fill_consistency_info 00000001800401e0 f   sfc_debug:sfdb_state_consistency.obj
 0001:0003f7c0       void_assertion_fcn         00000001800407c0 f   sfc_debug:sfdb_call_stack.obj
 0001:0003fd40       sf_debug_tm_fill_local_trace 0000000180040d40 f   sfc_debug:sfdb_call_stack.obj
 0001:00040310       sf_debug_cd_terminate_instance 0000000180041310 f   sfc_debug:sfdb_cycle_detection.obj
 0001:00040370       sf_debug_cd_free_checksum_stack 0000000180041370 f   sfc_debug:sfdb_cycle_detection.obj
 0001:000403c0       sf_debug_cd_reset_pack_strings 00000001800413c0 f   sfc_debug:sfdb_cycle_detection.obj
 0001:00040a80       md5file_clear              0000000180041a80 f   sfc_debug:ckmd5.obj
 0001:00040ab0       Encode                     0000000180041ab0 f   sfc_debug:ckmd5.obj
 0001:00040b00       Decode                     0000000180041b00 f   sfc_debug:ckmd5.obj
 0001:00040ba0       MD5Transform               0000000180041ba0 f   sfc_debug:ckmd5.obj
 0001:000413f0       md5file_addn               00000001800423f0 f   sfc_debug:ckmd5.obj
 0001:000414c0       md5file_hash               00000001800424c0 f   sfc_debug:ckmd5.obj
 0001:00041988       pre_c_init                 0000000180042988 f   MSVCRT:crtdll.obj
 0001:00041c44       __DllMainCRTStartup        0000000180042c44 f   MSVCRT:crtdll.obj
 0001:00042350       __DllMainCRTStartup$filt$0 0000000180043350 f   MSVCRT:crtdll.obj
 0001:00042380       __DllMainCRTStartup$fin$1  0000000180043380 f   MSVCRT:crtdll.obj
 0001:0004239a       _onexit$fin$0              000000018004339a f   MSVCRT:atonexit.obj
 0001:000423c0       _IsNonwritableInCurrentImage$filt$0 00000001800433c0 f   MSVCRT:pesect.obj
