 Tisch_sfun

 Timestamp is 50ae9680 (Thu Nov 22 22:17:52 2012)

 Preferred load address is 0000000180000000

 Start         Length     Name                   Class
 0001:00000000 0003fd84H .text                   CODE
 0001:0003fd90 00000092H .text$x                 CODE
 0002:00000000 00000468H .idata$5                DATA
 0002:00000468 00000008H .CRT$XCA                DATA
 0002:00000470 00000008H .CRT$XCZ                DATA
 0002:00000478 00000008H .CRT$XIA                DATA
 0002:00000480 00000008H .CRT$XIAA               DATA
 0002:00000488 00000008H .CRT$XIZ                DATA
 0002:00000490 00004b7cH .rdata                  DATA
 0002:00005010 00000008H .rtc$IAA                DATA
 0002:00005018 00000008H .rtc$IZZ                DATA
 0002:00005020 00000008H .rtc$TAA                DATA
 0002:00005028 00000008H .rtc$TZZ                DATA
 0002:00005030 0000415cH .xdata                  DATA
 0002:0000918c 0000008cH .idata$2                DATA
 0002:00009218 00000014H .idata$3                DATA
 0002:00009230 00000468H .idata$4                DATA
 0002:00009698 00000a38H .idata$6                DATA
 0002:0000a0d0 00000050H .edata                  DATA
 0003:00000000 00003768H .data                   DATA
 0003:00003780 000026b8H .bss                    DATA
 0004:00000000 000033f0H .pdata                  DATA

  Address         Publics by Value              Rva+Base               Lib:Object

 0000:00000000       ___safe_se_handler_count   0000000000000000     <absolute>
 0000:00000000       ___safe_se_handler_table   0000000000000000     <absolute>
 0000:00000000       __ImageBase                0000000180000000     <linker-defined>
 0001:00000000       sf_c1_Tisch_get_eml_resolved_functions_info 0000000180001000 f   c1_Tisch.obj
 0001:00000620       sf_c1_Tisch_get_check_sum  0000000180001620 f   c1_Tisch.obj
 0001:000006a0       sf_c1_Tisch_get_autoinheritance_info 00000001800016a0 f   c1_Tisch.obj
 0001:00001260       sf_internal_get_sim_state_c1_Tisch 0000000180002260 f   c1_Tisch.obj
 0001:000015c0       sf_internal_set_sim_state_c1_Tisch 00000001800025c0 f   c1_Tisch.obj
 0001:000019b0       c1_Tisch_method_dispatcher 00000001800029b0 f   c1_Tisch.obj
 0001:00003f00       sf_c2_Tisch_get_eml_resolved_functions_info 0000000180004f00 f   c2_Tisch.obj
 0001:00004590       sf_c2_Tisch_get_check_sum  0000000180005590 f   c2_Tisch.obj
 0001:00004610       sf_c2_Tisch_get_autoinheritance_info 0000000180005610 f   c2_Tisch.obj
 0001:000051d0       sf_internal_get_sim_state_c2_Tisch 00000001800061d0 f   c2_Tisch.obj
 0001:00005520       sf_internal_set_sim_state_c2_Tisch 0000000180006520 f   c2_Tisch.obj
 0001:00005910       c2_Tisch_method_dispatcher 0000000180006910 f   c2_Tisch.obj
 0001:00007e60       sf_c4_Tisch_get_eml_resolved_functions_info 0000000180008e60 f   c4_Tisch.obj
 0001:00008480       sf_c4_Tisch_get_check_sum  0000000180009480 f   c4_Tisch.obj
 0001:00008500       sf_c4_Tisch_get_autoinheritance_info 0000000180009500 f   c4_Tisch.obj
 0001:00008a70       sf_internal_get_sim_state_c4_Tisch 0000000180009a70 f   c4_Tisch.obj
 0001:00008dc0       sf_internal_set_sim_state_c4_Tisch 0000000180009dc0 f   c4_Tisch.obj
 0001:000091b0       c4_Tisch_method_dispatcher 000000018000a1b0 f   c4_Tisch.obj
 0001:0000abe0       sf_c5_Tisch_get_eml_resolved_functions_info 000000018000bbe0 f   c5_Tisch.obj
 0001:0000b2b0       sf_c5_Tisch_get_check_sum  000000018000c2b0 f   c5_Tisch.obj
 0001:0000b330       sf_c5_Tisch_get_autoinheritance_info 000000018000c330 f   c5_Tisch.obj
 0001:0000b8a0       sf_internal_get_sim_state_c5_Tisch 000000018000c8a0 f   c5_Tisch.obj
 0001:0000bbf0       sf_internal_set_sim_state_c5_Tisch 000000018000cbf0 f   c5_Tisch.obj
 0001:0000bfe0       c5_Tisch_method_dispatcher 000000018000cfe0 f   c5_Tisch.obj
 0001:0000da10       sf_process_check_sum_call  000000018000ea10 f   Tisch_sfun_registry.obj
 0001:0000da60       sf_process_autoinheritance_call 000000018000ea60 f   Tisch_sfun_registry.obj
 0001:0000dc00       sf_process_get_eml_resolved_functions_info_call 000000018000ec00 f   Tisch_sfun_registry.obj
 0001:0000dd80       sf_mex_unlock_call         000000018000ed80 f   Tisch_sfun_registry.obj
 0001:0000de30       sf_machine_global_initializer_called 000000018000ee30 f   Tisch_sfun_registry.obj
 0001:0000de60       sf_machine_global_method_dispatcher 000000018000ee60 f   Tisch_sfun_registry.obj
 0001:0000dec0       sf_machine_global_terminator 000000018000eec0 f   Tisch_sfun_registry.obj
 0001:0000df00       sf_register_machine_exported_symbols 000000018000ef00 f   Tisch_sfun_registry.obj
 0001:0000df20       callCustomFcn              000000018000ef20 f   Tisch_sfun_registry.obj
 0001:0000df30       sf_machine_global_initializer 000000018000ef30 f   Tisch_sfun_registry.obj
 0001:0000dfa0       _ssSetStateAbsTol          000000018000efa0 f   Tisch_sfun_registry.obj
 0001:0000e080       _ssGetAbsTol               000000018000f080 f   Tisch_sfun_registry.obj
 0001:0000e0f0       _ssSetInputPortMatrixDimensions 000000018000f0f0 f   Tisch_sfun_registry.obj
 0001:0000e200       _ssSetOutputPortMatrixDimensions 000000018000f200 f   Tisch_sfun_registry.obj
 0001:0000e310       _ssSetInputPortVectorDimension 000000018000f310 f   Tisch_sfun_registry.obj
 0001:0000e3e0       _ssSetOutputPortVectorDimension 000000018000f3e0 f   Tisch_sfun_registry.obj
 0001:0000e4b0       ssIsRunTimeParamTunable    000000018000f4b0 f   Tisch_sfun_registry.obj
 0001:0000e520       ssGetSFuncBlockHandle      000000018000f520 f   Tisch_sfun_registry.obj
 0001:0000e590       _ssGetCurrentInputPortWidth 000000018000f590 f   Tisch_sfun_registry.obj
 0001:0000e6b0       _ssGetCurrentOutputPortWidth 000000018000f6b0 f   Tisch_sfun_registry.obj
 0001:0000e7d0       _ssGetCallSystemNumFcnCallDestinations 000000018000f7d0 f   Tisch_sfun_registry.obj
 0001:0000e840       ssWarning                  000000018000f840 f   Tisch_sfun_registry.obj
 0001:0000e950       ssGetIsZeroCrossControlDisabled 000000018000f950 f   Tisch_sfun_registry.obj
 0001:0000e9c0       ssSetIsInputPortUsedForContZcSignal 000000018000f9c0 f   Tisch_sfun_registry.obj
 0001:0000ea30       ssSetZcSignalIsZcElementDisc 000000018000fa30 f   Tisch_sfun_registry.obj
 0001:0000eae0       ssSetZcSignalName          000000018000fae0 f   Tisch_sfun_registry.obj
 0001:0000eb50       ssSetZcSignalWidth         000000018000fb50 f   Tisch_sfun_registry.obj
 0001:0000ebc0       ssSetZcSignalZcEventType   000000018000fbc0 f   Tisch_sfun_registry.obj
 0001:0000ec30       ssSetZcSignalType          000000018000fc30 f   Tisch_sfun_registry.obj
 0001:0000eca0       ssSetZcSignalZcTol         000000018000fca0 f   Tisch_sfun_registry.obj
 0001:0000ed10       ssSetZcSignalNeedsEventNotification 000000018000fd10 f   Tisch_sfun_registry.obj
 0001:0000ed80       ssCreateAndAddZcSignalInfo 000000018000fd80 f   Tisch_sfun_registry.obj
 0001:0000edf0       ssCloneAndAddZcSignalInfo  000000018000fdf0 f   Tisch_sfun_registry.obj
 0001:0000ee60       ssGetNumZcSignals          000000018000fe60 f   Tisch_sfun_registry.obj
 0001:0000eed0       ssGetZcSignalVector        000000018000fed0 f   Tisch_sfun_registry.obj
 0001:0000ef40       ssGetZcSignalZcEvents      000000018000ff40 f   Tisch_sfun_registry.obj
 0001:0000efb0       ssGetZcSignalName          000000018000ffb0 f   Tisch_sfun_registry.obj
 0001:0000f020       ssGetZcSignalWidth         0000000180010020 f   Tisch_sfun_registry.obj
 0001:0000f090       ssGetZcSignalZcEventType   0000000180010090 f   Tisch_sfun_registry.obj
 0001:0000f100       ssGetZcSignalType          0000000180010100 f   Tisch_sfun_registry.obj
 0001:0000f170       ssGetZcSignalZcTol         0000000180010170 f   Tisch_sfun_registry.obj
 0001:0000f1f0       ssGetZcSignalNeedsEventNotification 00000001800101f0 f   Tisch_sfun_registry.obj
 0001:0000f260       ssGetZcSignalIsZcElementDisc 0000000180010260 f   Tisch_sfun_registry.obj
 0001:0000f300       ssGetIsInputPortElementContinuous 0000000180010300 f   Tisch_sfun_registry.obj
 0001:0000f3a0       _ssGetInputPortSignalPtrsFcn 00000001800103a0 f   Tisch_sfun_registry.obj
 0001:0000f660       _ssGetInputPortSignalFcn   0000000180010660 f   Tisch_sfun_registry.obj
 0001:0000f880       _ssSetInputPortDirectFeedThroughFcn 0000000180010880 f   Tisch_sfun_registry.obj
 0001:0000f9e0       _ssSetInputPortReusableFcn 00000001800109e0 f   Tisch_sfun_registry.obj
 0001:0000fad0       _ssSetOutputPortReusableFcn 0000000180010ad0 f   Tisch_sfun_registry.obj
 0001:0000fbb0       ssGetDTypeIdFromMxArray    0000000180010bb0 f   Tisch_sfun_registry.obj
 0001:0000fcd0       ssWriteRTWStr              0000000180010cd0 f   Tisch_sfun_registry.obj
 0001:0000fd30       ssWriteRTWMxVectParam      0000000180010d30 f   Tisch_sfun_registry.obj
 0001:0000fd90       ssWriteRTWMx2dMatParam     0000000180010d90 f   Tisch_sfun_registry.obj
 0001:0000fe10       ssWriteRTWNameValuePair    0000000180010e10 f   Tisch_sfun_registry.obj
 0001:00010300       ssWriteRTWParameters       0000000180011300 f   Tisch_sfun_registry.obj
 0001:00010900       ssWriteRTWParamSettings    0000000180011900 f   Tisch_sfun_registry.obj
 0001:00010fd0       ssWriteRTWWorkVect         0000000180011fd0 f   Tisch_sfun_registry.obj
 0001:000114d0       mexFunction                00000001800124d0 f   Tisch_sfun_registry.obj
 0001:00013110       ProcessMexSfunctionEveryCall 0000000180014110 f   Tisch_sfun_registry.obj
 0001:00013280       Tisch_initializer          0000000180014280 f   Tisch_sfun.obj
 0001:00013290       Tisch_terminator           0000000180014290 f   Tisch_sfun.obj
 0001:000132a0       sf_Tisch_method_dispatcher 00000001800142a0 f   Tisch_sfun.obj
 0001:00013350       sf_Tisch_process_check_sum_call 0000000180014350 f   Tisch_sfun.obj
 0001:000137a0       sf_Tisch_autoinheritance_info 00000001800147a0 f   Tisch_sfun.obj
 0001:00013a00       sf_Tisch_get_eml_resolved_functions_info 0000000180014a00 f   Tisch_sfun.obj
 0001:00013bf0       Tisch_debug_initialize     0000000180014bf0 f   Tisch_sfun.obj
 0001:00013c60       Tisch_register_exported_symbols 0000000180014c60 f   Tisch_sfun.obj
 0001:00013c70       load_Tisch_optimization_info 0000000180014c70 f   Tisch_sfun.obj
 0001:00013cc0       unload_Tisch_optimization_info 0000000180014cc0 f   Tisch_sfun.obj
 0001:00013d90       sf_mex_mx_is_numeric       0000000180014d90 f   sfc_mex:sfc_mex.obj
 0001:00013dd0       strcmp_ignore_ws           0000000180014dd0 f   sfc_mex:sfc_mex.obj
 0001:00013f10       sf_mex_duplicatearraysafe  0000000180014f10 f   sfc_mex:sfc_mex.obj
 0001:00014070       sf_set_error_debugger_context_message_fcn 0000000180015070 f   sfc_mex:sfc_mex.obj
 0001:00014080       sf_set_debugger_matlab_error_fcn 0000000180015080 f   sfc_mex:sfc_mex.obj
 0001:000140b0       sf_set_error_prefix_string 00000001800150b0 f   sfc_mex:sfc_mex.obj
 0001:000140e0       sf_get_error_prefix_string 00000001800150e0 f   sfc_mex:sfc_mex.obj
 0001:000140f0       sf_mex_enter_parallel_region 00000001800150f0 f   sfc_mex:sfc_mex.obj
 0001:00014100       sf_mex_exit_parallel_region 0000000180015100 f   sfc_mex:sfc_mex.obj
 0001:00014110       sf_get_current_jmp_buf_ptr 0000000180015110 f   sfc_mex:sfc_mex.obj
 0001:00014120       sf_set_current_jmp_buf_ptr 0000000180015120 f   sfc_mex:sfc_mex.obj
 0001:00014130       sf_mex_set_halt_simulation 0000000180015130 f   sfc_mex:sfc_mex.obj
 0001:00014140       sf_mex_get_halt_simulation 0000000180015140 f   sfc_mex:sfc_mex.obj
 0001:00014150       sf_mex_clear_error_message 0000000180015150 f   sfc_mex:sfc_mex.obj
 0001:00014170       sf_mex_get_error_message_for_read 0000000180015170 f   sfc_mex:sfc_mex.obj
 0001:00014180       sf_mex_get_error_message_buffer_length 0000000180015180 f   sfc_mex:sfc_mex.obj
 0001:00014260       sf_mex_warning_message     0000000180015260 f   sfc_mex:sfc_mex.obj
 0001:000142d0       sf_mex_v_errbuf_createf    00000001800152d0 f   sfc_mex:sfc_mex.obj
 0001:000142e0       sf_mex_errbuf_createf      00000001800152e0 f   sfc_mex:sfc_mex.obj
 0001:00014310       sf_mex_v_errbuf_catf       0000000180015310 f   sfc_mex:sfc_mex.obj
 0001:00014350       sf_mex_errbuf_catf         0000000180015350 f   sfc_mex:sfc_mex.obj
 0001:000143a0       sf_mex_errbuf_copy         00000001800153a0 f   sfc_mex:sfc_mex.obj
 0001:000143b0       sf_mex_errbuf_clear        00000001800153b0 f   sfc_mex:sfc_mex.obj
 0001:000143c0       sf_mex_errbuf_isempty      00000001800153c0 f   sfc_mex:sfc_mex.obj
 0001:000144d0       sf_mex_set_error_status    00000001800154d0 f   sfc_mex:sfc_mex.obj
 0001:00014520       sf_mex_error_direct_call   0000000180015520 f   sfc_mex:sfc_mex.obj
 0001:00014540       sf_mex_error_message_no_long_jump 0000000180015540 f   sfc_mex:sfc_mex.obj
 0001:00014560       sf_mex_long_jump_on_error  0000000180015560 f   sfc_mex:sfc_mex.obj
 0001:00014590       sf_mex_call_matlab         0000000180015590 f   sfc_mex:sfc_mex.obj
 0001:000146b0       sf_mex_check_builtin       00000001800156b0 f   sfc_mex:sfc_mex.obj
 0001:000146f0       sf_mex_check_builtin_vs    00000001800156f0 f   sfc_mex:sfc_mex.obj
 0001:00014750       sf_mex_check_enum          0000000180015750 f   sfc_mex:sfc_mex.obj
 0001:00014780       sf_mex_create_enum         0000000180015780 f   sfc_mex:sfc_mex.obj
 0001:000147a0       sf_mex_get_enum_element    00000001800157a0 f   sfc_mex:sfc_mex.obj
 0001:000147b0       sf_mex_createcellarray     00000001800157b0 f   sfc_mex:sfc_mex.obj
 0001:000147c0       sf_mex_setcell             00000001800157c0 f   sfc_mex:sfc_mex.obj
 0001:000147d0       sf_mex_getcell             00000001800157d0 f   sfc_mex:sfc_mex.obj
 0001:000147e0       sf_mex_dup                 00000001800157e0 f   sfc_mex:sfc_mex.obj
 0001:00014800       sf_mex_assign              0000000180015800 f   sfc_mex:sfc_mex.obj
 0001:00014880       sf_mex_destroy             0000000180015880 f   sfc_mex:sfc_mex.obj
 0001:000148b0       mx_array_has_fi_type       00000001800158b0 f   sfc_mex:sfc_mex.obj
 0001:000148e0       sf_mex_convert_from_fi     00000001800158e0 f   sfc_mex:sfc_mex.obj
 0001:00014990       sf_mex_convert_to_double   0000000180015990 f   sfc_mex:sfc_mex.obj
 0001:00014ab0       sf_mex_import_fi_vs        0000000180015ab0 f   sfc_mex:sfc_mex.obj
 0001:00014c70       sf_matrix_matrix_index_ok  0000000180015c70 f   sfc_mex:sfc_mex.obj
 0001:00014d00       sf_vector_vector_index_ok  0000000180015d00 f   sfc_mex:sfc_mex.obj
 0001:00014d30       ssGetCurrentInputPortDimensions_wrapper 0000000180015d30 f   sfc_mex:sfc_mex.obj
 0001:00014d50       ssGetCurrentOutputPortDimensions_wrapper 0000000180015d50 f   sfc_mex:sfc_mex.obj
 0001:00014d70       sf_mex_emlrt_context_is_debug_mode 0000000180015d70 f   sfc_mex:sfc_mex.obj
 0001:00014d80       sf_mex_emlrt_context_set_debug_mode 0000000180015d80 f   sfc_mex:sfc_mex.obj
 0001:00014d90       sf_mex_emlrtNameCapturePostProcessR2012a 0000000180015d90 f   sfc_mex:sfc_mex.obj
 0001:00014e00       sf_clear_error_manager_info 0000000180015e00 f   sfc_mex:sfc_mex.obj
 0001:00014e60       sf_mex_stop_simulation_abruptly_wo_error 0000000180015e60 f   sfc_mex:sfc_mex.obj
 0001:00014ea0       sf_mex_error_message       0000000180015ea0 f   sfc_mex:sfc_mex.obj
 0001:00014f00       sf_react_to_error_in_matlab_call 0000000180015f00 f   sfc_mex:sfc_mex.obj
 0001:00014f30       sf_mex_addfield            0000000180015f30 f   sfc_mex:sfc_mex.obj
 0001:00014fd0       sf_mex_getfield            0000000180015fd0 f   sfc_mex:sfc_mex.obj
 0001:000152d0       sf_mex_check_class         00000001800162d0 f   sfc_mex:sfc_mex.obj
 0001:00015370       sf_mex_is_real             0000000180016370 f   sfc_mex:sfc_mex.obj
 0001:000157e0       sf_mex_decode_encoded_mx_struct_array 00000001800167e0 f   sfc_mex:sfc_mex.obj
 0001:00015ac0       sf_mex_lw_bounds_check     0000000180016ac0 f   sfc_mex:sfc_mex.obj
 0001:00015af0       sf_mex_lw_size_eq_check_1d 0000000180016af0 f   sfc_mex:sfc_mex.obj
 0001:00015b10       sf_mex_lw_size_eq_check_nd 0000000180016b10 f   sfc_mex:sfc_mex.obj
 0001:00015cf0       sf_mex_lw_dim_size_eq_check 0000000180016cf0 f   sfc_mex:sfc_mex.obj
 0001:00015d20       sf_mex_lw_dim_size_geq_check 0000000180016d20 f   sfc_mex:sfc_mex.obj
 0001:00015d50       sf_mex_lw_sub_assign_size_check_nd 0000000180016d50 f   sfc_mex:sfc_mex.obj
 0001:00015f80       sf_mex_lw_runtime_error_msgid 0000000180016f80 f   sfc_mex:sfc_mex.obj
 0001:00016070       sf_mex_lw_matrix_matrix_index_check 0000000180017070 f   sfc_mex:sfc_mex.obj
 0001:00016090       sf_mex_lw_vector_vector_index_check 0000000180017090 f   sfc_mex:sfc_mex.obj
 0001:000160d0       sf_mex_lw_for_loop_vector_check 00000001800170d0 f   sfc_mex:sfc_mex.obj
 0001:00016150       sf_mex_lw_non_negative_check 0000000180017150 f   sfc_mex:sfc_mex.obj
 0001:00016190       sf_mex_overflow_error      0000000180017190 f   sfc_mex:sfc_mex.obj
 0001:000161a0       sf_mex_dividebyzero_error  00000001800171a0 f   sfc_mex:sfc_mex.obj
 0001:000161b0       sf_mex_unsafe_enum_error   00000001800171b0 f   sfc_mex:sfc_mex.obj
 0001:000161c0       sf_emlrtErrHandler         00000001800171c0 f   sfc_mex:sfc_mex.obj
 0001:000162a0       sf_mex_size_one_check      00000001800172a0 f   sfc_mex:sfc_mex.obj
 0001:000162c0       sf_mex_printf              00000001800172c0 f   sfc_mex:sfc_mex.obj
 0001:00016490       sf_mex_check_size          0000000180017490 f   sfc_mex:sfc_mex.obj
 0001:00016760       sf_mex_check_struct        0000000180017760 f   sfc_mex:sfc_mex.obj
 0001:000169c0       sf_mex_check_struct_vs     00000001800179c0 f   sfc_mex:sfc_mex.obj
 0001:00016a50       sf_mex_check_fi            0000000180017a50 f   sfc_mex:sfc_mex.obj
 0001:00016b50       sf_mex_check_fi_vs         0000000180017b50 f   sfc_mex:sfc_mex.obj
 0001:00016bf0       sf_echo_expression         0000000180017bf0 f   sfc_mex:sfc_mex.obj
 0001:00016c50       sf_assertion_failed        0000000180017c50 f   sfc_mex:sfc_mex.obj
 0001:00016f30       sf_mex_evalin              0000000180017f30 f   sfc_mex:sfc_mex.obj
 0001:000171a0       sf_mex_export              00000001800181a0 f   sfc_mex:sfc_mex.obj
 0001:00017260       sf_mex_get_ml_var_no_error 0000000180018260 f   sfc_mex:sfc_mex.obj
 0001:00017400       sf_mex_get_ml_var          0000000180018400 f   sfc_mex:sfc_mex.obj
 0001:000178a0       ml_set_element_value_in_array 00000001800188a0 f   sfc_mex:sfc_mex.obj
 0001:00018f70       sf_mex_call_impl           0000000180019f70 f   sfc_mex:sfc_mex.obj
 0001:000194a0       sf_mex_call_debug          000000018001a4a0 f   sfc_mex:sfc_mex.obj
 0001:000194d0       sf_mex_call                000000018001a4d0 f   sfc_mex:sfc_mex.obj
 0001:00019b20       sf_mex_createstruct        000000018001ab20 f   sfc_mex:sfc_mex.obj
 0001:00019c10       sf_mex_createstructarray   000000018001ac10 f   sfc_mex:sfc_mex.obj
 0001:00019c90       sf_mex_get_mx_datatype_from_sf_datatype 000000018001ac90 f   sfc_mex:sfc_mex.obj
 0001:00019fa0       sf_mex_ml_var_sub          000000018001afa0 f   sfc_mex:sfc_mex.obj
 0001:0001a170       sf_mex_ml_var_subsasgn     000000018001b170 f   sfc_mex:sfc_mex.obj
 0001:0001a560       sf_mex_sub                 000000018001b560 f   sfc_mex:sfc_mex.obj
 0001:0001a760       sf_mex_subsasgn            000000018001b760 f   sfc_mex:sfc_mex.obj
 0001:0001ac40       sf_mex_create              000000018001bc40 f   sfc_mex:sfc_mex.obj
 0001:0001b690       sf_mex_import_named        000000018001c690 f   sfc_mex:sfc_mex.obj
 0001:0001b6f0       sf_mex_import              000000018001c6f0 f   sfc_mex:sfc_mex.obj
 0001:0001b740       sf_mex_import_vs           000000018001c740 f   sfc_mex:sfc_mex.obj
 0001:0001b850       sf_mex_lower_fixpt_mx_array 000000018001c850 f   sfc_mex:sfc_mex.obj
 0001:0001bb40       sf_send_message_wrapper    000000018001cb40 f   sfc_mex:sfc_sf.obj
 0001:0001bb70       sf_receive_message_wrapper 000000018001cb70 f   sfc_mex:sfc_sf.obj
 0001:0001bbb0       sf_check_out_message_wrapper 000000018001cbb0 f   sfc_mex:sfc_sf.obj
 0001:0001bbf0       sf_check_in_message_wrapper 000000018001cbf0 f   sfc_mex:sfc_sf.obj
 0001:0001bc30       sf_no_message_wrapper      000000018001cc30 f   sfc_mex:sfc_sf.obj
 0001:0001bfc0       sim_mode_is_rtw_gen        000000018001cfc0 f   sfc_mex:sfc_sf.obj
 0001:0001bff0       sim_mode_is_external       000000018001cff0 f   sfc_mex:sfc_sf.obj
 0001:0001c000       sim_mode_is_modelref_sim   000000018001d000 f   sfc_mex:sfc_sf.obj
 0001:0001c020       mdlInitializeSizes         000000018001d020 f   sfc_mex:sfc_sf.obj
 0001:0001c040       mdlInitializeSampleTimes   000000018001d040 f   sfc_mex:sfc_sf.obj
 0001:0001c080       mdlZeroCrossings           000000018001d080 f   sfc_mex:sfc_sf.obj
 0001:0001c160       mdlDerivatives             000000018001d160 f   sfc_mex:sfc_sf.obj
 0001:0001c210       mdl_initialize_conditions_processing 000000018001d210 f   sfc_mex:sfc_sf.obj
 0001:0001c240       mdlInitializeConditions    000000018001d240 f   sfc_mex:sfc_sf.obj
 0001:0001c300       mdlGetSimState             000000018001d300 f   sfc_mex:sfc_sf.obj
 0001:0001c310       mdlSetSimState             000000018001d310 f   sfc_mex:sfc_sf.obj
 0001:0001c320       mdl_ext_mode_exec_processing 000000018001d320 f   sfc_mex:sfc_sf.obj
 0001:0001c340       mdlExtModeExec             000000018001d340 f   sfc_mex:sfc_sf.obj
 0001:0001c4d0       mdlTerminate               000000018001d4d0 f   sfc_mex:sfc_sf.obj
 0001:0001c540       mdlRTW                     000000018001d540 f   sfc_mex:sfc_sf.obj
 0001:0001c570       mdlSetWorkWidths           000000018001d570 f   sfc_mex:sfc_sf.obj
 0001:0001c580       mdlProcessParameters       000000018001d580 f   sfc_mex:sfc_sf.obj
 0001:0001c590       mdl_start_processing       000000018001d590 f   sfc_mex:sfc_sf.obj
 0001:0001c5d0       mdlStart                   000000018001d5d0 f   sfc_mex:sfc_sf.obj
 0001:0001c6c0       mdlEnable                  000000018001d6c0 f   sfc_mex:sfc_sf.obj
 0001:0001c790       mdlDisable                 000000018001d790 f   sfc_mex:sfc_sf.obj
 0001:0001c840       sf_get_chart_instance_ptr  000000018001d840 f   sfc_mex:sfc_sf.obj
 0001:0001c860       sf_load_rtw_optimization_info 000000018001d860 f   sfc_mex:sfc_sf.obj
 0001:0001c930       sf_rtw_info_uint_prop      000000018001d930 f   sfc_mex:sfc_sf.obj
 0001:0001ca70       sf_is_chart_inlinable      000000018001da70 f   sfc_mex:sfc_sf.obj
 0001:0001ca90       sf_mark_output_events_with_multiple_callers 000000018001da90 f   sfc_mex:sfc_sf.obj
 0001:0001cc20       sf_mark_chart_reusable_outputs 000000018001dc20 f   sfc_mex:sfc_sf.obj
 0001:0001ce80       sf_mark_chart_expressionable_inputs 000000018001de80 f   sfc_mex:sfc_sf.obj
 0001:0001d0e0       sf_get_subchart_simstruct  000000018001e0e0 f   sfc_mex:sfc_sf.obj
 0001:0001d130       sf_get_fixpt_data_type_id  000000018001e130 f   sfc_mex:sfc_sf.obj
 0001:0001d170       sf_get_enum_data_type_id   000000018001e170 f   sfc_mex:sfc_sf.obj
 0001:0001d1b0       sf_get_param_data_type_id  000000018001e1b0 f   sfc_mex:sfc_sf.obj
 0001:0001d1e0       sf_mex_listen_for_ctrl_c_force 000000018001e1e0 f   sfc_mex:sfc_sf.obj
 0001:0001d2f0       sf_mex_draw_now            000000018001e2f0 f   sfc_mex:sfc_sf.obj
 0001:0001d330       sf_mex_set_debugger_sim_status_listener_fcn 000000018001e330 f   sfc_mex:sfc_sf.obj
 0001:0001d340       sf_mex_listen_for_ctrl_c   000000018001e340 f   sfc_mex:sfc_sf.obj
 0001:0001d3d0       sf_mex_get_sfun_param      000000018001e3d0 f   sfc_mex:sfc_sf.obj
 0001:0001d420       sf_get_runtime_param_data  000000018001e420 f   sfc_mex:sfc_sf.obj
 0001:0001d460       sf_call_output_fcn_call    000000018001e460 f   sfc_mex:sfc_sf.obj
 0001:0001d5a0       sf_call_output_fcn_enable  000000018001e5a0 f   sfc_mex:sfc_sf.obj
 0001:0001d630       sf_call_output_fcn_disable 000000018001e630 f   sfc_mex:sfc_sf.obj
 0001:0001d6c0       sf_clear_rtw_identifier    000000018001e6c0 f   sfc_mex:sfc_sf.obj
 0001:0001deb0       sf_set_encoded_dwork_info  000000018001eeb0 f   sfc_mex:sfc_sf.obj
 0001:0001df00       sf_get_dwork_info_from_mat_file 000000018001ef00 f   sfc_mex:sfc_sf.obj
 0001:0001e0c0       sf_set_rtw_dwork_info      000000018001f0c0 f   sfc_mex:sfc_sf.obj
 0001:0001e230       mdlOutputs                 000000018001f230 f   sfc_mex:sfc_sf.obj
 0001:0001e3d0       sf_debug_disp              000000018001f3d0 f   sfc_debug:sfcdebug.obj
 0001:0001e630       sf_debug_data_runtime_size_mismatch_error_check 000000018001f630 f   sfc_debug:sfcdebug.obj
 0001:0001e6d0       sf_debug_try_loading_machine 000000018001f6d0 f   sfc_debug:sfcdebug.obj
 0001:0001e7d0       sf_debug_reset_current_state_configuration 000000018001f7d0 f   sfc_debug:sfcdebug.obj
 0001:0001e860       sf_debug_store_current_state_configuration 000000018001f860 f   sfc_debug:sfcdebug.obj
 0001:0001e8f0       sf_debug_restore_previous_state_configuration 000000018001f8f0 f   sfc_debug:sfcdebug.obj
 0001:0001e980       sf_debug_restore_previous_state_configuration2 000000018001f980 f   sfc_debug:sfcdebug.obj
 0001:0001ea10       sf_debug_get_event_scope   000000018001fa10 f   sfc_debug:sfcdebug.obj
 0001:0001eb80       use_debugger_step_animation 000000018001fb80 f   sfc_debug:sfcdebug.obj
 0001:0001eba0       sf_debug_get_script_id     000000018001fba0 f   sfc_debug:sfcdebug.obj
 0001:0001ec30       sf_debug_set_script_translation 000000018001fc30 f   sfc_debug:sfcdebug.obj
 0001:0001edb0       sf_debug_extract_message_post_receive_info 000000018001fdb0 f   sfc_debug:sfcdebug.obj
 0001:0001eeb0       sf_debug_get_current_machine_id 000000018001feb0 f   sfc_debug:sfcdebug.obj
 0001:0001eed0       sf_debug_get_current_optional_integer 000000018001fed0 f   sfc_debug:sfcdebug.obj
 0001:0001eee0       sf_debug_get_current_machine_number 000000018001fee0 f   sfc_debug:sfcdebug.obj
 0001:0001ef00       sf_debug_get_current_machine_name 000000018001ff00 f   sfc_debug:sfcdebug.obj
 0001:0001ef20       sf_debug_get_current_chart_id 000000018001ff20 f   sfc_debug:sfcdebug.obj
 0001:0001ef70       sf_debug_get_current_chart_number 000000018001ff70 f   sfc_debug:sfcdebug.obj
 0001:0001ef80       sf_debug_get_current_instance_number 000000018001ff80 f   sfc_debug:sfcdebug.obj
 0001:0001ef90       sf_debug_get_current_is_minor_time_step 000000018001ff90 f   sfc_debug:sfcdebug.obj
 0001:0001f010       sf_debug_get_current_object_type 0000000180020010 f   sfc_debug:sfcdebug.obj
 0001:0001f020       sf_debug_get_current_instance_handle 0000000180020020 f   sfc_debug:sfcdebug.obj
 0001:0001f080       sf_debug_get_current_event_type 0000000180020080 f   sfc_debug:sfcdebug.obj
 0001:0001f090       sf_debug_get_current_object_id 0000000180020090 f   sfc_debug:sfcdebug.obj
 0001:0001f0d0       sf_debug_get_current_active_event_type 00000001800200d0 f   sfc_debug:sfcdebug.obj
 0001:0001f0e0       sf_debug_get_current_active_event_id 00000001800200e0 f   sfc_debug:sfcdebug.obj
 0001:0001f120       sf_debug_get_current_tag_type 0000000180020120 f   sfc_debug:sfcdebug.obj
 0001:0001f130       sf_debug_get_current_simulation_time 0000000180020130 f   sfc_debug:sfcdebug.obj
 0001:0001f140       sf_debug_get_current_coverage_percentage 0000000180020140 f   sfc_debug:sfcdebug.obj
 0001:0001f150       sf_debug_current_statement_context 0000000180020150 f   sfc_debug:sfcdebug.obj
 0001:0001f1e0       sf_debug_get_current_statement_info 00000001800201e0 f   sfc_debug:sfcdebug.obj
 0001:0001f360       sf_debug_terminate_instance 0000000180020360 f   sfc_debug:sfcdebug.obj
 0001:0001f6a0       sf_debug_assertion_failed  00000001800206a0 f   sfc_debug:sfcdebug.obj
 0001:0001f850       sf_debug_set_number_of_data_with_change_event_for_machine 0000000180020850 f   sfc_debug:sfcdebug.obj
 0001:0001f890       sf_debug_set_machine_event_thresholds 0000000180020890 f   sfc_debug:sfcdebug.obj
 0001:0001f8b0       sf_debug_set_machine_event_scope 00000001800208b0 f   sfc_debug:sfcdebug.obj
 0001:0001f8f0       sf_debug_set_machine_data_thresholds 00000001800208f0 f   sfc_debug:sfcdebug.obj
 0001:0001f930       sf_debug_set_machine_data_scope 0000000180020930 f   sfc_debug:sfcdebug.obj
 0001:0001f9c0       sf_debug_set_machine_data_name 00000001800209c0 f   sfc_debug:sfcdebug.obj
 0001:0001fa60       sf_debug_set_machine_data_size 0000000180020a60 f   sfc_debug:sfcdebug.obj
 0001:0001fba0       sf_debug_set_machine_data_type 0000000180020ba0 f   sfc_debug:sfcdebug.obj
 0001:0001fd10       sf_debug_get_chart_data_number 0000000180020d10 f   sfc_debug:sfcdebug.obj
 0001:0001fd30       sf_debug_get_chart_event_number 0000000180020d30 f   sfc_debug:sfcdebug.obj
 0001:0001fd50       sf_debug_set_chart_state_info 0000000180020d50 f   sfc_debug:sfcdebug.obj
 0001:0001fdd0       sf_debug_set_chart_decomposition 0000000180020dd0 f   sfc_debug:sfcdebug.obj
 0001:0001fe40       sf_debug_set_chart_substate_count 0000000180020e40 f   sfc_debug:sfcdebug.obj
 0001:0001ff20       sf_debug_set_chart_substate_index 0000000180020f20 f   sfc_debug:sfcdebug.obj
 0001:0001ff90       sf_debug_set_chart_state_substate_count 0000000180020f90 f   sfc_debug:sfcdebug.obj
 0001:000200a0       sf_debug_set_chart_state_substate_index 00000001800210a0 f   sfc_debug:sfcdebug.obj
 0001:00020120       sf_debug_set_number_of_data_with_change_event_for_chart 0000000180021120 f   sfc_debug:sfcdebug.obj
 0001:000201a0       sf_debug_set_number_of_states_with_entry_event_for_chart 00000001800211a0 f   sfc_debug:sfcdebug.obj
 0001:00020210       sf_debug_set_number_of_states_with_exit_event_for_chart 0000000180021210 f   sfc_debug:sfcdebug.obj
 0001:00020280       sf_debug_set_chart_disable_implicit_casting 0000000180021280 f   sfc_debug:sfcdebug.obj
 0001:000202f0       sf_debug_set_chart_event_thresholds 00000001800212f0 f   sfc_debug:sfcdebug.obj
 0001:00020360       sf_debug_set_chart_data_compiled_props 0000000180021360 f   sfc_debug:sfcdebug.obj
 0001:000206b0       sf_debug_set_chart_data_props 00000001800216b0 f   sfc_debug:sfcdebug.obj
 0001:000209d0       sf_debug_check_fi_license  00000001800219d0 f   sfc_debug:sfcdebug.obj
 0001:00020bc0       sf_debug_symbol_scope_push 0000000180021bc0 f   sfc_debug:sfcdebug.obj
 0001:00020c00       sf_debug_symbol_scope_push_eml 0000000180021c00 f   sfc_debug:sfcdebug.obj
 0001:00020c50       sf_debug_symbol_scope_pop  0000000180021c50 f   sfc_debug:sfcdebug.obj
 0001:00020c90       sf_debug_symbol_scope_add_importable 0000000180021c90 f   sfc_debug:sfcdebug.obj
 0001:00020d10       sf_debug_symbol_scope_add  0000000180021d10 f   sfc_debug:sfcdebug.obj
 0001:00020d90       sf_debug_symbol_scope_add_dyn_importable 0000000180021d90 f   sfc_debug:sfcdebug.obj
 0001:00020e50       sf_debug_symbol_scope_add_dyn 0000000180021e50 f   sfc_debug:sfcdebug.obj
 0001:00020e80       sf_debug_symbol_scope_add_eml_importable 0000000180021e80 f   sfc_debug:sfcdebug.obj
 0001:00020ec0       sf_debug_symbol_scope_add_eml 0000000180021ec0 f   sfc_debug:sfcdebug.obj
 0001:00020f00       sf_debug_symbol_scope_add_eml_dyn_importable 0000000180021f00 f   sfc_debug:sfcdebug.obj
 0001:00020f70       sf_debug_symbol_scope_add_eml_dyn 0000000180021f70 f   sfc_debug:sfcdebug.obj
 0001:00020fd0       sf_debug_symbol_switch     0000000180021fd0 f   sfc_debug:sfcdebug.obj
 0001:00020ff0       sf_debug_symbol_scope_add_verbose 0000000180021ff0 f   sfc_debug:sfcdebug.obj
 0001:000210c0       sf_debug_set_machine_data_value_ptr 00000001800220c0 f   sfc_debug:sfcdebug.obj
 0001:00021100       sf_debug_set_instance_data_value_ptr 0000000180022100 f   sfc_debug:sfcdebug.obj
 0001:000211c0       sf_debug_unset_instance_data_value_ptr 00000001800221c0 f   sfc_debug:sfcdebug.obj
 0001:00021270       sf_debug_set_chart_event_scope 0000000180022270 f   sfc_debug:sfcdebug.obj
 0001:000212f0       sf_debug_set_chart_transition_coverage_maps 00000001800222f0 f   sfc_debug:sfcdebug.obj
 0001:00021400       sf_debug_set_chart_state_coverage_maps 0000000180022400 f   sfc_debug:sfcdebug.obj
 0001:000214e0       sf_debug_set_instance_transition_coverage_weights 00000001800224e0 f   sfc_debug:sfcdebug.obj
 0001:00021580       sf_debug_set_instance_state_coverage_weights 0000000180022580 f   sfc_debug:sfcdebug.obj
 0001:000217d0       sf_debug_unload_machine    00000001800227d0 f   sfc_debug:sfcdebug.obj
 0001:00021820       sf_debug_load_machine      0000000180022820 f   sfc_debug:sfcdebug.obj
 0001:00021920       sf_debug_set_active_instance_in_data_dictionary 0000000180022920 f   sfc_debug:sfcdebug.obj
 0001:00021b00       sf_debug_set_active_instance 0000000180022b00 f   sfc_debug:sfcdebug.obj
 0001:00021c40       sf_debug_chart_visiblity_change 0000000180022c40 f   sfc_debug:sfcdebug.obj
 0001:00021d20       sf_debug_select_chart      0000000180022d20 f   sfc_debug:sfcdebug.obj
 0001:00021df0       sf_debug_set_instance_cv_ids 0000000180022df0 f   sfc_debug:sfcdebug.obj
 0001:00022100       sf_debug_select_charts     0000000180023100 f   sfc_debug:sfcdebug.obj
 0001:00022240       sf_debug_initialized       0000000180023240 f   sfc_debug:sfcdebug.obj
 0001:00022250       sf_debug_is_uninterruptible 0000000180023250 f   sfc_debug:sfcdebug.obj
 0001:00022280       sf_debug_initialize_debugger_gui 0000000180023280 f   sfc_debug:sfcdebug.obj
 0001:00022670       sf_debug_resume            0000000180023670 f   sfc_debug:sfcdebug.obj
 0001:00022690       sf_debug_go                0000000180023690 f   sfc_debug:sfcdebug.obj
 0001:000226a0       sf_debug_break             00000001800236a0 f   sfc_debug:sfcdebug.obj
 0001:000226b0       sf_debug_step_over         00000001800236b0 f   sfc_debug:sfcdebug.obj
 0001:000226c0       sf_debug_step_out          00000001800236c0 f   sfc_debug:sfcdebug.obj
 0001:000226d0       sf_debug_set_disable_all_breakpoints 00000001800236d0 f   sfc_debug:sfcdebug.obj
 0001:000226e0       sf_debug_disable_all_breakpoints_and_go 00000001800236e0 f   sfc_debug:sfcdebug.obj
 0001:000226f0       sf_debug_break_on_chart_entry 00000001800236f0 f   sfc_debug:sfcdebug.obj
 0001:00022700       sf_debug_break_on_event_broadcast 0000000180023700 f   sfc_debug:sfcdebug.obj
 0001:00022710       sf_debug_break_on_state_entry 0000000180023710 f   sfc_debug:sfcdebug.obj
 0001:00022720       sf_debug_break_between_times 0000000180023720 f   sfc_debug:sfcdebug.obj
 0001:00022740       sf_debug_browse_data       0000000180023740 f   sfc_debug:sfcdebug.obj
 0001:00022760       sf_debug_watch_data        0000000180023760 f   sfc_debug:sfcdebug.obj
 0001:00022780       sf_debug_assign_data       0000000180023780 f   sfc_debug:sfcdebug.obj
 0001:000227a0       sf_debug_whos              00000001800237a0 f   sfc_debug:sfcdebug.obj
 0001:000227c0       sf_debug_get_consistency_info 00000001800237c0 f   sfc_debug:sfcdebug.obj
 0001:000227d0       sf_debug_browse_trace      00000001800237d0 f   sfc_debug:sfcdebug.obj
 0001:000227e0       sf_debug_set_breakpoints   00000001800237e0 f   sfc_debug:sfcdebug.obj
 0001:00022940       sf_debug_set_eml_breakpoints 0000000180023940 f   sfc_debug:sfcdebug.obj
 0001:00022aa0       sf_debug_set_script_breakpoints 0000000180023aa0 f   sfc_debug:sfcdebug.obj
 0001:00022b20       sf_debug_add_script_breakpoints 0000000180023b20 f   sfc_debug:sfcdebug.obj
 0001:00022b90       sf_debug_clear_script_breakpoints 0000000180023b90 f   sfc_debug:sfcdebug.obj
 0001:00022c00       sf_debug_query_script_breakpoints 0000000180023c00 f   sfc_debug:sfcdebug.obj
 0001:00022cc0       sf_debug_get_eml_script_id 0000000180023cc0 f   sfc_debug:sfcdebug.obj
 0001:00022d10       sf_debug_set_watch         0000000180023d10 f   sfc_debug:sfcdebug.obj
 0001:00022f40       sf_debug_get_instance_handle 0000000180023f40 f   sfc_debug:sfcdebug.obj
 0001:00022fd0       sf_debug_get_active_states 0000000180023fd0 f   sfc_debug:sfcdebug.obj
 0001:00022fe0       sf_debug_get_animation     0000000180023fe0 f   sfc_debug:sfcdebug.obj
 0001:00022ff0       sf_debug_set_animation     0000000180023ff0 f   sfc_debug:sfcdebug.obj
 0001:00023000       sf_debug_animate           0000000180024000 f   sfc_debug:sfcdebug.obj
 0001:00023030       sf_debug_cycle_detection_check 0000000180024030 f   sfc_debug:sfcdebug.obj
 0001:00023040       sf_debug_data_range_check  0000000180024040 f   sfc_debug:sfcdebug.obj
 0001:00023050       sf_debug_transition_conflict_check 0000000180024050 f   sfc_debug:sfcdebug.obj
 0001:00023060       sf_debug_state_consistency_check 0000000180024060 f   sfc_debug:sfcdebug.obj
 0001:00023070       sf_debug_data_range_check_enabled 0000000180024070 f   sfc_debug:sfcdebug.obj
 0001:00023090       sf_debug_transition_conflict_check_enabled 0000000180024090 f   sfc_debug:sfcdebug.obj
 0001:000230b0       sf_debug_transition_conflict_check_begin 00000001800240b0 f   sfc_debug:sfcdebug.obj
 0001:000230d0       sf_debug_transition_conflict_check_end 00000001800240d0 f   sfc_debug:sfcdebug.obj
 0001:000230f0       sf_debug_stop_debugging    00000001800240f0 f   sfc_debug:sfcdebug.obj
 0001:00023120       sf_debug_is_cycle_detected 0000000180024120 f   sfc_debug:sfcdebug.obj
 0001:00023130       sf_debug_is_array_bounds_detected 0000000180024130 f   sfc_debug:sfcdebug.obj
 0001:00023140       sf_debug_get_state_vectors_data_size 0000000180024140 f   sfc_debug:sfcdebug.obj
 0001:00023180       sf_debug_get_state_vectors_data 0000000180024180 f   sfc_debug:sfcdebug.obj
 0001:00023280       sf_debug_set_state_vectors_data 0000000180024280 f   sfc_debug:sfcdebug.obj
 0001:00023540       sf_debug_get_script_index  0000000180024540 f   sfc_debug:sfcdebug.obj
 0001:000236d0       sf_debug_add_script        00000001800246d0 f   sfc_debug:sfcdebug.obj
 0001:00023860       cv_eval_point              0000000180024860 f   sfc_debug:sfcdebug.obj
 0001:000239d0       cv_eval_testobjective      00000001800249d0 f   sfc_debug:sfcdebug.obj
 0001:00023af0       sf_debug_cv_init_state     0000000180024af0 f   sfc_debug:sfcdebug.obj
 0001:00023c10       sf_debug_cv_init_chart     0000000180024c10 f   sfc_debug:sfcdebug.obj
 0001:00023cf0       sf_debug_cv_init_trans     0000000180024cf0 f   sfc_debug:sfcdebug.obj
 0001:00023df0       sf_debug_cv_init_testobjectives 0000000180024df0 f   sfc_debug:sfcdebug.obj
 0001:00023fd0       cv_eml_init_script         0000000180024fd0 f   sfc_debug:sfcdebug.obj
 0001:000240d0       cv_eml_init_fcn            00000001800250d0 f   sfc_debug:sfcdebug.obj
 0001:00024180       cv_eml_init_testobjective  0000000180025180 f   sfc_debug:sfcdebug.obj
 0001:00024250       cv_eml_init_if             0000000180025250 f   sfc_debug:sfcdebug.obj
 0001:00024320       cv_eml_init_for            0000000180025320 f   sfc_debug:sfcdebug.obj
 0001:000243e0       cv_eml_init_while          00000001800253e0 f   sfc_debug:sfcdebug.obj
 0001:000244a0       cv_eml_init_mcdc           00000001800254a0 f   sfc_debug:sfcdebug.obj
 0001:000245b0       cv_eml_init_switch         00000001800255b0 f   sfc_debug:sfcdebug.obj
 0001:000246a0       cv_eml_eval                00000001800256a0 f   sfc_debug:sfcdebug.obj
 0001:00024780       sf_debug_bm_is_a_eml_breakpoint 0000000180025780 f   sfc_debug:sfcdebug.obj
 0001:000248d0       sf_debug_temporal_threshold 00000001800258d0 f   sfc_debug:sfcdebug.obj
 0001:00024c30       sf_debug_transition_conflict_error 0000000180025c30 f   sfc_debug:sfcdebug.obj
 0001:00024fb0       sf_debug_state_inconsistency_error 0000000180025fb0 f   sfc_debug:sfcdebug.obj
 0001:000250d0       sf_debug_check_for_state_inconsistency 00000001800260d0 f   sfc_debug:sfcdebug.obj
 0001:00025100       sf_debug_cycle_detecton_error 0000000180026100 f   sfc_debug:sfcdebug.obj
 0001:000258f0       sf_debug_size_eq_check_1d  00000001800268f0 f   sfc_debug:sfcdebug.obj
 0001:00025910       sf_debug_size_eq_check_nd  0000000180026910 f   sfc_debug:sfcdebug.obj
 0001:00025af0       sf_debug_dim_size_eq_check 0000000180026af0 f   sfc_debug:sfcdebug.obj
 0001:00025b20       sf_debug_dim_size_geq_check 0000000180026b20 f   sfc_debug:sfcdebug.obj
 0001:00025b50       sf_debug_sub_assign_size_check_nd 0000000180026b50 f   sfc_debug:sfcdebug.obj
 0001:00025d90       sf_debug_matrix_matrix_index_check 0000000180026d90 f   sfc_debug:sfcdebug.obj
 0001:00025dc0       sf_debug_vector_vector_index_check 0000000180026dc0 f   sfc_debug:sfcdebug.obj
 0001:00025df0       sf_debug_for_loop_vector_check 0000000180026df0 f   sfc_debug:sfcdebug.obj
 0001:00025e70       sf_debug_runtime_error_msgid 0000000180026e70 f   sfc_debug:sfcdebug.obj
 0001:00025f00       sf_debug_data_array_bounds_error_check 0000000180026f00 f   sfc_debug:sfcdebug.obj
 0001:00026010       sf_debug_eml_data_array_bounds_error_check 0000000180027010 f   sfc_debug:sfcdebug.obj
 0001:000264f0       sf_debug_integer_check     00000001800274f0 f   sfc_debug:sfcdebug.obj
 0001:000265d0       sf_debug_not_nan_check     00000001800275d0 f   sfc_debug:sfcdebug.obj
 0001:00026690       sf_debug_non_negative_check 0000000180027690 f   sfc_debug:sfcdebug.obj
 0001:00026750       sf_debug_overflow_detection 0000000180027750 f   sfc_debug:sfcdebug.obj
 0001:00026e40       sf_debug_cast_to_real32_T  0000000180027e40 f   sfc_debug:sfcdebug.obj
 0001:00026f00       sf_debug_cast_to_int8_T    0000000180027f00 f   sfc_debug:sfcdebug.obj
 0001:00026fc0       sf_debug_cast_to_uint8_T   0000000180027fc0 f   sfc_debug:sfcdebug.obj
 0001:00027080       sf_debug_cast_to_int16_T   0000000180028080 f   sfc_debug:sfcdebug.obj
 0001:00027140       sf_debug_cast_to_uint16_T  0000000180028140 f   sfc_debug:sfcdebug.obj
 0001:00027200       sf_debug_cast_to_int32_T   0000000180028200 f   sfc_debug:sfcdebug.obj
 0001:000272c0       sf_debug_cast_to_uint32_T  00000001800282c0 f   sfc_debug:sfcdebug.obj
 0001:00027380       sf_debug_data_range_error  0000000180028380 f   sfc_debug:sfcdebug.obj
 0001:000276d0       sf_debug_read_before_write_check 00000001800286d0 f   sfc_debug:sfcdebug.obj
 0001:00027ac0       sf_debug_data_range_error_wrapper_min_max 0000000180028ac0 f   sfc_debug:sfcdebug.obj
 0001:00027bb0       sf_debug_data_range_error_wrapper_min 0000000180028bb0 f   sfc_debug:sfcdebug.obj
 0001:00027c90       sf_debug_data_range_error_wrapper_max 0000000180028c90 f   sfc_debug:sfcdebug.obj
 0001:00027d70       sf_debug_data_range_wrapper 0000000180028d70 f   sfc_debug:sfcdebug.obj
 0001:00027e20       sf_debug_set_current_status_info 0000000180028e20 f   sfc_debug:sfcdebug.obj
 0001:000281d0       sf_debug_register_message_post_receive_info 00000001800291d0 f   sfc_debug:sfcdebug.obj
 0001:00028440       sf_debug_call              0000000180029440 f   sfc_debug:sfcdebug.obj
 0001:00029300       sf_debug_initialize_machine 000000018002a300 f   sfc_debug:sfcdebug.obj
 0001:00029610       sf_debug_initialize_chart  000000018002a610 f   sfc_debug:sfcdebug.obj
 0001:00029af0       sf_debug_ensure_script     000000018002aaf0 f   sfc_debug:sfcdebug.obj
 0001:00029bb0       cv_script_init_script      000000018002abb0 f   sfc_debug:sfcdebug.obj
 0001:00029c90       cv_script_init_fcn         000000018002ac90 f   sfc_debug:sfcdebug.obj
 0001:00029d40       cv_script_init_testobjective 000000018002ad40 f   sfc_debug:sfcdebug.obj
 0001:00029df0       cv_script_init_if          000000018002adf0 f   sfc_debug:sfcdebug.obj
 0001:00029ea0       cv_script_init_for         000000018002aea0 f   sfc_debug:sfcdebug.obj
 0001:00029f50       cv_script_init_while       000000018002af50 f   sfc_debug:sfcdebug.obj
 0001:0002a000       cv_script_init_mcdc        000000018002b000 f   sfc_debug:sfcdebug.obj
 0001:0002a100       cv_script_init_switch      000000018002b100 f   sfc_debug:sfcdebug.obj
 0001:0002a1e0       cv_script_eval             000000018002b1e0 f   sfc_debug:sfcdebug.obj
 0001:0002a2c0       eml_debug_line_call        000000018002b2c0 f   sfc_debug:sfcdebug.obj
 0001:0002a470       sf_debug_terminate         000000018002b470 f   sfc_debug:sfcdebug.obj
 0001:0002a5e0       sf_debug_set_script_cv_ids 000000018002b5e0 f   sfc_debug:sfcdebug.obj
 0001:0002a710       sf_debug_api               000000018002b710 f   sfc_debug:sfc_api.obj
 0001:0002bef0       sf_debug_sm_terminate      000000018002cef0 f   sfc_debug:sfdb_animation.obj
 0001:0002c0b0       sf_debug_reset_path_objects 000000018002d0b0 f   sfc_debug:sfdb_animation.obj
 0001:0002c130       sf_debug_sm_reset_object_selection_status 000000018002d130 f   sfc_debug:sfdb_animation.obj
 0001:0002c1d0       sf_debug_sm_reset_state_buffer 000000018002d1d0 f   sfc_debug:sfdb_animation.obj
 0001:0002c2a0       sf_debug_sm_store_state_buffer 000000018002d2a0 f   sfc_debug:sfdb_animation.obj
 0001:0002c320       sf_debug_sm_restore_state_buffer1 000000018002d320 f   sfc_debug:sfdb_animation.obj
 0001:0002c390       sf_debug_sm_restore_state_buffer2 000000018002d390 f   sfc_debug:sfdb_animation.obj
 0001:0002c400       sf_debug_sm_chart_active   000000018002d400 f   sfc_debug:sfdb_animation.obj
 0001:0002c450       sf_debug_sm_select_active_objects 000000018002d450 f   sfc_debug:sfdb_animation.obj
 0001:0002c900       sf_debug_sm_is_chart_active 000000018002d900 f   sfc_debug:sfdb_animation.obj
 0001:0002c940       sf_debug_sm_is_state_active 000000018002d940 f   sfc_debug:sfdb_animation.obj
 0001:0002cb80       sf_debug_sm_get_active_states 000000018002db80 f   sfc_debug:sfdb_animation.obj
 0001:0002d140       sf_debug_sm_initialize_instance 000000018002e140 f   sfc_debug:sfdb_animation.obj
 0001:0002d390       sf_debug_sm_change_object_selection_status 000000018002e390 f   sfc_debug:sfdb_animation.obj
 0001:0002d680       cv_create_interface        000000018002e680 f   sfc_debug:cv_sfinterface.obj
 0001:0002d9e0       cv_init_trans              000000018002e9e0 f   sfc_debug:cv_sfinterface.obj
 0001:0002da30       cv_init_testobjective      000000018002ea30 f   sfc_debug:cv_sfinterface.obj
 0001:0002da70       cv_init_state              000000018002ea70 f   sfc_debug:cv_sfinterface.obj
 0001:0002dae0       cv_init_chart              000000018002eae0 f   sfc_debug:cv_sfinterface.obj
 0001:0002db30       cv_dec_update_call         000000018002eb30 f   sfc_debug:cv_sfinterface.obj
 0001:0002db70       cv_cond_update_call        000000018002eb70 f   sfc_debug:cv_sfinterface.obj
 0001:0002dbb0       cv_testobjective_update_call 000000018002ebb0 f   sfc_debug:cv_sfinterface.obj
 0001:0002dbf0       cv_sigrange_update         000000018002ebf0 f   sfc_debug:cv_sfinterface.obj
 0001:0002dc30       cvsf_eml_eval              000000018002ec30 f   sfc_debug:cv_sfinterface.obj
 0001:0002dd10       cvsf_eml_init_script       000000018002ed10 f   sfc_debug:cv_sfinterface.obj
 0001:0002dd90       cvsf_eml_init_fcn          000000018002ed90 f   sfc_debug:cv_sfinterface.obj
 0001:0002ddf0       cvsf_eml_init_testobjective 000000018002edf0 f   sfc_debug:cv_sfinterface.obj
 0001:0002de50       cvsf_eml_init_if           000000018002ee50 f   sfc_debug:cv_sfinterface.obj
 0001:0002deb0       cvsf_eml_init_for          000000018002eeb0 f   sfc_debug:cv_sfinterface.obj
 0001:0002df00       cvsf_eml_init_while        000000018002ef00 f   sfc_debug:cv_sfinterface.obj
 0001:0002df50       cvsf_eml_init_mcdc         000000018002ef50 f   sfc_debug:cv_sfinterface.obj
 0001:0002dfe0       cvsf_eml_init_switch       000000018002efe0 f   sfc_debug:cv_sfinterface.obj
 0001:0002e050       cvsf_script_eval           000000018002f050 f   sfc_debug:cv_sfinterface.obj
 0001:0002e130       cvsf_script_init_script    000000018002f130 f   sfc_debug:cv_sfinterface.obj
 0001:0002e1b0       cvsf_script_init_fcn       000000018002f1b0 f   sfc_debug:cv_sfinterface.obj
 0001:0002e210       cvsf_script_init_testobjective 000000018002f210 f   sfc_debug:cv_sfinterface.obj
 0001:0002e270       cvsf_script_init_if        000000018002f270 f   sfc_debug:cv_sfinterface.obj
 0001:0002e2d0       cvsf_script_init_for       000000018002f2d0 f   sfc_debug:cv_sfinterface.obj
 0001:0002e320       cvsf_script_init_while     000000018002f320 f   sfc_debug:cv_sfinterface.obj
 0001:0002e370       cvsf_script_init_mcdc      000000018002f370 f   sfc_debug:cv_sfinterface.obj
 0001:0002e400       cvsf_script_init_switch    000000018002f400 f   sfc_debug:cv_sfinterface.obj
 0001:0002e470       cv_destroy_interface       000000018002f470 f   sfc_debug:cv_sfinterface.obj
 0001:0002e490       cv_create_instance_objects 000000018002f490 f   sfc_debug:cv_sfinterface.obj
 0001:0002e940       cv_is_enabled              000000018002f940 f   sfc_debug:cv_sfinterface.obj
 0001:0002e950       sf_debug_cv_initialize_script 000000018002f950 f   sfc_debug:cv_sfinterface.obj
 0001:0002eb00       sf_debug_cv_initialize_instance 000000018002fb00 f   sfc_debug:cv_sfinterface.obj
 0001:0002eea0       sf_debug_cv_terminate_chart 000000018002fea0 f   sfc_debug:cv_sfinterface.obj
 0001:0002efe0       cv_call_trans_test         000000018002ffe0 f   sfc_debug:cv_sfinterface.obj
 0001:0002eff0       cv_call_sub_cond_test      000000018002fff0 f   sfc_debug:cv_sfinterface.obj
 0001:0002f030       sf_debug_st_initialize_machine 0000000180030030 f   sfc_debug:sfdb_data_browse.obj
 0001:0002f0f0       sf_debug_st_initialize_instance 00000001800300f0 f   sfc_debug:sfdb_data_browse.obj
 0001:0002f320       sf_debug_st_terminate      0000000180030320 f   sfc_debug:sfdb_data_browse.obj
 0001:0002f6c0       sf_debug_st_set_data_value_ptr_in_machine 00000001800306c0 f   sfc_debug:sfdb_data_browse.obj
 0001:0002f750       sf_debug_st_set_data_value_ptr_in_instance 0000000180030750 f   sfc_debug:sfdb_data_browse.obj
 0001:0002f830       sf_debug_st_unset_data_value_ptr_in_machine 0000000180030830 f   sfc_debug:sfdb_data_browse.obj
 0001:0002f8a0       sf_debug_st_unset_data_value_ptr_in_instance 00000001800308a0 f   sfc_debug:sfdb_data_browse.obj
 0001:0002fbb0       sf_debug_mx_value          0000000180030bb0 f   sfc_debug:sfdb_data_browse.obj
 0001:0002fc10       sf_debug_mx_packed_vector  0000000180030c10 f   sfc_debug:sfdb_data_browse.obj
 0001:0002fcf0       sf_debug_mx_uint_vector    0000000180030cf0 f   sfc_debug:sfdb_data_browse.obj
 0001:0002fdb0       sf_debug_st_get_double_value_from_void_ptr_vector 0000000180030db0 f   sfc_debug:sfdb_data_browse.obj
 0001:000308a0       sf_debug_st_browse_data    00000001800318a0 f   sfc_debug:sfdb_data_browse.obj
 0001:00031130       sf_debug_hm_initialize_instance 0000000180032130 f   sfc_debug:sfdb_handle_management.obj
 0001:000316b0       sf_debug_hm_get_object_id  00000001800326b0 f   sfc_debug:sfdb_handle_management.obj
 0001:00033620       sf_debug_object_is_eml_function 0000000180034620 f   sfc_debug:sfdb_handle_management.obj
 0001:00033690       sf_debug_hm_initialize_ids_in_machine 0000000180034690 f   sfc_debug:sfdb_handle_management.obj
 0001:00033800       sf_debug_hm_initialize_ids_in_chart 0000000180034800 f   sfc_debug:sfdb_handle_management.obj
 0001:00033940       sf_debug_hm_initialize_chart 0000000180034940 f   sfc_debug:sfdb_handle_management.obj
 0001:000340f0       sf_debug_hm_terminate      00000001800350f0 f   sfc_debug:sfdb_handle_management.obj
 0001:00034150       sf_debug_hm_initialize_machine 0000000180035150 f   sfc_debug:sfdb_handle_management.obj
 0001:00034900       sf_debug_ss_initialize     0000000180035900 f   sfc_debug:sfdb_symbol_scope.obj
 0001:00034920       sf_debug_ss_terminate      0000000180035920 f   sfc_debug:sfdb_symbol_scope.obj
 0001:000349b0       sf_debug_ss_push_symbol_scope 00000001800359b0 f   sfc_debug:sfdb_symbol_scope.obj
 0001:00034ab0       sf_debug_ss_push_symbol_scope_eml 0000000180035ab0 f   sfc_debug:sfdb_symbol_scope.obj
 0001:00034b10       sf_debug_ss_pop_symbol_scope 0000000180035b10 f   sfc_debug:sfdb_symbol_scope.obj
 0001:00034bc0       sf_debug_ss_add_symbol     0000000180035bc0 f   sfc_debug:sfdb_symbol_scope.obj
 0001:00034d20       sf_debug_ss_add_symbol_eml 0000000180035d20 f   sfc_debug:sfdb_symbol_scope.obj
 0001:00035a00       sf_debug_ss_set_data_value 0000000180036a00 f   sfc_debug:sfdb_symbol_scope.obj
 0001:00035ea0       sf_debug_ss_watch_data     0000000180036ea0 f   sfc_debug:sfdb_symbol_scope.obj
 0001:00035f40       sf_debug_ss_assign_data    0000000180036f40 f   sfc_debug:sfdb_symbol_scope.obj
 0001:00036940       get_data_entry_name        0000000180037940 f   sfc_debug:sfdb_symbol_scope.obj
 0001:00036990       sf_debug_ss_whos           0000000180037990 f   sfc_debug:sfdb_symbol_scope.obj
 0001:000370a0       sf_debug_cc_initialize_chart 00000001800380a0 f   sfc_debug:sfdb_coverage.obj
 0001:00037a90       sf_debug_cc_initialize_instance 0000000180038a90 f   sfc_debug:sfdb_coverage.obj
 0001:00038890       sf_debug_cc_terminate      0000000180039890 f   sfc_debug:sfdb_coverage.obj
 0001:00038980       sf_debug_cc_set_transition_maps 0000000180039980 f   sfc_debug:sfdb_coverage.obj
 0001:00038ab0       sf_debug_cc_set_state_maps 0000000180039ab0 f   sfc_debug:sfdb_coverage.obj
 0001:00038b90       sf_debug_cc_set_transition_weights 0000000180039b90 f   sfc_debug:sfdb_coverage.obj
 0001:00038e60       sf_debug_cc_set_state_weights 0000000180039e60 f   sfc_debug:sfdb_coverage.obj
 0001:00039130       sf_debug_cc_mark_transition_guard 000000018003a130 f   sfc_debug:sfdb_coverage.obj
 0001:000391c0       sf_debug_cc_mark_transition_trigger 000000018003a1c0 f   sfc_debug:sfdb_coverage.obj
 0001:00039250       sf_debug_cc_mark_transition_decision 000000018003a250 f   sfc_debug:sfdb_coverage.obj
 0001:000392c0       sf_debug_cc_mark_transition_condition_action 000000018003a2c0 f   sfc_debug:sfdb_coverage.obj
 0001:00039310       sf_debug_cc_mark_transition_transition_action 000000018003a310 f   sfc_debug:sfdb_coverage.obj
 0001:00039360       sf_debug_cc_mark_state_entry 000000018003a360 f   sfc_debug:sfdb_coverage.obj
 0001:000393b0       sf_debug_cc_mark_state_during 000000018003a3b0 f   sfc_debug:sfdb_coverage.obj
 0001:00039400       sf_debug_cc_mark_state_exit 000000018003a400 f   sfc_debug:sfdb_coverage.obj
 0001:00039450       sf_debug_bm_clear_script_breakpoints 000000018003a450 f   sfc_debug:sfdb_breakpoints.obj
 0001:00039480       sf_debug_bm_set_script_breakpoint 000000018003a480 f   sfc_debug:sfdb_breakpoints.obj
 0001:00039500       sf_debug_bm_clear_single_script_breakpoint 000000018003a500 f   sfc_debug:sfdb_breakpoints.obj
 0001:00039580       sf_debug_bm_query_script_breakpoint 000000018003a580 f   sfc_debug:sfdb_breakpoints.obj
 0001:000395d0       sf_debug_bm_initialize_scripts 000000018003a5d0 f   sfc_debug:sfdb_breakpoints.obj
 0001:00039cf0       sf_debug_bm_terminate      000000018003acf0 f   sfc_debug:sfdb_breakpoints.obj
 0001:00039fe0       sf_debug_bm_remove_all_breakpoints_in_machine 000000018003afe0 f   sfc_debug:sfdb_breakpoints.obj
 0001:0003a050       sf_debug_bm_remove_all_breakpoints_in_chart 000000018003b050 f   sfc_debug:sfdb_breakpoints.obj
 0001:0003a1a0       sf_debug_bm_initialize_global_breakpoints 000000018003b1a0 f   sfc_debug:sfdb_breakpoints.obj
 0001:0003a320       sf_debug_bm_set_breakpoint 000000018003b320 f   sfc_debug:sfdb_breakpoints.obj
 0001:0003a950       sf_debug_bm_set_eml_breakpoint 000000018003b950 f   sfc_debug:sfdb_breakpoints.obj
 0001:0003a9f0       sf_debug_bm_initialize_machine_breakpoint_map 000000018003b9f0 f   sfc_debug:sfdb_breakpoints.obj
 0001:0003ae10       sf_debug_bm_is_a_breakpoint 000000018003be10 f   sfc_debug:sfdb_breakpoints.obj
 0001:0003b330       sf_debug_bm_get_all_breakpoints_in_machine 000000018003c330 f   sfc_debug:sfdb_breakpoints.obj
 0001:0003b630       sf_debug_bm_get_all_breakpoints_in_chart 000000018003c630 f   sfc_debug:sfdb_breakpoints.obj
 0001:0003c2f0       sf_debug_bm_initialize_machine 000000018003d2f0 f   sfc_debug:sfdb_breakpoints.obj
 0001:0003c3c0       sf_debug_bm_initialize_chart 000000018003d3c0 f   sfc_debug:sfdb_breakpoints.obj
 0001:0003c7e0       sf_debug_sc_terminate      000000018003d7e0 f   sfc_debug:sfdb_state_consistency.obj
 0001:0003cb10       sf_debug_sc_is_chart_consistent 000000018003db10 f   sfc_debug:sfdb_state_consistency.obj
 0001:0003cdc0       sf_debug_sc_get_consistency_error_info 000000018003ddc0 f   sfc_debug:sfdb_state_consistency.obj
 0001:0003d210       sf_debug_tm_terminate      000000018003e210 f   sfc_debug:sfdb_call_stack.obj
 0001:0003d2d0       sf_debug_tm_push_chart_instance 000000018003e2d0 f   sfc_debug:sfdb_call_stack.obj
 0001:0003d420       sf_debug_tm_pop_chart_instance 000000018003e420 f   sfc_debug:sfdb_call_stack.obj
 0001:0003d480       sf_debug_tm_push_trace_node 000000018003e480 f   sfc_debug:sfdb_call_stack.obj
 0001:0003d610       sf_debug_tm_pop_trace_node 000000018003e610 f   sfc_debug:sfdb_call_stack.obj
 0001:0003d690       sf_debug_tm_get_current_global_trace_index 000000018003e690 f   sfc_debug:sfdb_call_stack.obj
 0001:0003d6a0       sf_debug_tm_get_current_local_trace_index 000000018003e6a0 f   sfc_debug:sfdb_call_stack.obj
 0001:0003d6d0       sf_debug_tm_set_cycle_detected_flag 000000018003e6d0 f   sfc_debug:sfdb_call_stack.obj
 0001:0003d710       sf_debug_tm_set_cycle_started_flag 000000018003e710 f   sfc_debug:sfdb_call_stack.obj
 0001:0003d750       sf_debug_tm_get_chart_number_from_stack 000000018003e750 f   sfc_debug:sfdb_call_stack.obj
 0001:0003d950       sf_debug_tm_browse_trace   000000018003e950 f   sfc_debug:sfdb_call_stack.obj
 0001:0003dc90       sf_debug_cd_initialize_instance 000000018003ec90 f   sfc_debug:sfdb_cycle_detection.obj
 0001:0003df40       sf_debug_cd_mark_processed_transition_in_instance 000000018003ef40 f   sfc_debug:sfdb_cycle_detection.obj
 0001:0003dfe0       sf_debug_cd_checksum_push  000000018003efe0 f   sfc_debug:sfdb_cycle_detection.obj
 0001:0003e2a0       sf_debug_cd_checksum_pop   000000018003f2a0 f   sfc_debug:sfdb_cycle_detection.obj
 0001:0003e310       sf_debug_cd_turn_off_cycle_detection 000000018003f310 f   sfc_debug:sfdb_cycle_detection.obj
 0001:0003e360       sf_debug_cd_terminate      000000018003f360 f   sfc_debug:sfdb_cycle_detection.obj
 0001:0003e5a0       md5_initialize_state       000000018003f5a0 f   sfc_debug:ckmd5.obj
 0001:0003f010       md5_update_state           0000000180040010 f   sfc_debug:ckmd5.obj
 0001:0003f030       md5_get_hash               0000000180040030 f   sfc_debug:ckmd5.obj
 0001:0003f060       md5_get_hash_for_a_single_string 0000000180040060 f   sfc_debug:ckmd5.obj
 0001:0003f0c4       mxGetPr                    00000001800400c4 f   libmx:libmx.dll
 0001:0003f0ca       mxCreateDoubleScalar       00000001800400ca f   libmx:libmx.dll
 0001:0003f0d0       mxCreateDoubleMatrix_730   00000001800400d0 f   libmx:libmx.dll
 0001:0003f0d6       mxSetField_730             00000001800400d6 f   libmx:libmx.dll
 0001:0003f0dc       mxCreateString             00000001800400dc f   libmx:libmx.dll
 0001:0003f0e2       mxCreateStructMatrix_730   00000001800400e2 f   libmx:libmx.dll
 0001:0003f0e8       mxDestroyArray             00000001800400e8 f   libmx:libmx.dll
 0001:0003f0ee       mxDuplicateArray           00000001800400ee f   libmx:libmx.dll
 0001:0003f0f4       mxGetString_730            00000001800400f4 f   libmx:libmx.dll
 0001:0003f0fa       mxIsChar                   00000001800400fa f   libmx:libmx.dll
 0001:0003f100       mxGetClassID               0000000180040100 f   libmx:libmx.dll
 0001:0003f106       mxIsNumeric                0000000180040106 f   libmx:libmx.dll
 0001:0003f10c       mxIsComplex                000000018004010c f   libmx:libmx.dll
 0001:0003f112       mxGetN                     0000000180040112 f   libmx:libmx.dll
 0001:0003f118       mxGetM                     0000000180040118 f   libmx:libmx.dll
 0001:0003f11e       mxCalloc                   000000018004011e f   libmx:libmx.dll
 0001:0003f124       mxGetScalar                0000000180040124 f   libmx:libmx.dll
 0001:0003f12a       mxIsLogical                000000018004012a f   libmx:libmx.dll
 0001:0003f130       mxCreateDoubleMatrix_700   0000000180040130 f   libmx:libmx.dll
 0001:0003f136       mxFree                     0000000180040136 f   libmx:libmx.dll
 0001:0003f13c       mxArrayToString            000000018004013c f   libmx:libmx.dll
 0001:0003f142       mxCreateCellMatrix_700     0000000180040142 f   libmx:libmx.dll
 0001:0003f148       mxSetCell_700              0000000180040148 f   libmx:libmx.dll
 0001:0003f14e       mxGetCell_700              000000018004014e f   libmx:libmx.dll
 0001:0003f154       mxGetClassName             0000000180040154 f   libmx:libmx.dll
 0001:0003f15a       mxSetField_700             000000018004015a f   libmx:libmx.dll
 0001:0003f160       mxAddField                 0000000180040160 f   libmx:libmx.dll
 0001:0003f166       mxGetField_700             0000000180040166 f   libmx:libmx.dll
 0001:0003f16c       mxGetNumberOfElements      000000018004016c f   libmx:libmx.dll
 0001:0003f172       mxIsStruct                 0000000180040172 f   libmx:libmx.dll
 0001:0003f178       mxIsA                      0000000180040178 f   libmx:libmx.dll
 0001:0003f17e       mxIsClass                  000000018004017e f   libmx:libmx.dll
 0001:0003f184       mxGetLogicals              0000000180040184 f   libmx:libmx.dll
 0001:0003f18a       mxIsSparse                 000000018004018a f   libmx:libmx.dll
 0001:0003f190       mxSetFieldByNumber_700     0000000180040190 f   libmx:libmx.dll
 0001:0003f196       mxGetFieldByNumber_700     0000000180040196 f   libmx:libmx.dll
 0001:0003f19c       mxGetFieldNameByNumber     000000018004019c f   libmx:libmx.dll
 0001:0003f1a2       mxGetNumberOfFields        00000001800401a2 f   libmx:libmx.dll
 0001:0003f1a8       mxCreateStructMatrix_700   00000001800401a8 f   libmx:libmx.dll
 0001:0003f1ae       mxGetFieldNumber           00000001800401ae f   libmx:libmx.dll
 0001:0003f1b4       mxIsNaN                    00000001800401b4 f   libmx:libmx.dll
 0001:0003f1ba       mxIsEmpty                  00000001800401ba f   libmx:libmx.dll
 0001:0003f1c0       mxGetData                  00000001800401c0 f   libmx:libmx.dll
 0001:0003f1c6       mxGetImagData              00000001800401c6 f   libmx:libmx.dll
 0001:0003f1cc       mxArrayClassIDName         00000001800401cc f   libmx:libmx.dll
 0001:0003f1d2       mxCreateNumericMatrix_700  00000001800401d2 f   libmx:libmx.dll
 0001:0003f1d8       mxCreateStructArray_700    00000001800401d8 f   libmx:libmx.dll
 0001:0003f1de       mxCalcSingleSubscript_700  00000001800401de f   libmx:libmx.dll
 0001:0003f1e4       mxGetDimensions_700        00000001800401e4 f   libmx:libmx.dll
 0001:0003f1ea       mxGetNumberOfDimensions_700 00000001800401ea f   libmx:libmx.dll
 0001:0003f1f0       mxCreateNumericArray_700   00000001800401f0 f   libmx:libmx.dll
 0001:0003f1f6       mxGetElementSize           00000001800401f6 f   libmx:libmx.dll
 0001:0003f1fc       mxCreateStringFromNChars_700 00000001800401fc f   libmx:libmx.dll
 0001:0003f202       mxGetString_700            0000000180040202 f   libmx:libmx.dll
 0001:0003f208       mxIsLogicalScalarTrue      0000000180040208 f   libmx:libmx.dll
 0001:0003f20e       mxCreateLogicalScalar      000000018004020e f   libmx:libmx.dll
 0001:0003f214       mexUnlock                  0000000180040214 f   libmex:libmex.dll
 0001:0003f21a       mexIsLocked                000000018004021a f   libmex:libmex.dll
 0001:0003f220       mexWarnMsgTxt              0000000180040220 f   libmex:libmex.dll
 0001:0003f226       mexCallMATLAB              0000000180040226 f   libmex:libmex.dll
 0001:0003f22c       mexErrMsgTxt               000000018004022c f   libmex:libmex.dll
 0001:0003f232       mexMakeArrayPersistent     0000000180040232 f   libmex:libmex.dll
 0001:0003f238       mexSetTrapFlag             0000000180040238 f   libmex:libmex.dll
 0001:0003f23e       mexPutVariable             000000018004023e f   libmex:libmex.dll
 0001:0003f244       mexGetVariable             0000000180040244 f   libmex:libmex.dll
 0001:0003f24a       mexLock                    000000018004024a f   libmex:libmex.dll
 0001:0003f250       mexMakeMemoryPersistent    0000000180040250 f   libmex:libmex.dll
 0001:0003f256       mexFunctionName            0000000180040256 f   libmex:libmex.dll
 0001:0003f25c       ssRegisterDataTypeFxpFSlopeFixExpBias 000000018004025c f   libfixedpoint:libfixedpoint.dll
 0001:0003f262       utVSNprintf                0000000180040262 f   libut:libut.dll
 0001:0003f268       utCPUtime                  0000000180040268 f   libut:libut.dll
 0001:0003f26e       utFree                     000000018004026e f   libut:libut.dll
 0001:0003f274       utMalloc                   0000000180040274 f   libut:libut.dll
 0001:0003f27a       emlrtCheckBuiltInCtxR2011a 000000018004027a f   libemlrt:libemlrt.dll
 0001:0003f280       emlrtCheckVsBuiltInCtxR2011a 0000000180040280 f   libemlrt:libemlrt.dll
 0001:0003f286       emlrtCheckEnumR2009a       0000000180040286 f   libemlrt:libemlrt.dll
 0001:0003f28c       emlrtCreateEnumR2010a      000000018004028c f   libemlrt:libemlrt.dll
 0001:0003f292       emlrtGetEnumElementR2009a  0000000180040292 f   libemlrt:libemlrt.dll
 0001:0003f298       emlrtCreateReference       0000000180040298 f   libemlrt:libemlrt.dll
 0001:0003f29e       emlrtImportVsFiArrayR2009b 000000018004029e f   libemlrt:libemlrt.dll
 0001:0003f2a4       emlrtNameCapturePostProcessR2012a 00000001800402a4 f   libemlrt:libemlrt.dll
 0001:0003f2aa       emlrtExtractMessageId      00000001800402aa f   libemlrt:libemlrt.dll
 0001:0003f2b0       emlrtTranslateMessageIDtoLCPstring 00000001800402b0 f   libemlrt:libemlrt.dll
 0001:0003f2b6       emlrtForLoopVectorIsValidR2011b 00000001800402b6 f   libemlrt:libemlrt.dll
 0001:0003f2bc       emlrtTranslateUTF16MessagetoLCPstring 00000001800402bc f   libemlrt:libemlrt.dll
 0001:0003f2c2       emlrtGetEnumUnderlyingArrayR2009a 00000001800402c2 f   libemlrt:libemlrt.dll
 0001:0003f2c8       emlrtIsEnumR2009a          00000001800402c8 f   libemlrt:libemlrt.dll
 0001:0003f2d0       __GSHandlerCheckCommon     00000001800402d0 f   MSVCRT:gshandler.obj
 0001:0003f334       __GSHandlerCheck           0000000180040334 f   MSVCRT:gshandler.obj
 0001:0003f352       strlen                     0000000180040352 f   MSVCRT:MSVCR100.dll
 0001:0003f370       __security_check_cookie    0000000180040370 f   MSVCRT:amdsecgs.obj
 0001:0003f390       memset                     0000000180040390 f   MSVCRT:MSVCR100.dll
 0001:0003f396       malloc                     0000000180040396 f   MSVCRT:MSVCR100.dll
 0001:0003f39c       free                       000000018004039c f   MSVCRT:MSVCR100.dll
 0001:0003f3a2       strcmp                     00000001800403a2 f   MSVCRT:MSVCR100.dll
 0001:0003f3a8       sprintf                    00000001800403a8 f   MSVCRT:MSVCR100.dll
 0001:0003f3ae       strcat                     00000001800403ae f   MSVCRT:MSVCR100.dll
 0001:0003f3b4       memcpy                     00000001800403b4 f   MSVCRT:MSVCR100.dll
 0001:0003f3bc       NtCurrentTeb               00000001800403bc f i MSVCRT:crtdll.obj
 0001:0003f428       _CRT_INIT                  0000000180040428 f   MSVCRT:crtdll.obj
 0001:0003f7c0       _DllMainCRTStartup         00000001800407c0 f   MSVCRT:crtdll.obj
 0001:0003f7fe       strncpy                    00000001800407fe f   MSVCRT:MSVCR100.dll
 0001:0003f820       _alloca_probe              0000000180040820     MSVCRT:chkstk.obj
 0001:0003f820       __chkstk                   0000000180040820 f   MSVCRT:chkstk.obj
 0001:0003f86e       longjmp                    000000018004086e f   MSVCRT:MSVCR100.dll
 0001:0003f874       strncmp                    0000000180040874 f   MSVCRT:MSVCR100.dll
 0001:0003f87a       ceil                       000000018004087a f   MSVCRT:MSVCR100.dll
 0001:0003f880       strrchr                    0000000180040880 f   MSVCRT:MSVCR100.dll
 0001:0003f886       _setjmp                    0000000180040886 f   MSVCRT:MSVCR100.dll
 0001:0003f88c       calloc                     000000018004088c f   MSVCRT:MSVCR100.dll
 0001:0003f892       realloc                    0000000180040892 f   MSVCRT:MSVCR100.dll
 0001:0003f898       ldexp                      0000000180040898 f   MSVCRT:MSVCR100.dll
 0001:0003f8a0       __report_gsfailure         00000001800408a0 f   MSVCRT:gs_report.obj
 0001:0003f9ec       __clean_type_info_names    00000001800409ec f   MSVCRT:tncleanup.obj
 0001:0003f9f8       _onexit                    00000001800409f8 f   MSVCRT:atonexit.obj
 0001:0003faa8       atexit                     0000000180040aa8 f   MSVCRT:atonexit.obj
 0001:0003fac0       _RTC_Initialize            0000000180040ac0 f   MSVCRT:_initsect_.obj
 0001:0003faf8       _RTC_Terminate             0000000180040af8 f   MSVCRT:_initsect_.obj
 0001:0003fb30       _malloc_crt                0000000180040b30 f   MSVCRT:MSVCR100.dll
 0001:0003fb40       _ValidateImageBase         0000000180040b40 f   MSVCRT:pesect.obj
 0001:0003fb70       _FindPESection             0000000180040b70 f   MSVCRT:pesect.obj
 0001:0003fbc0       _IsNonwritableInCurrentImage 0000000180040bc0 f   MSVCRT:pesect.obj
 0001:0003fc02       _initterm                  0000000180040c02 f   MSVCRT:MSVCR100.dll
 0001:0003fc08       _initterm_e                0000000180040c08 f   MSVCRT:MSVCR100.dll
 0001:0003fc0e       _encoded_null              0000000180040c0e f   MSVCRT:MSVCR100.dll
 0001:0003fc14       _amsg_exit                 0000000180040c14 f   MSVCRT:MSVCR100.dll
 0001:0003fc1a       __C_specific_handler       0000000180040c1a f   MSVCRT:MSVCR100.dll
 0001:0003fc20       __CppXcptFilter            0000000180040c20 f   MSVCRT:MSVCR100.dll
 0001:0003fc28       DllMain                    0000000180040c28 f   MSVCRT:dllmain.obj
 0001:0003fc4c       __security_init_cookie     0000000180040c4c f   MSVCRT:gs_support.obj
 0001:0003fd00       __crt_debugger_hook        0000000180040d00 f   MSVCRT:MSVCR100.dll
 0001:0003fd06       __clean_type_info_names_internal 0000000180040d06 f   MSVCRT:MSVCR100.dll
 0001:0003fd0c       _unlock                    0000000180040d0c f   MSVCRT:MSVCR100.dll
 0001:0003fd12       __dllonexit                0000000180040d12 f   MSVCRT:MSVCR100.dll
 0001:0003fd18       _lock                      0000000180040d18 f   MSVCRT:MSVCR100.dll
 0001:0003fd1e       EncodePointer              0000000180040d1e f   kernel32:KERNEL32.dll
 0001:0003fd24       DecodePointer              0000000180040d24 f   kernel32:KERNEL32.dll
 0001:0003fd2a       Sleep                      0000000180040d2a f   kernel32:KERNEL32.dll
 0001:0003fd30       TerminateProcess           0000000180040d30 f   kernel32:KERNEL32.dll
 0001:0003fd36       GetCurrentProcess          0000000180040d36 f   kernel32:KERNEL32.dll
 0001:0003fd3c       UnhandledExceptionFilter   0000000180040d3c f   kernel32:KERNEL32.dll
 0001:0003fd42       SetUnhandledExceptionFilter 0000000180040d42 f   kernel32:KERNEL32.dll
 0001:0003fd48       IsDebuggerPresent          0000000180040d48 f   kernel32:KERNEL32.dll
 0001:0003fd4e       RtlVirtualUnwind           0000000180040d4e f   kernel32:KERNEL32.dll
 0001:0003fd54       RtlLookupFunctionEntry     0000000180040d54 f   kernel32:KERNEL32.dll
 0001:0003fd5a       RtlCaptureContext          0000000180040d5a f   kernel32:KERNEL32.dll
 0001:0003fd60       DisableThreadLibraryCalls  0000000180040d60 f   kernel32:KERNEL32.dll
 0001:0003fd66       QueryPerformanceCounter    0000000180040d66 f   kernel32:KERNEL32.dll
 0001:0003fd6c       GetTickCount               0000000180040d6c f   kernel32:KERNEL32.dll
 0001:0003fd72       GetCurrentThreadId         0000000180040d72 f   kernel32:KERNEL32.dll
 0001:0003fd78       GetCurrentProcessId        0000000180040d78 f   kernel32:KERNEL32.dll
 0001:0003fd7e       GetSystemTimeAsFileTime    0000000180040d7e f   kernel32:KERNEL32.dll
 0002:00000000       __imp_GetSystemTimeAsFileTime 0000000180041000     kernel32:KERNEL32.dll
 0002:00000008       __imp_GetCurrentProcessId  0000000180041008     kernel32:KERNEL32.dll
 0002:00000010       __imp_GetCurrentThreadId   0000000180041010     kernel32:KERNEL32.dll
 0002:00000018       __imp_GetTickCount         0000000180041018     kernel32:KERNEL32.dll
 0002:00000020       __imp_QueryPerformanceCounter 0000000180041020     kernel32:KERNEL32.dll
 0002:00000028       __imp_DisableThreadLibraryCalls 0000000180041028     kernel32:KERNEL32.dll
 0002:00000030       __imp_RtlCaptureContext    0000000180041030     kernel32:KERNEL32.dll
 0002:00000038       __imp_RtlLookupFunctionEntry 0000000180041038     kernel32:KERNEL32.dll
 0002:00000040       __imp_RtlVirtualUnwind     0000000180041040     kernel32:KERNEL32.dll
 0002:00000048       __imp_IsDebuggerPresent    0000000180041048     kernel32:KERNEL32.dll
 0002:00000050       __imp_SetUnhandledExceptionFilter 0000000180041050     kernel32:KERNEL32.dll
 0002:00000058       __imp_UnhandledExceptionFilter 0000000180041058     kernel32:KERNEL32.dll
 0002:00000060       __imp_GetCurrentProcess    0000000180041060     kernel32:KERNEL32.dll
 0002:00000068       __imp_TerminateProcess     0000000180041068     kernel32:KERNEL32.dll
 0002:00000070       __imp_Sleep                0000000180041070     kernel32:KERNEL32.dll
 0002:00000078       __imp_DecodePointer        0000000180041078     kernel32:KERNEL32.dll
 0002:00000080       __imp_EncodePointer        0000000180041080     kernel32:KERNEL32.dll
 0002:00000088       \177KERNEL32_NULL_THUNK_DATA 0000000180041088     kernel32:KERNEL32.dll
 0002:00000090       __imp__onexit              0000000180041090     MSVCRT:MSVCR100.dll
 0002:00000098       __imp__lock                0000000180041098     MSVCRT:MSVCR100.dll
 0002:000000a0       __imp___dllonexit          00000001800410a0     MSVCRT:MSVCR100.dll
 0002:000000a8       __imp__unlock              00000001800410a8     MSVCRT:MSVCR100.dll
 0002:000000b0       __imp___clean_type_info_names_internal 00000001800410b0     MSVCRT:MSVCR100.dll
 0002:000000b8       __imp___crt_debugger_hook  00000001800410b8     MSVCRT:MSVCR100.dll
 0002:000000c0       __imp___CppXcptFilter      00000001800410c0     MSVCRT:MSVCR100.dll
 0002:000000c8       __imp___C_specific_handler 00000001800410c8     MSVCRT:MSVCR100.dll
 0002:000000d0       __imp__amsg_exit           00000001800410d0     MSVCRT:MSVCR100.dll
 0002:000000d8       __imp__encoded_null        00000001800410d8     MSVCRT:MSVCR100.dll
 0002:000000e0       __imp__initterm_e          00000001800410e0     MSVCRT:MSVCR100.dll
 0002:000000e8       __imp__initterm            00000001800410e8     MSVCRT:MSVCR100.dll
 0002:000000f0       __imp__malloc_crt          00000001800410f0     MSVCRT:MSVCR100.dll
 0002:000000f8       __imp_ldexp                00000001800410f8     MSVCRT:MSVCR100.dll
 0002:00000100       __imp_realloc              0000000180041100     MSVCRT:MSVCR100.dll
 0002:00000108       __imp_calloc               0000000180041108     MSVCRT:MSVCR100.dll
 0002:00000110       __imp__setjmp              0000000180041110     MSVCRT:MSVCR100.dll
 0002:00000118       __imp_strrchr              0000000180041118     MSVCRT:MSVCR100.dll
 0002:00000120       __imp_ceil                 0000000180041120     MSVCRT:MSVCR100.dll
 0002:00000128       __imp_strncmp              0000000180041128     MSVCRT:MSVCR100.dll
 0002:00000130       __imp_longjmp              0000000180041130     MSVCRT:MSVCR100.dll
 0002:00000138       __imp_strncpy              0000000180041138     MSVCRT:MSVCR100.dll
 0002:00000140       __imp_memcpy               0000000180041140     MSVCRT:MSVCR100.dll
 0002:00000148       __imp_strcat               0000000180041148     MSVCRT:MSVCR100.dll
 0002:00000150       __imp_sprintf              0000000180041150     MSVCRT:MSVCR100.dll
 0002:00000158       __imp_strcmp               0000000180041158     MSVCRT:MSVCR100.dll
 0002:00000160       __imp_free                 0000000180041160     MSVCRT:MSVCR100.dll
 0002:00000168       __imp_malloc               0000000180041168     MSVCRT:MSVCR100.dll
 0002:00000170       __imp_memset               0000000180041170     MSVCRT:MSVCR100.dll
 0002:00000178       __imp_strlen               0000000180041178     MSVCRT:MSVCR100.dll
 0002:00000180       \177MSVCR100_NULL_THUNK_DATA 0000000180041180     MSVCRT:MSVCR100.dll
 0002:00000188       __imp_emlrtIsEnumR2009a    0000000180041188     libemlrt:libemlrt.dll
 0002:00000190       __imp_emlrtGetEnumUnderlyingArrayR2009a 0000000180041190     libemlrt:libemlrt.dll
 0002:00000198       __imp_emlrtTranslateUTF16MessagetoLCPstring 0000000180041198     libemlrt:libemlrt.dll
 0002:000001a0       __imp_emlrtForLoopVectorIsValidR2011b 00000001800411a0     libemlrt:libemlrt.dll
 0002:000001a8       __imp_emlrtTranslateMessageIDtoLCPstring 00000001800411a8     libemlrt:libemlrt.dll
 0002:000001b0       __imp_emlrtExtractMessageId 00000001800411b0     libemlrt:libemlrt.dll
 0002:000001b8       __imp_emlrtNameCapturePostProcessR2012a 00000001800411b8     libemlrt:libemlrt.dll
 0002:000001c0       __imp_emlrtImportVsFiArrayR2009b 00000001800411c0     libemlrt:libemlrt.dll
 0002:000001c8       __imp_emlrtCreateReference 00000001800411c8     libemlrt:libemlrt.dll
 0002:000001d0       __imp_emlrtGetEnumElementR2009a 00000001800411d0     libemlrt:libemlrt.dll
 0002:000001d8       __imp_emlrtCreateEnumR2010a 00000001800411d8     libemlrt:libemlrt.dll
 0002:000001e0       __imp_emlrtCheckEnumR2009a 00000001800411e0     libemlrt:libemlrt.dll
 0002:000001e8       __imp_emlrtCheckVsBuiltInCtxR2011a 00000001800411e8     libemlrt:libemlrt.dll
 0002:000001f0       __imp_emlrtCheckBuiltInCtxR2011a 00000001800411f0     libemlrt:libemlrt.dll
 0002:000001f8       \177libemlrt_NULL_THUNK_DATA 00000001800411f8     libemlrt:libemlrt.dll
 0002:00000200       __imp_ssRegisterDataTypeFxpFSlopeFixExpBias 0000000180041200     libfixedpoint:libfixedpoint.dll
 0002:00000208       \177libfixedpoint_NULL_THUNK_DATA 0000000180041208     libfixedpoint:libfixedpoint.dll
 0002:00000210       __imp_mexLock              0000000180041210     libmex:libmex.dll
 0002:00000218       __imp_mexMakeMemoryPersistent 0000000180041218     libmex:libmex.dll
 0002:00000220       __imp_mexFunctionName      0000000180041220     libmex:libmex.dll
 0002:00000228       __imp_mexGetVariable       0000000180041228     libmex:libmex.dll
 0002:00000230       __imp_mexPutVariable       0000000180041230     libmex:libmex.dll
 0002:00000238       __imp_mexIsLocked          0000000180041238     libmex:libmex.dll
 0002:00000240       __imp_mexWarnMsgTxt        0000000180041240     libmex:libmex.dll
 0002:00000248       __imp_mexCallMATLAB        0000000180041248     libmex:libmex.dll
 0002:00000250       __imp_mexUnlock            0000000180041250     libmex:libmex.dll
 0002:00000258       __imp_mexErrMsgTxt         0000000180041258     libmex:libmex.dll
 0002:00000260       __imp_mexSetTrapFlag       0000000180041260     libmex:libmex.dll
 0002:00000268       __imp_mexMakeArrayPersistent 0000000180041268     libmex:libmex.dll
 0002:00000270       \177libmex_NULL_THUNK_DATA 0000000180041270     libmex:libmex.dll
 0002:00000278       __imp_mxSetField_730       0000000180041278     libmx:libmx.dll
 0002:00000280       __imp_mxCreateDoubleMatrix_730 0000000180041280     libmx:libmx.dll
 0002:00000288       __imp_mxCreateDoubleScalar 0000000180041288     libmx:libmx.dll
 0002:00000290       __imp_mxCreateString       0000000180041290     libmx:libmx.dll
 0002:00000298       __imp_mxCreateStructMatrix_730 0000000180041298     libmx:libmx.dll
 0002:000002a0       __imp_mxCreateLogicalScalar 00000001800412a0     libmx:libmx.dll
 0002:000002a8       __imp_mxIsLogicalScalarTrue 00000001800412a8     libmx:libmx.dll
 0002:000002b0       __imp_mxGetString_700      00000001800412b0     libmx:libmx.dll
 0002:000002b8       __imp_mxCreateStringFromNChars_700 00000001800412b8     libmx:libmx.dll
 0002:000002c0       __imp_mxGetElementSize     00000001800412c0     libmx:libmx.dll
 0002:000002c8       __imp_mxCreateNumericArray_700 00000001800412c8     libmx:libmx.dll
[...]
 0001:00017440       sf_numeric_value_to_double 0000000180018440 f   sfc_mex:sfc_mex.obj
 0001:00017490       ml_generic_out_of_bounds_check 0000000180018490 f   sfc_mex:sfc_mex.obj
 0001:00017660       ml_get_element_value_from_array 0000000180018660 f   sfc_mex:sfc_mex.obj
 0001:00017a00       _ml_generic_castability_check 0000000180018a00 f   sfc_mex:sfc_mex.obj
 0001:00018760       ml_generic_castability_check 0000000180019760 f   sfc_mex:sfc_mex.obj
 0001:00018800       ml_check_mx_array_for_single_castability 0000000180019800 f   sfc_mex:sfc_mex.obj
 0001:000188a0       ml_check_mx_array_for_logical_castability 00000001800198a0 f   sfc_mex:sfc_mex.obj
 0001:00018940       ml_check_mx_array_for_int8_castability 0000000180019940 f   sfc_mex:sfc_mex.obj
 0001:000189f0       ml_check_mx_array_for_uint8_castability 00000001800199f0 f   sfc_mex:sfc_mex.obj
 0001:00018a50       ml_check_mx_array_for_int16_castability 0000000180019a50 f   sfc_mex:sfc_mex.obj
 0001:00018ab0       ml_check_mx_array_for_uint16_castability 0000000180019ab0 f   sfc_mex:sfc_mex.obj
 0001:00018b10       ml_check_mx_array_for_int32_castability 0000000180019b10 f   sfc_mex:sfc_mex.obj
 0001:00018b70       ml_check_mx_array_for_uint32_castability 0000000180019b70 f   sfc_mex:sfc_mex.obj
 0001:00018bd0       ml_check_mx_array_for_castability 0000000180019bd0 f   sfc_mex:sfc_mex.obj
 0001:00019500       set_data_value             000000018001a500 f   sfc_mex:sfc_mex.obj
 0001:00019870       get_data_value             000000018001a870 f   sfc_mex:sfc_mex.obj
 0001:00019980       get_next_element_address   000000018001a980 f   sfc_mex:sfc_mex.obj
 0001:00019a50       sf_normalize_index         000000018001aa50 f   sfc_mex:sfc_mex.obj
 0001:00019de0       ml_array_index_bound_check 000000018001ade0 f   sfc_mex:sfc_mex.obj
 0001:0001a900       mx_value                   000000018001b900 f   sfc_mex:sfc_mex.obj
 0001:0001a950       sf_create_numeric_array    000000018001b950 f   sfc_mex:sfc_mex.obj
 0001:0001a9f0       sf_mex_assign_to_mx_array  000000018001b9f0 f   sfc_mex:sfc_mex.obj
 0001:0001ad40       assign_from_mx_array       000000018001bd40 f   sfc_mex:sfc_mex.obj
 0001:0001b570       sf_mex_import_v            000000018001c570 f   sfc_mex:sfc_mex.obj
 0001:0001bc70       get_machine_and_chart_file_number 000000018001cc70 f   sfc_mex:sfc_sf.obj
 0001:0001bd60       get_sfun_block_specialization 000000018001cd60 f   sfc_mex:sfc_sf.obj
 0001:0001be10       call_sf_machine_global_method_dispatcher 000000018001ce10 f   sfc_mex:sfc_sf.obj
 0001:0001c060       mdl_zeroCrossings_processing 000000018001d060 f   sfc_mex:sfc_sf.obj
 0001:0001c130       mdl_derivatives_processing 000000018001d130 f   sfc_mex:sfc_sf.obj
 0001:0001c3f0       mdl_outputs_continuous_legacy 000000018001d3f0 f   sfc_mex:sfc_sf.obj
 0001:0001c470       mdl_outputs_processing     000000018001d470 f   sfc_mex:sfc_sf.obj
 0001:0001c6a0       mdl_enable_processing      000000018001d6a0 f   sfc_mex:sfc_sf.obj
 0001:0001c770       mdl_disable_processing     000000018001d770 f   sfc_mex:sfc_sf.obj
 0001:0001d4e0       sf_call_output_fcn_enable_disable 000000018001e4e0 f   sfc_mex:sfc_sf.obj
 0001:0001d760       set_dwork_information_from_mx_array 000000018001e760 f   sfc_mex:sfc_sf.obj
 0001:0001e020       ptr2mxStruct               000000018001f020 f   sfc_mex:sfc_sf.obj
 0001:0001e330       SNPRINTF_WRAPPER           000000018001f330 f   sfc_debug:sfcdebug.obj
 0001:0001e350       sf_debug_chart_instance_initialized_quick 000000018001f350 f   sfc_debug:sfcdebug.obj
 0001:0001e360       sf_debug_chart_instance_initialized 000000018001f360 f   sfc_debug:sfcdebug.obj
 0001:0001e500       sfrtAddSize                000000018001f500 f   sfc_debug:sfcdebug.obj
 0001:0001e5c0       sfrtGenSizeString          000000018001f5c0 f   sfc_debug:sfcdebug.obj
 0001:0001ecd0       fill_single_message_info   000000018001fcd0 f   sfc_debug:sfcdebug.obj
 0001:0001ee90       sf_debug_sim_status_listener 000000018001fe90 f   sfc_debug:sfcdebug.obj
 0001:0001f400       sf_debug_form_mask_bits    0000000180020400 f   sfc_debug:sfcdebug.obj
 0001:0001f440       sf_debug_form_sf_data_type_offsets 0000000180020440 f   sfc_debug:sfcdebug.obj
 0001:0001f500       sf_debug_free_all          0000000180020500 f   sfc_debug:sfcdebug.obj
 0001:0001f6b0       sf_debug_append_debugger_context 00000001800206b0 f   sfc_debug:sfcdebug.obj
 0001:0001f970       local_strdup               0000000180020970 f   sfc_debug:sfcdebug.obj
 0001:00020850       sf_debug_em_terminate      0000000180021850 f   sfc_debug:sfcdebug.obj
 0001:00020890       sf_debug_push_eml_function 0000000180021890 f   sfc_debug:sfcdebug.obj
 0001:00020930       sf_debug_pop_eml_function  0000000180021930 f   sfc_debug:sfcdebug.obj
 0001:00021630       sf_debug_get_machine_number_from_id_or_name 0000000180022630 f   sfc_debug:sfcdebug.obj
 0001:00021780       sf_debug_get_chart_number_from_id 0000000180022780 f   sfc_debug:sfcdebug.obj
 0001:000223f0       sf_debug_transfer_control_to_debugger_GUI 00000001800233f0 f   sfc_debug:sfcdebug.obj
 0001:00023380       sf_debug_scripts_rehash    0000000180024380 f   sfc_debug:sfcdebug.obj
 0001:000235c0       sf_debug_get_script_line_count 00000001800245c0 f   sfc_debug:sfcdebug.obj
 0001:00023ef0       cv_eml_state_cvId          0000000180024ef0 f   sfc_debug:sfcdebug.obj
 0001:00023f60       cv_eml_trans_cvId          0000000180024f60 f   sfc_debug:sfcdebug.obj
 0001:00025220       sf_debug_data_array_bounds_error 0000000180026220 f   sfc_debug:sfcdebug.obj
 0001:00025650       eml_debug_runtime_error_doclink 0000000180026650 f   sfc_debug:sfcdebug.obj
 0001:000257d0       sf_debug_runtime_error     00000001800267d0 f   sfc_debug:sfcdebug.obj
 0001:00025840       sf_debug_matlab_error      0000000180026840 f   sfc_debug:sfcdebug.obj
 0001:00026170       sf_debug_data_value_error  0000000180027170 f   sfc_debug:sfcdebug.obj
 0001:00026a70       sf_debug_data_loss_error   0000000180027a70 f   sfc_debug:sfcdebug.obj
 0001:00027990       call_cv_range_check        0000000180028990 f   sfc_debug:sfcdebug.obj
 0001:00028160       sf_debug_invoke_cycle_detection_code 0000000180029160 f   sfc_debug:sfcdebug.obj
 0001:00029240       sf_reset_debug_info_struct 000000018002a240 f   sfc_debug:sfcdebug.obj
 0001:00029b30       cv_script_cvId             000000018002ab30 f   sfc_debug:sfcdebug.obj
 0001:0002a880       sfc_api_chart_visible      000000018002b880 f   sfc_debug:sfc_api.obj
 0001:0002a900       sfc_api_active_instance    000000018002b900 f   sfc_debug:sfc_api.obj
 0001:0002a980       sfc_api_machine_load       000000018002b980 f   sfc_debug:sfc_api.obj
 0001:0002aa50       sfc_api_debugger_alive     000000018002ba50 f   sfc_debug:sfc_api.obj
 0001:0002aa60       sfc_api_go                 000000018002ba60 f   sfc_debug:sfc_api.obj
 0001:0002aa70       sfc_api_step_over          000000018002ba70 f   sfc_debug:sfc_api.obj
 0001:0002aa80       sfc_api_step_out           000000018002ba80 f   sfc_debug:sfc_api.obj
 0001:0002aa90       sfc_api_resume             000000018002ba90 f   sfc_debug:sfc_api.obj
 0001:0002aaa0       sfc_api_break              000000018002baa0 f   sfc_debug:sfc_api.obj
 0001:0002aab0       sfc_api_stop_debugging     000000018002bab0 f   sfc_debug:sfc_api.obj
 0001:0002ab00       sfc_api_is_cycle_detected  000000018002bb00 f   sfc_debug:sfc_api.obj
 0001:0002ab50       sfc_api_is_array_bounds_detected 000000018002bb50 f   sfc_debug:sfc_api.obj
 0001:0002aba0       sfc_api_set_disable_all_breakpoints 000000018002bba0 f   sfc_debug:sfc_api.obj
 0001:0002ac10       sfc_api_disable_all_breakpoints_and_go 000000018002bc10 f   sfc_debug:sfc_api.obj
 0001:0002ac20       sfc_api_close              000000018002bc20 f   sfc_debug:sfc_api.obj
 0001:0002ac30       sfc_api_browse_data        000000018002bc30 f   sfc_debug:sfc_api.obj
 0001:0002aca0       sfc_api_watch_data         000000018002bca0 f   sfc_debug:sfc_api.obj
 0001:0002ad40       sfc_api_extract_message_post_receive_info 000000018002bd40 f   sfc_debug:sfc_api.obj
 0001:0002ad60       sfc_api_assign_data        000000018002bd60 f   sfc_debug:sfc_api.obj
 0001:0002ae00       sfc_api_whos               000000018002be00 f   sfc_debug:sfc_api.obj
 0001:0002ae90       sfc_api_get_consistency_info 000000018002be90 f   sfc_debug:sfc_api.obj
 0001:0002aea0       sfc_api_browse_trace       000000018002bea0 f   sfc_debug:sfc_api.obj
 0001:0002aeb0       sfc_api_break_on_chart_entry 000000018002beb0 f   sfc_debug:sfc_api.obj
 0001:0002aed0       sfc_api_break_on_event_broadcast 000000018002bed0 f   sfc_debug:sfc_api.obj
 0001:0002aef0       sfc_api_break_on_state_entry 000000018002bef0 f   sfc_debug:sfc_api.obj
 0001:0002af10       sfc_api_set_watch          000000018002bf10 f   sfc_debug:sfc_api.obj
 0001:0002afb0       sfc_api_set_breakpoints    000000018002bfb0 f   sfc_debug:sfc_api.obj
 0001:0002b050       sfc_api_set_eml_breakpoints 000000018002c050 f   sfc_debug:sfc_api.obj
 0001:0002b0d0       sfc_api_set_script_breakpoints 000000018002c0d0 f   sfc_debug:sfc_api.obj
 0001:0002b120       sfc_api_add_script_breakpoints 000000018002c120 f   sfc_debug:sfc_api.obj
 0001:0002b170       sfc_api_clear_script_breakpoints 000000018002c170 f   sfc_debug:sfc_api.obj
 0001:0002b1c0       sfc_api_query_script_breakpoints 000000018002c1c0 f   sfc_debug:sfc_api.obj
 0001:0002b220       sfc_api_get_script_id      000000018002c220 f   sfc_debug:sfc_api.obj
 0001:0002b2e0       sfc_api_get_active_states  000000018002c2e0 f   sfc_debug:sfc_api.obj
 0001:0002b360       sfc_api_break_between_times 000000018002c360 f   sfc_debug:sfc_api.obj
 0001:0002b3c0       sfc_api_get_instance_handle 000000018002c3c0 f   sfc_debug:sfc_api.obj
 0001:0002b470       sfc_api_set_animation      000000018002c470 f   sfc_debug:sfc_api.obj
 0001:0002b4c0       sfc_api_select_chart       000000018002c4c0 f   sfc_debug:sfc_api.obj
 0001:0002b520       sfc_api_select_charts      000000018002c520 f   sfc_debug:sfc_api.obj
 0001:0002b550       sfc_api_cycle_detection_check 000000018002c550 f   sfc_debug:sfc_api.obj
 0001:0002b5a0       sfc_api_data_range_check   000000018002c5a0 f   sfc_debug:sfc_api.obj
 0001:0002b5f0       sfc_api_transition_conflict_check 000000018002c5f0 f   sfc_debug:sfc_api.obj
 0001:0002b640       sfc_api_state_consistency_check 000000018002c640 f   sfc_debug:sfc_api.obj
 0001:0002b690       sfc_api_set_instance_cv_ids 000000018002c690 f   sfc_debug:sfc_api.obj
 0001:0002b7a0       sfc_api_set_script_cv_ids  000000018002c7a0 f   sfc_debug:sfc_api.obj
 0001:0002b850       sfc_api_get_current_machine_id 000000018002c850 f   sfc_debug:sfc_api.obj
 0001:0002b880       sfc_api_get_current_machine_number 000000018002c880 f   sfc_debug:sfc_api.obj
 0001:0002b8b0       sfc_api_get_current_chart_number 000000018002c8b0 f   sfc_debug:sfc_api.obj
 0001:0002b8e0       sfc_api_get_current_instance_number 000000018002c8e0 f   sfc_debug:sfc_api.obj
 0001:0002b910       sfc_api_get_current_instance_handle 000000018002c910 f   sfc_debug:sfc_api.obj
 0001:0002b930       sfc_api_get_current_is_minor_time_step 000000018002c930 f   sfc_debug:sfc_api.obj
 0001:0002b960       sfc_api_get_current_machine_name 000000018002c960 f   sfc_debug:sfc_api.obj
 0001:0002b980       sfc_api_get_current_chart_id 000000018002c980 f   sfc_debug:sfc_api.obj
 0001:0002b9b0       sfc_api_get_current_object_type 000000018002c9b0 f   sfc_debug:sfc_api.obj
 0001:0002b9e0       sfc_api_get_current_event_type 000000018002c9e0 f   sfc_debug:sfc_api.obj
 0001:0002ba10       sfc_api_get_current_object_id 000000018002ca10 f   sfc_debug:sfc_api.obj
 0001:0002ba40       sfc_get_current_active_event_type 000000018002ca40 f   sfc_debug:sfc_api.obj
 0001:0002ba70       sfc_api_get_current_active_event_id 000000018002ca70 f   sfc_debug:sfc_api.obj
 0001:0002baa0       sfc_api_get_current_simulation_time 000000018002caa0 f   sfc_debug:sfc_api.obj
 0001:0002bac0       sfc_get_current_tag_type   000000018002cac0 f   sfc_debug:sfc_api.obj
 0001:0002baf0       sfc_get_current_coverage_percentage 000000018002caf0 f   sfc_debug:sfc_api.obj
 0001:0002bb10       sfc_get_current_statement_context 000000018002cb10 f   sfc_debug:sfc_api.obj
 0001:0002bb30       sfc_get_current_optional_integer 000000018002cb30 f   sfc_debug:sfc_api.obj
 0001:0002bb60       sfc_get_current_statement_info 000000018002cb60 f   sfc_debug:sfc_api.obj
 0001:0002bc00       sfc_api_get                000000018002cc00 f   sfc_debug:sfc_api.obj
 0001:0002bd60       sf_debug_sm_is_using_unified_editors 000000018002cd60 f   sfc_debug:sfdb_animation.obj
 0001:0002be00       sf_debug_sm_is_chart_visible_in_unified_editors 000000018002ce00 f   sfc_debug:sfdb_animation.obj
 0001:0002bec0       sf_debug_sm_check_if_chart_is_visible 000000018002cec0 f   sfc_debug:sfdb_animation.obj
 0001:0002c9c0       sf_debug_sm_fill_state_activity_data 000000018002d9c0 f   sfc_debug:sfdb_animation.obj
 0001:0002f1f0       void_ptr_stack_vector_free_total 00000001800301f0 f   sfc_debug:sfdb_data_browse.obj
 0001:0002f280       sf_debug_st_terminate_machine 0000000180030280 f   sfc_debug:sfdb_data_browse.obj
 0001:0002f2c0       sf_debug_st_terminate_instance 00000001800302c0 f   sfc_debug:sfdb_data_browse.obj
 0001:0002f670       push_on_to_void_ptr_stack  0000000180030670 f   sfc_debug:sfdb_data_browse.obj
 0001:0002f800       pop_from_void_ptr_stack    0000000180030800 f   sfc_debug:sfdb_data_browse.obj
 0001:0002f930       sf_debug_st_get_data_value 0000000180030930 f   sfc_debug:sfdb_data_browse.obj
 0001:0002fec0       mx_value                   0000000180030ec0 f   sfc_debug:sfdb_data_browse.obj
 0001:0002ff00       sf_debug_st_fill_data_struct 0000000180030f00 f   sfc_debug:sfdb_data_browse.obj
 0001:00030240       data_type_format_strings   0000000180031240 f   sfc_debug:sfdb_data_browse.obj
 0001:000302f0       sf_debug_st_fill_data      00000001800312f0 f   sfc_debug:sfdb_data_browse.obj
 0001:00031040       sf_debug_hm_get_simulink_handle 0000000180032040 f   sfc_debug:sfdb_handle_management.obj
 0001:00031b90       sf_debug_hm_initialize_globals 0000000180032b90 f   sfc_debug:sfdb_handle_management.obj
 0001:00031c90       sf_debug_hm_get_machine_debug_flag 0000000180032c90 f   sfc_debug:sfdb_handle_management.obj
 0001:00031e00       sf_debug_hm_get_machine_id 0000000180032e00 f   sfc_debug:sfdb_handle_management.obj
 0001:00031f20       sf_debug_hm_get_chart_id   0000000180032f20 f   sfc_debug:sfdb_handle_management.obj
 0001:000320c0       sf_debug_hm_register_executing_SFunction 00000001800330c0 f   sfc_debug:sfdb_handle_management.obj
 0001:00032260       sf_debug_hm_get_chart_active_instance 0000000180033260 f   sfc_debug:sfdb_handle_management.obj
 0001:000323d0       sf_debug_hm_get_chart_visibility 00000001800333d0 f   sfc_debug:sfdb_handle_management.obj
 0001:00032520       sf_debug_hm_form_object_boolean_properties 0000000180033520 f   sfc_debug:sfdb_handle_management.obj
 0001:000327f0       sf_debug_hm_form_object_properties 00000001800337f0 f   sfc_debug:sfdb_handle_management.obj
 0001:00032a30       sf_debug_hm_terminate_charts 0000000180033a30 f   sfc_debug:sfdb_handle_management.obj
 0001:000331a0       sf_debug_hm_terminate_machines 00000001800341a0 f   sfc_debug:sfdb_handle_management.obj
 0001:00034df0       sf_debug_ss_copy_dimension 0000000180035df0 f   sfc_debug:sfdb_symbol_scope.obj
 0001:00034eb0       sf_debug_ss_get_number_elements 0000000180035eb0 f   sfc_debug:sfdb_symbol_scope.obj
 0001:00034ed0       sf_debug_ss_fill_data_struct 0000000180035ed0 f   sfc_debug:sfdb_symbol_scope.obj
 0001:00035220       sf_debug_ss_reset_data_info 0000000180036220 f   sfc_debug:sfdb_symbol_scope.obj
 0001:00035280       sf_debug_fill_data_info_by_symbol_scope_entry 0000000180036280 f   sfc_debug:sfdb_symbol_scope.obj
 0001:00035340       sf_debug_fill_data_info_by_data_vector 0000000180036340 f   sfc_debug:sfdb_symbol_scope.obj
 0001:00035590       sf_debug_ss_get_data_info  0000000180036590 f   sfc_debug:sfdb_symbol_scope.obj
 0001:00035880       sf_debug_select_mex_function 0000000180036880 f   sfc_debug:sfdb_symbol_scope.obj
 0001:000358b0       sf_debug_is_dyn_matrix_initialized 00000001800368b0 f   sfc_debug:sfdb_symbol_scope.obj
 0001:000358d0       sf_debug_ss_set_data_value_try 00000001800368d0 f   sfc_debug:sfdb_symbol_scope.obj
 0001:00035aa0       sf_debug_ss_get_data_value 0000000180036aa0 f   sfc_debug:sfdb_symbol_scope.obj
 0001:00035ff0       sf_debug_ss_data_bytes_string 0000000180036ff0 f   sfc_debug:sfdb_symbol_scope.obj
 0001:000360a0       sf_debug_ss_data_class_string 00000001800370a0 f   sfc_debug:sfdb_symbol_scope.obj
 0001:00036430       sf_debug_ss_data_size_string 0000000180037430 f   sfc_debug:sfdb_symbol_scope.obj
 0001:00036510       sf_debug_ss_data_create_data_info_struct 0000000180037510 f   sfc_debug:sfdb_symbol_scope.obj
 0001:000367e0       sf_debug_ss_data_create_name_value_pair 00000001800377e0 f   sfc_debug:sfdb_symbol_scope.obj
 0001:00036880       sf_debug_ss_data_get_whos_info 0000000180037880 f   sfc_debug:sfdb_symbol_scope.obj
 0001:00036890       same_named_data_in_data_array 0000000180037890 f   sfc_debug:sfdb_symbol_scope.obj
 0001:00038100       sf_debug_cc_terminate_chart 0000000180039100 f   sfc_debug:sfdb_coverage.obj
 0001:000384a0       sf_debug_cc_terminate_instance 00000001800394a0 f   sfc_debug:sfdb_coverage.obj
 0001:00039090       sf_debug_cc_mark_object_if_needed 000000018003a090 f   sfc_debug:sfdb_coverage.obj
 0001:00039990       sf_debug_bm_initialize_eml 000000018003a990 f   sfc_debug:sfdb_breakpoints.obj
 0001:0003ab00       sf_debug_bm_map_debug_tag_to_breakpoint_tag 000000018003bb00 f   sfc_debug:sfdb_breakpoints.obj
 0001:0003abe0       sf_debug_bm_is_a_eml_breakpoint_impl 000000018003bbe0 f   sfc_debug:sfdb_breakpoints.obj
 0001:0003c660       sf_debug_sc_push_on_error_stack 000000018003d660 f   sfc_debug:sfdb_state_consistency.obj
 0001:0003c790       sf_debug_sc_reset_error_stack 000000018003d790 f   sfc_debug:sfdb_state_consistency.obj
 0001:0003c920       sf_debug_sc_is_state_inconsistent 000000018003d920 f   sfc_debug:sfdb_state_consistency.obj
 0001:0003cc20       sf_debug_sc_fill_consistency_info 000000018003dc20 f   sfc_debug:sfdb_state_consistency.obj
 0001:0003d200       void_assertion_fcn         000000018003e200 f   sfc_debug:sfdb_call_stack.obj
 0001:0003d780       sf_debug_tm_fill_local_trace 000000018003e780 f   sfc_debug:sfdb_call_stack.obj
 0001:0003dd50       sf_debug_cd_terminate_instance 000000018003ed50 f   sfc_debug:sfdb_cycle_detection.obj
 0001:0003ddb0       sf_debug_cd_free_checksum_stack 000000018003edb0 f   sfc_debug:sfdb_cycle_detection.obj
 0001:0003de00       sf_debug_cd_reset_pack_strings 000000018003ee00 f   sfc_debug:sfdb_cycle_detection.obj
 0001:0003e4c0       md5file_clear              000000018003f4c0 f   sfc_debug:ckmd5.obj
 0001:0003e4f0       Encode                     000000018003f4f0 f   sfc_debug:ckmd5.obj
 0001:0003e540       Decode                     000000018003f540 f   sfc_debug:ckmd5.obj
 0001:0003e5e0       MD5Transform               000000018003f5e0 f   sfc_debug:ckmd5.obj
 0001:0003ee30       md5file_addn               000000018003fe30 f   sfc_debug:ckmd5.obj
 0001:0003ef00       md5file_hash               000000018003ff00 f   sfc_debug:ckmd5.obj
 0001:0003f3c8       pre_c_init                 00000001800403c8 f   MSVCRT:crtdll.obj
 0001:0003f684       __DllMainCRTStartup        0000000180040684 f   MSVCRT:crtdll.obj
 0001:0003fd90       __DllMainCRTStartup$filt$0 0000000180040d90 f   MSVCRT:crtdll.obj
 0001:0003fdc0       __DllMainCRTStartup$fin$1  0000000180040dc0 f   MSVCRT:crtdll.obj
 0001:0003fdda       _onexit$fin$0              0000000180040dda f   MSVCRT:atonexit.obj
 0001:0003fe00       _IsNonwritableInCurrentImage$filt$0 0000000180040e00 f   MSVCRT:pesect.obj
